[2026-09-11 15:16:53] Starting PHP scraper for tag: femboy
[2026-09-11 15:16:53] Loaded 2070 existing Realbooru post IDs.
[2026-09-11 15:16:53] Fetching page list (pid=0)...
[2026-09-11 15:16:54] Processing Realbooru #1006949...
[2026-09-11 15:16:54]   Skipped: Post #1006949 already in DB (Post #10856).
[2026-09-11 15:16:54] Processing Realbooru #1006939...
[2026-09-11 15:16:54]   Skipped: Post #1006939 already in DB (Post #10859).
[2026-09-11 15:16:54] Processing Realbooru #1006938...
[2026-09-11 15:16:54]   Skipped: Post #1006938 already in DB (Post #10860).
[2026-09-11 15:16:54] Processing Realbooru #1006937...
[2026-09-11 15:16:54]   Skipped: Post #1006937 already in DB (Post #10861).
[2026-09-11 15:16:54] Processing Realbooru #1006910...
[2026-09-11 15:16:54]   Skipped: Post #1006910 already in DB (Post #10784).
[2026-09-11 15:16:54] Processing Realbooru #1006908...
[2026-09-11 15:16:54]   Skipped: Post #1006908 already in DB (Post #10783).
[2026-09-11 15:16:54] Processing Realbooru #1006907...
[2026-09-11 15:16:54]   Skipped: Post #1006907 already in DB (Post #10782).
[2026-09-11 15:16:54] Processing Realbooru #1006903...
[2026-09-11 15:16:54]   Skipped: Post #1006903 already in DB (Post #10781).
[2026-09-11 15:16:54] Processing Realbooru #1006850...
[2026-09-11 15:16:54]   Skipped: Post #1006850 already in DB (Post #10858).
[2026-09-11 15:16:54] Processing Realbooru #1006758...
[2026-09-11 15:16:54]   Skipped: Post #1006758 already in DB (Post #8795).
[2026-09-11 15:16:54] Processing Realbooru #1006756...
[2026-09-11 15:16:54]   Skipped: Post #1006756 already in DB (Post #8796).
[2026-09-11 15:16:54] Processing Realbooru #1006715...
[2026-09-11 15:16:54]   Skipped: Post #1006715 already in DB (Post #8797).
[2026-09-11 15:16:54] Processing Realbooru #1006674...
[2026-09-11 15:16:54]   Skipped: Post #1006674 already in DB (Post #8798).
[2026-09-11 15:16:54] Processing Realbooru #1006641...
[2026-09-11 15:16:54]   Skipped: Post #1006641 already in DB (Post #8799).
[2026-09-11 15:16:54] Processing Realbooru #1006596...
[2026-09-11 15:16:54]   Skipped: Post #1006596 already in DB (Post #8800).
[2026-09-11 15:16:54] Processing Realbooru #1006573...
[2026-09-11 15:16:54]   Skipped: Post #1006573 already in DB (Post #8801).
[2026-09-11 15:16:54] Processing Realbooru #1006542...
[2026-09-11 15:16:54]   Skipped: Post #1006542 already in DB (Post #8802).
[2026-09-11 15:16:54] Processing Realbooru #1006535...
[2026-09-11 15:16:54]   Skipped: Post #1006535 already in DB (Post #8803).
[2026-09-11 15:16:54] Processing Realbooru #1006490...
[2026-09-11 15:16:54]   Skipped: Post #1006490 already in DB (Post #8804).
[2026-09-11 15:16:54] Processing Realbooru #1006486...
[2026-09-11 15:16:54]   Skipped: Post #1006486 already in DB (Post #8805).
[2026-09-11 15:16:54] Processing Realbooru #1006484...
[2026-09-11 15:20:04]   Error: File too large (max 100 MB).
[2026-09-11 15:20:04] Processing Realbooru #1006483...
[2026-09-11 15:20:04]   Skipped: Post #1006483 already in DB (Post #8806).
[2026-09-11 15:20:04] Processing Realbooru #1006477...
[2026-09-11 15:20:04]   Skipped: Post #1006477 already in DB (Post #8807).
[2026-09-11 15:20:04] Processing Realbooru #1006390...
[2026-09-11 15:20:04]   Skipped: Post #1006390 already in DB (Post #8808).
[2026-09-11 15:20:04] Processing Realbooru #1006379...
[2026-09-11 15:20:04]   Skipped: Post #1006379 already in DB (Post #8809).
[2026-09-11 15:20:04] Processing Realbooru #1005959...
[2026-09-11 15:20:04]   Skipped: Post #1005959 already in DB (Post #8810).
[2026-09-11 15:20:04] Processing Realbooru #1005957...
[2026-09-11 15:20:04]   Skipped: Post #1005957 already in DB (Post #8811).
[2026-09-11 15:20:04] Processing Realbooru #1005956...
[2026-09-11 15:20:04]   Skipped: Post #1005956 already in DB (Post #8812).
[2026-09-11 15:20:04] Processing Realbooru #1005955...
[2026-09-11 15:20:04]   Skipped: Post #1005955 already in DB (Post #8813).
[2026-09-11 15:20:04] Processing Realbooru #1005879...
[2026-09-11 15:20:04]   Skipped: Post #1005879 already in DB (Post #8814).
[2026-09-11 15:20:04] Processing Realbooru #1005856...
[2026-09-11 15:20:04]   Skipped: Post #1005856 already in DB (Post #8815).
[2026-09-11 15:20:04] Processing Realbooru #1005847...
[2026-09-11 15:20:04]   Skipped: Post #1005847 already in DB (Post #8816).
[2026-09-11 15:20:04] Processing Realbooru #1005846...
[2026-09-11 15:20:04]   Skipped: Post #1005846 already in DB (Post #8817).
[2026-09-11 15:20:04] Processing Realbooru #1005844...
[2026-09-11 15:20:04]   Skipped: Post #1005844 already in DB (Post #8818).
[2026-09-11 15:20:04] Processing Realbooru #1005775...
[2026-09-11 15:20:04]   Skipped: Post #1005775 already in DB (Post #8819).
[2026-09-11 15:20:04] Processing Realbooru #1005754...
[2026-09-11 15:20:04]   Skipped: Post #1005754 already in DB (Post #8820).
[2026-09-11 15:20:04] Processing Realbooru #1005737...
[2026-09-11 15:20:04]   Skipped: Post #1005737 already in DB (Post #8821).
[2026-09-11 15:20:04] Processing Realbooru #1005657...
[2026-09-11 15:20:04]   Skipped: Post #1005657 already in DB (Post #8822).
[2026-09-11 15:20:04] Processing Realbooru #1005627...
[2026-09-11 15:20:04]   Skipped: Post #1005627 already in DB (Post #8823).
[2026-09-11 15:20:04] Processing Realbooru #1005626...
[2026-09-11 15:20:04]   Skipped: Post #1005626 already in DB (Post #8824).
[2026-09-11 15:20:04] Fetching page list (pid=42)...
[2026-09-11 15:20:05] Processing Realbooru #1005625...
[2026-09-11 15:20:05]   Skipped: Post #1005625 already in DB (Post #8825).
[2026-09-11 15:20:05] Processing Realbooru #1005624...
[2026-09-11 15:20:05]   Skipped: Post #1005624 already in DB (Post #8826).
[2026-09-11 15:20:05] Processing Realbooru #1005507...
[2026-09-11 15:20:05]   Skipped: Post #1005507 already in DB (Post #8827).
[2026-09-11 15:20:05] Processing Realbooru #1005505...
[2026-09-11 15:20:05]   Skipped: Post #1005505 already in DB (Post #8828).
[2026-09-11 15:20:05] Processing Realbooru #1005502...
[2026-09-11 15:20:05]   Skipped: Post #1005502 already in DB (Post #8829).
[2026-09-11 15:20:05] Processing Realbooru #1005497...
[2026-09-11 15:20:05]   Skipped: Post #1005497 already in DB (Post #8830).
[2026-09-11 15:20:05] Processing Realbooru #1005496...
[2026-09-11 15:20:05]   Skipped: Post #1005496 already in DB (Post #8831).
[2026-09-11 15:20:05] Processing Realbooru #1005495...
[2026-09-11 15:20:05]   Skipped: Post #1005495 already in DB (Post #8832).
[2026-09-11 15:20:05] Processing Realbooru #1005492...
[2026-09-11 15:20:05]   Skipped: Post #1005492 already in DB (Post #8833).
[2026-09-11 15:20:05] Processing Realbooru #1005491...
[2026-09-11 15:20:05]   Skipped: Post #1005491 already in DB (Post #8834).
[2026-09-11 15:20:05] Processing Realbooru #1005490...
[2026-09-11 15:20:05]   Skipped: Post #1005490 already in DB (Post #8835).
[2026-09-11 15:20:05] Processing Realbooru #1005488...
[2026-09-11 15:20:05]   Skipped: Post #1005488 already in DB (Post #8836).
[2026-09-11 15:20:05] Processing Realbooru #1005486...
[2026-09-11 15:20:05]   Skipped: Post #1005486 already in DB (Post #8837).
[2026-09-11 15:20:05] Processing Realbooru #1005414...
[2026-09-11 15:20:05]   Skipped: Post #1005414 already in DB (Post #8838).
[2026-09-11 15:20:05] Processing Realbooru #1005325...
[2026-09-11 15:20:05]   Skipped: Post #1005325 already in DB (Post #8839).
[2026-09-11 15:20:05] Processing Realbooru #1005319...
[2026-09-11 15:20:05]   Skipped: Post #1005319 already in DB (Post #8840).
[2026-09-11 15:20:05] Processing Realbooru #1005301...
[2026-09-11 15:20:05]   Skipped: Post #1005301 already in DB (Post #8841).
[2026-09-11 15:20:05] Processing Realbooru #1005072...
[2026-09-11 15:20:05]   Skipped: Post #1005072 already in DB (Post #8842).
[2026-09-11 15:20:05] Processing Realbooru #1005019...
[2026-09-11 15:20:05]   Skipped: Post #1005019 already in DB (Post #8843).
[2026-09-11 15:20:05] Processing Realbooru #1005009...
[2026-09-11 15:20:05]   Skipped: Post #1005009 already in DB (Post #8844).
[2026-09-11 15:20:05] Processing Realbooru #1005005...
[2026-09-11 15:20:05]   Skipped: Post #1005005 already in DB (Post #8845).
[2026-09-11 15:20:05] Processing Realbooru #1004980...
[2026-09-11 15:20:05]   Skipped: Post #1004980 already in DB (Post #8846).
[2026-09-11 15:20:05] Processing Realbooru #1004945...
[2026-09-11 15:20:05]   Skipped: Post #1004945 already in DB (Post #8847).
[2026-09-11 15:20:05] Processing Realbooru #1004879...
[2026-09-11 15:20:05]   Skipped: Post #1004879 already in DB (Post #8848).
[2026-09-11 15:20:05] Processing Realbooru #1004636...
[2026-09-11 15:20:05]   Skipped: Post #1004636 already in DB (Post #8849).
[2026-09-11 15:20:05] Processing Realbooru #1004629...
[2026-09-11 15:20:05]   Skipped: Post #1004629 already in DB (Post #8850).
[2026-09-11 15:20:05] Processing Realbooru #1004589...
[2026-09-11 15:20:05]   Skipped: Post #1004589 already in DB (Post #8851).
[2026-09-11 15:20:05] Processing Realbooru #1004588...
[2026-09-11 15:20:05]   Skipped: Post #1004588 already in DB (Post #8852).
[2026-09-11 15:20:05] Processing Realbooru #1004374...
[2026-09-11 15:20:05]   Skipped: Post #1004374 already in DB (Post #8853).
[2026-09-11 15:20:05] Processing Realbooru #1004286...
[2026-09-11 15:20:05]   Skipped: Post #1004286 already in DB (Post #8854).
[2026-09-11 15:20:05] Processing Realbooru #1004284...
