[2026-09-11 15:53:45] Starting PHP scraper for tag: femboy
[2026-09-11 15:53:45] Continuing at pid=168.
[2026-09-11 15:53:45] Loaded 2278 existing Realbooru post IDs.
[2026-09-11 15:53:45] Fetching page list (pid=168)...
[2026-09-11 15:53:46] Processing Realbooru #624117...
[2026-09-11 15:53:46]   Skipped: Post #624117 already in DB (Post #11033).
[2026-09-11 15:53:46] Processing Realbooru #624204...
[2026-09-11 15:53:46]   Skipped: Post #624204 already in DB (Post #11034).
[2026-09-11 15:53:46] Processing Realbooru #624277...
[2026-09-11 15:53:46]   Skipped: Post #624277 already in DB (Post #11035).
[2026-09-11 15:53:46] Processing Realbooru #624313...
[2026-09-11 15:53:46]   Skipped: Post #624313 already in DB (Post #11036).
[2026-09-11 15:53:46] Processing Realbooru #624314...
[2026-09-11 15:53:46]   Skipped: Post #624314 already in DB (Post #11037).
[2026-09-11 15:53:46] Processing Realbooru #624318...
[2026-09-11 15:53:46]   Skipped: Post #624318 already in DB (Post #11038).
[2026-09-11 15:53:46] Processing Realbooru #624463...
[2026-09-11 15:53:46]   Skipped: Post #624463 already in DB (Post #11039).
[2026-09-11 15:53:46] Processing Realbooru #624464...
[2026-09-11 15:53:46]   Skipped: Post #624464 already in DB (Post #11040).
[2026-09-11 15:53:46] Processing Realbooru #624465...
[2026-09-11 15:53:46]   Skipped: Post #624465 already in DB (Post #11041).
[2026-09-11 15:53:46] Processing Realbooru #624485...
[2026-09-11 15:53:46]   Skipped: Post #624485 already in DB (Post #11042).
[2026-09-11 15:53:46] Processing Realbooru #624532...
[2026-09-11 15:53:46]   Skipped: Post #624532 already in DB (Post #11043).
[2026-09-11 15:53:46] Processing Realbooru #624533...
[2026-09-11 15:53:46]   Skipped: Post #624533 already in DB (Post #11044).
[2026-09-11 15:53:46] Processing Realbooru #624534...
[2026-09-11 15:53:46]   Skipped: Post #624534 already in DB (Post #11045).
[2026-09-11 15:53:46] Processing Realbooru #624601...
[2026-09-11 15:53:46]   Skipped: Post #624601 already in DB (Post #11046).
[2026-09-11 15:53:46] Processing Realbooru #624703...
[2026-09-11 15:53:46]   Skipped: Post #624703 already in DB (Post #11047).
[2026-09-11 15:53:46] Processing Realbooru #624715...
[2026-09-11 15:53:46]   Skipped: Post #624715 already in DB (Post #11048).
[2026-09-11 15:53:46] Processing Realbooru #624909...
[2026-09-11 15:53:46]   Skipped: Post #624909 already in DB (Post #11049).
[2026-09-11 15:53:46] Processing Realbooru #624985...
[2026-09-11 15:53:46]   Skipped: Post #624985 already in DB (Post #11050).
[2026-09-11 15:53:46] Processing Realbooru #625631...
[2026-09-11 15:53:46]   Skipped: Post #625631 already in DB (Post #11051).
[2026-09-11 15:53:46] Processing Realbooru #625632...
[2026-09-11 15:53:46]   Skipped: Post #625632 already in DB (Post #11052).
[2026-09-11 15:53:46] Processing Realbooru #626342...
[2026-09-11 15:53:46]   Skipped: Post #626342 already in DB (Post #11053).
[2026-09-11 15:53:46] Processing Realbooru #626511...
[2026-09-11 15:53:46]   Skipped: Post #626511 already in DB (Post #11054).
[2026-09-11 15:53:46] Processing Realbooru #627030...
[2026-09-11 15:53:46]   Skipped: Post #627030 already in DB (Post #11055).
[2026-09-11 15:53:46] Processing Realbooru #630107...
[2026-09-11 15:53:46]   Skipped: Post #630107 already in DB (Post #11056).
[2026-09-11 15:53:46] Processing Realbooru #630108...
[2026-09-11 15:53:46]   Skipped: Post #630108 already in DB (Post #11057).
[2026-09-11 15:53:46] Processing Realbooru #630113...
[2026-09-11 15:53:46]   Skipped: Post #630113 already in DB (Post #11058).
[2026-09-11 15:53:46] Processing Realbooru #630114...
[2026-09-11 15:53:46]   Skipped: Post #630114 already in DB (Post #11059).
[2026-09-11 15:53:46] Processing Realbooru #630472...
[2026-09-11 15:53:46]   Skipped: Post #630472 already in DB (Post #11060).
[2026-09-11 15:53:46] Processing Realbooru #638852...
[2026-09-11 15:53:46]   Skipped: Post #638852 already in DB (Post #11061).
[2026-09-11 15:53:46] Processing Realbooru #641746...
[2026-09-11 15:53:46]   Skipped: Post #641746 already in DB (Post #11062).
[2026-09-11 15:53:46] Processing Realbooru #641747...
[2026-09-11 15:53:46]   Skipped: Post #641747 already in DB (Post #11063).
[2026-09-11 15:53:46] Processing Realbooru #646979...
[2026-09-11 15:53:46]   Skipped: Post #646979 already in DB (Post #11064).
[2026-09-11 15:53:46] Processing Realbooru #647056...
[2026-09-11 15:53:46]   Skipped: Post #647056 already in DB (Post #11065).
[2026-09-11 15:53:46] Processing Realbooru #648097...
[2026-09-11 15:53:46]   Skipped: Post #648097 already in DB (Post #11066).
[2026-09-11 15:53:46] Processing Realbooru #648149...
[2026-09-11 15:53:46]   Skipped: Post #648149 already in DB (Post #11067).
[2026-09-11 15:53:46] Processing Realbooru #648275...
[2026-09-11 15:53:46]   Skipped: Post #648275 already in DB (Post #11068).
[2026-09-11 15:53:46] Processing Realbooru #648292...
[2026-09-11 15:53:46]   Skipped: Post #648292 already in DB (Post #11069).
[2026-09-11 15:53:46] Processing Realbooru #648293...
[2026-09-11 15:53:46]   Skipped: Post #648293 already in DB (Post #11070).
[2026-09-11 15:53:46] Processing Realbooru #648366...
[2026-09-11 15:53:46]   Skipped: Post #648366 already in DB (Post #11071).
[2026-09-11 15:53:46] Processing Realbooru #648521...
[2026-09-11 15:53:46]   Skipped: Post #648521 already in DB (Post #11072).
[2026-09-11 15:53:46] Processing Realbooru #648523...
[2026-09-11 15:53:47]   Downloading media for #648523...
[2026-09-11 15:54:06]   Success: Uploaded as Post #11073.
[2026-09-11 15:54:06] Processing Realbooru #648525...
[2026-09-11 15:54:06]   Downloading media for #648525...
[2026-09-11 15:54:13]   Success: Uploaded as Post #11074.
[2026-09-11 15:54:13] Fetching page list (pid=210)...
[2026-09-11 15:54:14] Processing Realbooru #648526...
[2026-09-11 15:54:15]   Downloading media for #648526...
[2026-09-11 15:54:32]   Success: Uploaded as Post #11075.
[2026-09-11 15:54:32] Processing Realbooru #648527...
[2026-09-11 15:54:33]   Downloading media for #648527...
[2026-09-11 15:54:37]   Success: Uploaded as Post #11076.
[2026-09-11 15:54:37] Processing Realbooru #648528...
[2026-09-11 15:54:38]   Downloading media for #648528...
[2026-09-11 15:54:58]   Success: Uploaded as Post #11077.
[2026-09-11 15:54:58] Processing Realbooru #648980...
[2026-09-11 15:54:59]   Downloading media for #648980...
[2026-09-11 15:55:02]   Success: Uploaded as Post #11078.
[2026-09-11 15:55:02] Processing Realbooru #649019...
[2026-09-11 15:55:02]   Downloading media for #649019...
[2026-09-11 15:55:14]   Success: Uploaded as Post #11079.
[2026-09-11 15:55:14] Processing Realbooru #649573...
[2026-09-11 15:55:15]   Downloading media for #649573...
[2026-09-11 15:55:18]   Success: Uploaded as Post #11080.
[2026-09-11 15:55:18] Processing Realbooru #649731...
[2026-09-11 15:55:19]   Downloading media for #649731...
[2026-09-11 15:55:36]   Success: Uploaded as Post #11081.
[2026-09-11 15:55:36] Processing Realbooru #650026...
[2026-09-11 15:55:37]   Downloading media for #650026...
