[2026-09-12 10:30:18] Starting PHP scraper for tag: femboy
[2026-09-12 10:30:18] Continuing at pid=7392.
[2026-09-12 10:30:18] Loaded 9430 existing Realbooru post IDs.
[2026-09-12 10:30:18] Fetching page list (pid=7392)...
[2026-09-12 10:30:20] Processing Realbooru #895816...
[2026-09-12 10:30:20]   Downloading media for #895816...
[2026-09-12 10:30:35]   Success: Uploaded as Post #18225.
[2026-09-12 10:30:35] Processing Realbooru #895855...
[2026-09-12 10:30:36]   Downloading media for #895855...
[2026-09-12 10:30:39]   Success: Uploaded as Post #18226.
[2026-09-12 10:30:39] Processing Realbooru #895927...
[2026-09-12 10:30:39]   Downloading media for #895927...
[2026-09-12 10:30:48]   Success: Uploaded as Post #18227.
[2026-09-12 10:30:48] Processing Realbooru #895928...
[2026-09-12 10:30:49]   Downloading media for #895928...
[2026-09-12 10:30:52]   Success: Uploaded as Post #18228.
[2026-09-12 10:30:52] Processing Realbooru #895929...
[2026-09-12 10:30:53]   Downloading media for #895929...
[2026-09-12 10:30:58]   Success: Uploaded as Post #18229.
[2026-09-12 10:30:58] Processing Realbooru #895930...
[2026-09-12 10:30:59]   Downloading media for #895930...
[2026-09-12 10:31:02]   Success: Uploaded as Post #18230.
[2026-09-12 10:31:02] Processing Realbooru #895931...
[2026-09-12 10:31:03]   Downloading media for #895931...
[2026-09-12 10:31:07]   Success: Uploaded as Post #18231.
[2026-09-12 10:31:07] Processing Realbooru #895932...
[2026-09-12 10:31:08]   Downloading media for #895932...
[2026-09-12 10:31:11]   Success: Uploaded as Post #18232.
[2026-09-12 10:31:11] Processing Realbooru #895933...
[2026-09-12 10:31:12]   Downloading media for #895933...
[2026-09-12 10:31:15]   Success: Uploaded as Post #18233.
[2026-09-12 10:31:15] Processing Realbooru #895934...
[2026-09-12 10:31:16]   Downloading media for #895934...
[2026-09-12 10:31:19]   Success: Uploaded as Post #18234.
[2026-09-12 10:31:19] Processing Realbooru #895935...
[2026-09-12 10:31:20]   Downloading media for #895935...
[2026-09-12 10:31:23]   Success: Uploaded as Post #18235.
[2026-09-12 10:31:23] Processing Realbooru #895936...
[2026-09-12 10:31:23]   Downloading media for #895936...
[2026-09-12 10:31:40]   Error: Failed to download https://realbooru.com/images/de/f2/def20ef22e3b18ef0779e2009f991f7f.jpeg
[2026-09-12 10:31:40] Processing Realbooru #895942...
[2026-09-12 10:31:40]   Downloading media for #895942...
[2026-09-12 10:31:44]   Success: Uploaded as Post #18236.
[2026-09-12 10:31:44] Processing Realbooru #895943...
[2026-09-12 10:31:45]   Downloading media for #895943...
[2026-09-12 10:32:07]   Error: Failed to download https://realbooru.com/images/db/63/db630abd77bbd66f5cfe72d985c9046b.jpeg
[2026-09-12 10:32:07] Processing Realbooru #895944...
[2026-09-12 10:32:08]   Downloading media for #895944...
[2026-09-12 10:32:11]   Success: Uploaded as Post #18237.
[2026-09-12 10:32:11] Processing Realbooru #895951...
[2026-09-12 10:32:11]   Error: Failed to fetch view page for #895951
[2026-09-12 10:32:11] Processing Realbooru #895952...
[2026-09-12 10:32:11]   Error: Failed to fetch view page for #895952
[2026-09-12 10:32:11] Processing Realbooru #895953...
[2026-09-12 10:32:11]   Error: Failed to fetch view page for #895953
[2026-09-12 10:32:11] Processing Realbooru #895954...
[2026-09-12 10:32:11]   Error: Failed to fetch view page for #895954
[2026-09-12 10:32:11] Processing Realbooru #895955...
[2026-09-12 10:32:11]   Error: Failed to fetch view page for #895955
[2026-09-12 10:32:11] Processing Realbooru #895956...
[2026-09-12 10:32:11]   Error: Failed to fetch view page for #895956
[2026-09-12 10:32:11] Processing Realbooru #895957...
[2026-09-12 10:32:11]   Error: Failed to fetch view page for #895957
[2026-09-12 10:32:11] Processing Realbooru #895958...
[2026-09-12 10:32:11]   Error: Failed to fetch view page for #895958
[2026-09-12 10:32:11] Processing Realbooru #895959...
[2026-09-12 10:32:11]   Error: Failed to fetch view page for #895959
[2026-09-12 10:32:11] Processing Realbooru #895960...
[2026-09-12 10:32:11]   Error: Failed to fetch view page for #895960
[2026-09-12 10:32:11] Processing Realbooru #895961...
[2026-09-12 10:32:11]   Error: Failed to fetch view page for #895961
[2026-09-12 10:32:11] Processing Realbooru #895962...
[2026-09-12 10:32:11]   Error: Failed to fetch view page for #895962
[2026-09-12 10:32:11] Processing Realbooru #895963...
[2026-09-12 10:32:11]   Error: Failed to fetch view page for #895963
[2026-09-12 10:32:11] Processing Realbooru #895964...
[2026-09-12 10:32:11]   Error: Failed to fetch view page for #895964
[2026-09-12 10:32:11] Processing Realbooru #895965...
[2026-09-12 10:32:11]   Error: Failed to fetch view page for #895965
[2026-09-12 10:32:11] Processing Realbooru #895966...
[2026-09-12 10:32:11]   Error: Failed to fetch view page for #895966
[2026-09-12 10:32:11] Processing Realbooru #895967...
[2026-09-12 10:32:11]   Error: Failed to fetch view page for #895967
[2026-09-12 10:32:11] Processing Realbooru #895968...
[2026-09-12 10:32:11]   Error: Failed to fetch view page for #895968
[2026-09-12 10:32:11] Processing Realbooru #895969...
[2026-09-12 10:32:11]   Error: Failed to fetch view page for #895969
[2026-09-12 10:32:11] Processing Realbooru #896059...
[2026-09-12 10:32:11]   Error: Failed to fetch view page for #896059
[2026-09-12 10:32:11] Processing Realbooru #896139...
[2026-09-12 10:32:11]   Error: Failed to fetch view page for #896139
[2026-09-12 10:32:11] Processing Realbooru #896149...
[2026-09-12 10:32:11]   Error: Failed to fetch view page for #896149
[2026-09-12 10:32:11] Processing Realbooru #896151...
[2026-09-12 10:32:11]   Error: Failed to fetch view page for #896151
[2026-09-12 10:32:11] Processing Realbooru #896158...
[2026-09-12 10:32:11]   Error: Failed to fetch view page for #896158
[2026-09-12 10:32:11] Processing Realbooru #896194...
[2026-09-12 10:32:11]   Error: Failed to fetch view page for #896194
[2026-09-12 10:32:11] Processing Realbooru #896203...
[2026-09-12 10:32:11]   Error: Failed to fetch view page for #896203
[2026-09-12 10:32:11] Processing Realbooru #896204...
[2026-09-12 10:32:11]   Error: Failed to fetch view page for #896204
[2026-09-12 10:32:11] Fetching page list (pid=7434)...
[2026-09-12 10:32:11] Failed to fetch list page or reached end.
[2026-09-12 10:32:11] Done! Downloaded: 13, Skipped: 0, Errors: 29.
