[2026-09-12 14:35:48] Starting PHP scraper for tag: trans_female
[2026-09-12 14:35:48] Loaded 11329 existing Realbooru post IDs.
[2026-09-12 14:35:48] Fetching page list (pid=0)...
[2026-09-12 14:35:49] Processing Realbooru #166...
[2026-09-12 14:35:50]   Downloading media for #166...
[2026-09-12 14:35:53]   Success: Uploaded as Post #20124.
[2026-09-12 14:35:53] Processing Realbooru #169...
[2026-09-12 14:35:54]   Downloading media for #169...
[2026-09-12 14:35:56]   Success: Uploaded as Post #20125.
[2026-09-12 14:35:56] Processing Realbooru #170...
[2026-09-12 14:35:57]   Downloading media for #170...
[2026-09-12 14:35:59]   Success: Uploaded as Post #20126.
[2026-09-12 14:35:59] Processing Realbooru #171...
[2026-09-12 14:35:59]   Downloading media for #171...
[2026-09-12 14:36:02]   Success: Uploaded as Post #20127.
[2026-09-12 14:36:02] Processing Realbooru #172...
[2026-09-12 14:36:02]   Downloading media for #172...
[2026-09-12 14:36:05]   Success: Uploaded as Post #20128.
[2026-09-12 14:36:05] Processing Realbooru #614...
[2026-09-12 14:36:06]   Downloading media for #614...
[2026-09-12 14:36:08]   Success: Uploaded as Post #20129.
[2026-09-12 14:36:08] Processing Realbooru #6748...
[2026-09-12 14:36:08]   Downloading media for #6748...
[2026-09-12 14:36:10]   Success: Uploaded as Post #20130.
[2026-09-12 14:36:10] Processing Realbooru #17086...
[2026-09-12 14:36:11]   Downloading media for #17086...
[2026-09-12 14:36:13]   Success: Uploaded as Post #20131.
[2026-09-12 14:36:13] Processing Realbooru #17154...
[2026-09-12 14:36:14]   Downloading media for #17154...
[2026-09-12 14:36:16]   Success: Uploaded as Post #20132.
[2026-09-12 14:36:16] Processing Realbooru #17160...
[2026-09-12 14:36:16]   Downloading media for #17160...
[2026-09-12 14:36:19]   Success: Uploaded as Post #20133.
[2026-09-12 14:36:19] Processing Realbooru #17384...
[2026-09-12 14:36:19]   Downloading media for #17384...
[2026-09-12 14:36:21]   Success: Uploaded as Post #20134.
[2026-09-12 14:36:21] Processing Realbooru #17385...
[2026-09-12 14:36:22]   Downloading media for #17385...
[2026-09-12 14:36:24]   Success: Uploaded as Post #20135.
[2026-09-12 14:36:24] Processing Realbooru #17386...
[2026-09-12 14:36:25]   Downloading media for #17386...
[2026-09-12 14:36:27]   Success: Uploaded as Post #20136.
[2026-09-12 14:36:27] Processing Realbooru #17587...
[2026-09-12 14:36:27]   Downloading media for #17587...
[2026-09-12 14:36:30]   Success: Uploaded as Post #20137.
[2026-09-12 14:36:30] Processing Realbooru #17597...
[2026-09-12 14:36:30]   Downloading media for #17597...
[2026-09-12 14:36:32]   Success: Uploaded as Post #20138.
[2026-09-12 14:36:32] Processing Realbooru #17602...
[2026-09-12 14:36:34]   Downloading media for #17602...
[2026-09-12 14:36:36]   Success: Uploaded as Post #20139.
[2026-09-12 14:36:36] Processing Realbooru #17618...
[2026-09-12 14:36:37]   Downloading media for #17618...
[2026-09-12 14:36:39]   Success: Uploaded as Post #20140.
[2026-09-12 14:36:39] Processing Realbooru #17620...
[2026-09-12 14:36:39]   Downloading media for #17620...
[2026-09-12 14:36:41]   Success: Uploaded as Post #20141.
[2026-09-12 14:36:41] Processing Realbooru #17629...
[2026-09-12 14:36:42]   Downloading media for #17629...
[2026-09-12 14:36:44]   Success: Uploaded as Post #20142.
[2026-09-12 14:36:44] Processing Realbooru #17630...
[2026-09-12 14:36:45]   Downloading media for #17630...
[2026-09-12 14:36:47]   Success: Uploaded as Post #20143.
[2026-09-12 14:36:47] Processing Realbooru #17639...
[2026-09-12 14:36:48]   Downloading media for #17639...
[2026-09-12 14:36:50]   Success: Uploaded as Post #20144.
[2026-09-12 14:36:50] Processing Realbooru #17643...
[2026-09-12 14:36:51]   Downloading media for #17643...
[2026-09-12 14:36:53]   Success: Uploaded as Post #20145.
[2026-09-12 14:36:53] Processing Realbooru #17649...
[2026-09-12 14:36:53]   Downloading media for #17649...
[2026-09-12 14:36:55]   Success: Uploaded as Post #20146.
[2026-09-12 14:36:55] Processing Realbooru #17651...
[2026-09-12 14:36:56]   Downloading media for #17651...
[2026-09-12 14:36:58]   Success: Uploaded as Post #20147.
[2026-09-12 14:36:58] Processing Realbooru #17655...
[2026-09-12 14:36:59]   Downloading media for #17655...
[2026-09-12 14:37:01]   Success: Uploaded as Post #20148.
[2026-09-12 14:37:01] Processing Realbooru #17659...
[2026-09-12 14:37:01]   Downloading media for #17659...
[2026-09-12 14:37:03]   Success: Uploaded as Post #20149.
[2026-09-12 14:37:03] Processing Realbooru #17666...
[2026-09-12 14:37:04]   Downloading media for #17666...
[2026-09-12 14:37:06]   Success: Uploaded as Post #20150.
[2026-09-12 14:37:06] Processing Realbooru #17669...
[2026-09-12 14:37:06]   Downloading media for #17669...
[2026-09-12 14:37:09]   Success: Uploaded as Post #20151.
[2026-09-12 14:37:09] Processing Realbooru #17677...
[2026-09-12 14:37:10]   Downloading media for #17677...
[2026-09-12 14:37:12]   Success: Uploaded as Post #20152.
[2026-09-12 14:37:12] Processing Realbooru #17683...
[2026-09-12 14:37:13]   Downloading media for #17683...
[2026-09-12 14:37:14]   Success: Uploaded as Post #20153.
[2026-09-12 14:37:14] Processing Realbooru #17684...
[2026-09-12 14:37:16]   Downloading media for #17684...
[2026-09-12 14:37:17]   Success: Uploaded as Post #20154.
[2026-09-12 14:37:17] Processing Realbooru #17685...
[2026-09-12 14:37:18]   Downloading media for #17685...
[2026-09-12 14:37:20]   Success: Uploaded as Post #20155.
[2026-09-12 14:37:20] Processing Realbooru #17693...
[2026-09-12 14:37:21]   Downloading media for #17693...
[2026-09-12 14:37:23]   Success: Uploaded as Post #20156.
[2026-09-12 14:37:23] Processing Realbooru #17698...
[2026-09-12 14:37:23]   Downloading media for #17698...
[2026-09-12 14:37:25]   Success: Uploaded as Post #20157.
[2026-09-12 14:37:25] Processing Realbooru #17702...
[2026-09-12 14:37:26]   Downloading media for #17702...
[2026-09-12 14:37:27]   Success: Uploaded as Post #20158.
[2026-09-12 14:37:27] Processing Realbooru #17706...
[2026-09-12 14:37:28]   Downloading media for #17706...
[2026-09-12 14:37:30]   Success: Uploaded as Post #20159.
[2026-09-12 14:37:30] Processing Realbooru #17711...
[2026-09-12 14:37:31]   Downloading media for #17711...
[2026-09-12 14:37:33]   Success: Uploaded as Post #20160.
[2026-09-12 14:37:33] Processing Realbooru #17717...
[2026-09-12 14:37:34]   Downloading media for #17717...
[2026-09-12 14:37:36]   Success: Uploaded as Post #20161.
[2026-09-12 14:37:36] Processing Realbooru #17722...
[2026-09-12 14:37:36]   Downloading media for #17722...
[2026-09-12 14:37:39]   Success: Uploaded as Post #20162.
[2026-09-12 14:37:39] Processing Realbooru #17731...
[2026-09-12 14:37:40]   Downloading media for #17731...
[2026-09-12 14:37:41]   Success: Uploaded as Post #20163.
[2026-09-12 14:37:41] Processing Realbooru #17732...
[2026-09-12 14:37:42]   Downloading media for #17732...
[2026-09-12 14:37:44]   Success: Uploaded as Post #20164.
[2026-09-12 14:37:44] Processing Realbooru #17746...
[2026-09-12 14:37:45]   Downloading media for #17746...
[2026-09-12 14:37:46]   Success: Uploaded as Post #20165.
[2026-09-12 14:37:46] Fetching page list (pid=42)...
[2026-09-12 14:37:47] Processing Realbooru #17755...
[2026-09-12 14:37:48]   Downloading media for #17755...
[2026-09-12 14:37:50]   Success: Uploaded as Post #20166.
[2026-09-12 14:37:50] Processing Realbooru #17756...
[2026-09-12 14:37:51]   Downloading media for #17756...
[2026-09-12 14:37:52]   Success: Uploaded as Post #20167.
[2026-09-12 14:37:52] Processing Realbooru #17765...
[2026-09-12 14:37:53]   Downloading media for #17765...
[2026-09-12 14:37:55]   Success: Uploaded as Post #20168.
[2026-09-12 14:37:55] Processing Realbooru #17771...
[2026-09-12 14:37:56]   Downloading media for #17771...
[2026-09-12 14:37:57]   Success: Uploaded as Post #20169.
[2026-09-12 14:37:57] Processing Realbooru #17772...
[2026-09-12 14:37:58]   Downloading media for #17772...
[2026-09-12 14:38:00]   Success: Uploaded as Post #20170.
[2026-09-12 14:38:00] Processing Realbooru #17776...
[2026-09-12 14:38:00]   Downloading media for #17776...
[2026-09-12 14:38:02]   Success: Uploaded as Post #20171.
[2026-09-12 14:38:02] Processing Realbooru #17787...
[2026-09-12 14:38:03]   Downloading media for #17787...
[2026-09-12 14:38:05]   Success: Uploaded as Post #20172.
[2026-09-12 14:38:05] Processing Realbooru #17805...
[2026-09-12 14:38:05]   Downloading media for #17805...
[2026-09-12 14:38:07]   Success: Uploaded as Post #20173.
[2026-09-12 14:38:07] Processing Realbooru #17810...
[2026-09-12 14:38:08]   Downloading media for #17810...
[2026-09-12 14:38:10]   Success: Uploaded as Post #20174.
[2026-09-12 14:38:10] Processing Realbooru #17812...
[2026-09-12 14:38:10]   Downloading media for #17812...
[2026-09-12 14:38:12]   Success: Uploaded as Post #20175.
[2026-09-12 14:38:12] Processing Realbooru #17813...
[2026-09-12 14:38:13]   Downloading media for #17813...
[2026-09-12 14:38:15]   Success: Uploaded as Post #20176.
[2026-09-12 14:38:15] Processing Realbooru #17824...
[2026-09-12 14:38:15]   Downloading media for #17824...
[2026-09-12 14:38:17]   Success: Uploaded as Post #20177.
[2026-09-12 14:38:17] Processing Realbooru #17827...
[2026-09-12 14:38:18]   Downloading media for #17827...
[2026-09-12 14:38:20]   Success: Uploaded as Post #20178.
[2026-09-12 14:38:20] Processing Realbooru #17829...
[2026-09-12 14:38:20]   Downloading media for #17829...
[2026-09-12 14:38:23]   Success: Uploaded as Post #20179.
[2026-09-12 14:38:23] Processing Realbooru #17831...
[2026-09-12 14:38:24]   Downloading media for #17831...
[2026-09-12 14:38:26]   Success: Uploaded as Post #20180.
[2026-09-12 14:38:26] Processing Realbooru #17846...
[2026-09-12 14:38:27]   Downloading media for #17846...
[2026-09-12 14:38:28]   Success: Uploaded as Post #20181.
[2026-09-12 14:38:28] Processing Realbooru #17847...
[2026-09-12 14:38:29]   Downloading media for #17847...
[2026-09-12 14:38:31]   Success: Uploaded as Post #20182.
[2026-09-12 14:38:31] Processing Realbooru #17872...
[2026-09-12 14:38:32]   Downloading media for #17872...
[2026-09-12 14:38:34]   Success: Uploaded as Post #20183.
[2026-09-12 14:38:34] Processing Realbooru #17878...
[2026-09-12 14:38:34]   Downloading media for #17878...

Warning: Undefined array key 0 in /home/admin/Homelab/Services/libooru/s3.php on line 67
[2026-09-12 14:43:36]   Error: preg_match(): Argument #2 ($subject) must be of type string, null given
[2026-09-12 14:43:36] Processing Realbooru #17881...
[2026-09-12 14:43:36]   Downloading media for #17881...
[2026-09-12 14:43:39]   Success: Uploaded as Post #20184.
[2026-09-12 14:43:39] Processing Realbooru #17882...
[2026-09-12 14:43:39]   Downloading media for #17882...
[2026-09-12 14:43:41]   Success: Uploaded as Post #20185.
[2026-09-12 14:43:41] Processing Realbooru #17884...
[2026-09-12 14:43:42]   Downloading media for #17884...
[2026-09-12 14:43:44]   Success: Uploaded as Post #20186.
[2026-09-12 14:43:44] Processing Realbooru #17893...
[2026-09-12 14:43:45]   Downloading media for #17893...
[2026-09-12 14:43:47]   Success: Uploaded as Post #20187.
[2026-09-12 14:43:47] Processing Realbooru #17900...
[2026-09-12 14:43:48]   Downloading media for #17900...
[2026-09-12 14:43:49]   Success: Uploaded as Post #20188.
[2026-09-12 14:43:49] Processing Realbooru #17908...
[2026-09-12 14:43:50]   Downloading media for #17908...
[2026-09-12 14:43:52]   Success: Uploaded as Post #20189.
[2026-09-12 14:43:52] Processing Realbooru #17909...
[2026-09-12 14:43:53]   Downloading media for #17909...
[2026-09-12 14:43:54]   Success: Uploaded as Post #20190.
[2026-09-12 14:43:54] Processing Realbooru #17911...
[2026-09-12 14:43:55]   Downloading media for #17911...
[2026-09-12 14:43:57]   Success: Uploaded as Post #20191.
[2026-09-12 14:43:57] Processing Realbooru #17914...
[2026-09-12 14:43:58]   Downloading media for #17914...
[2026-09-12 14:44:00]   Success: Uploaded as Post #20192.
[2026-09-12 14:44:00] Processing Realbooru #17922...
[2026-09-12 14:44:01]   Downloading media for #17922...
[2026-09-12 14:44:03]   Success: Uploaded as Post #20193.
[2026-09-12 14:44:03] Processing Realbooru #17927...
[2026-09-12 14:44:03]   Downloading media for #17927...
[2026-09-12 14:44:05]   Success: Uploaded as Post #20194.
[2026-09-12 14:44:05] Processing Realbooru #17928...
[2026-09-12 14:44:06]   Downloading media for #17928...
[2026-09-12 14:44:07]   Success: Uploaded as Post #20195.
[2026-09-12 14:44:07] Processing Realbooru #17942...
[2026-09-12 14:44:08]   Downloading media for #17942...
[2026-09-12 14:44:10]   Success: Uploaded as Post #20196.
[2026-09-12 14:44:10] Processing Realbooru #17948...
[2026-09-12 14:44:11]   Downloading media for #17948...
[2026-09-12 14:44:12]   Success: Uploaded as Post #20197.
[2026-09-12 14:44:12] Processing Realbooru #17952...
[2026-09-12 14:44:13]   Downloading media for #17952...
[2026-09-12 14:44:15]   Success: Uploaded as Post #20198.
[2026-09-12 14:44:15] Processing Realbooru #17960...
[2026-09-12 14:44:16]   Downloading media for #17960...
[2026-09-12 14:44:18]   Success: Uploaded as Post #20199.
[2026-09-12 14:44:18] Processing Realbooru #17964...
[2026-09-12 14:44:18]   Downloading media for #17964...
[2026-09-12 14:44:20]   Success: Uploaded as Post #20200.
[2026-09-12 14:44:20] Processing Realbooru #17969...
[2026-09-12 14:44:21]   Downloading media for #17969...
[2026-09-12 14:44:23]   Success: Uploaded as Post #20201.
[2026-09-12 14:44:23] Processing Realbooru #17989...
[2026-09-12 14:44:24]   Downloading media for #17989...
[2026-09-12 14:44:26]   Success: Uploaded as Post #20202.
[2026-09-12 14:44:26] Processing Realbooru #17996...
[2026-09-12 14:44:26]   Downloading media for #17996...
[2026-09-12 14:44:29]   Success: Uploaded as Post #20203.
[2026-09-12 14:44:29] Processing Realbooru #17998...
[2026-09-12 14:44:29]   Downloading media for #17998...
[2026-09-12 14:44:31]   Success: Uploaded as Post #20204.
[2026-09-12 14:44:31] Processing Realbooru #17999...
[2026-09-12 14:44:32]   Downloading media for #17999...
[2026-09-12 14:44:34]   Success: Uploaded as Post #20205.
[2026-09-12 14:44:34] Processing Realbooru #18003...
[2026-09-12 14:44:34]   Downloading media for #18003...
[2026-09-12 14:44:36]   Success: Uploaded as Post #20206.
[2026-09-12 14:44:36] Fetching page list (pid=84)...
[2026-09-12 14:44:37] Processing Realbooru #18026...
[2026-09-12 14:44:38]   Downloading media for #18026...
[2026-09-12 14:44:40]   Success: Uploaded as Post #20207.
[2026-09-12 14:44:40] Processing Realbooru #18027...
[2026-09-12 14:44:40]   Downloading media for #18027...
[2026-09-12 14:44:42]   Success: Uploaded as Post #20208.
[2026-09-12 14:44:42] Processing Realbooru #18049...
[2026-09-12 14:44:43]   Downloading media for #18049...
[2026-09-12 14:44:45]   Success: Uploaded as Post #20209.
[2026-09-12 14:44:45] Processing Realbooru #18071...
[2026-09-12 14:44:46]   Downloading media for #18071...
[2026-09-12 14:44:48]   Success: Uploaded as Post #20210.
[2026-09-12 14:44:48] Processing Realbooru #18073...
[2026-09-12 14:44:48]   Downloading media for #18073...
[2026-09-12 14:44:50]   Success: Uploaded as Post #20211.
[2026-09-12 14:44:50] Processing Realbooru #18075...
[2026-09-12 14:44:51]   Downloading media for #18075...
[2026-09-12 14:44:55]   Success: Uploaded as Post #20212.
[2026-09-12 14:44:55] Processing Realbooru #18083...
[2026-09-12 14:44:55]   Downloading media for #18083...
[2026-09-12 14:44:57]   Success: Uploaded as Post #20213.
[2026-09-12 14:44:57] Processing Realbooru #18085...
[2026-09-12 14:44:58]   Downloading media for #18085...
[2026-09-12 14:45:00]   Success: Uploaded as Post #20214.
[2026-09-12 14:45:00] Processing Realbooru #18086...
[2026-09-12 14:45:00]   Downloading media for #18086...
[2026-09-12 14:45:02]   Success: Uploaded as Post #20215.
[2026-09-12 14:45:02] Processing Realbooru #18088...
[2026-09-12 14:45:03]   Downloading media for #18088...
[2026-09-12 14:45:04]   Success: Uploaded as Post #20216.
[2026-09-12 14:45:04] Processing Realbooru #18091...
[2026-09-12 14:45:05]   Downloading media for #18091...
[2026-09-12 14:45:07]   Success: Uploaded as Post #20217.
[2026-09-12 14:45:07] Processing Realbooru #18101...
[2026-09-12 14:45:07]   Downloading media for #18101...
[2026-09-12 14:45:09]   Success: Uploaded as Post #20218.
[2026-09-12 14:45:09] Processing Realbooru #18109...
[2026-09-12 14:45:09]   Downloading media for #18109...
[2026-09-12 14:45:11]   Success: Uploaded as Post #20219.
[2026-09-12 14:45:11] Processing Realbooru #18124...
[2026-09-12 14:45:12]   Downloading media for #18124...
[2026-09-12 14:45:14]   Success: Uploaded as Post #20220.
[2026-09-12 14:45:14] Processing Realbooru #18133...
[2026-09-12 14:45:15]   Downloading media for #18133...
[2026-09-12 14:45:17]   Success: Uploaded as Post #20221.
[2026-09-12 14:45:17] Processing Realbooru #18139...
[2026-09-12 14:45:18]   Downloading media for #18139...
[2026-09-12 14:45:21]   Success: Uploaded as Post #20222.
[2026-09-12 14:45:21] Processing Realbooru #18142...
[2026-09-12 14:45:22]   Downloading media for #18142...
[2026-09-12 14:45:23]   Success: Uploaded as Post #20223.
[2026-09-12 14:45:23] Processing Realbooru #18143...
[2026-09-12 14:45:24]   Downloading media for #18143...
[2026-09-12 14:45:26]   Success: Uploaded as Post #20224.
[2026-09-12 14:45:26] Processing Realbooru #40042...
[2026-09-12 14:45:27]   Downloading media for #40042...
[2026-09-12 14:45:29]   Success: Uploaded as Post #20225.
[2026-09-12 14:45:29] Processing Realbooru #51942...
[2026-09-12 14:45:29]   Downloading media for #51942...
[2026-09-12 14:45:31]   Success: Uploaded as Post #20227.
[2026-09-12 14:45:31] Processing Realbooru #66635...
[2026-09-12 14:45:32]   Downloading media for #66635...
[2026-09-12 14:45:34]   Success: Uploaded as Post #20229.
[2026-09-12 14:45:34] Processing Realbooru #66636...
[2026-09-12 14:45:34]   Downloading media for #66636...
[2026-09-12 14:45:37]   Success: Uploaded as Post #20230.
[2026-09-12 14:45:37] Processing Realbooru #66637...
[2026-09-12 14:45:37]   Downloading media for #66637...
[2026-09-12 14:45:40]   Success: Uploaded as Post #20232.
[2026-09-12 14:45:40] Processing Realbooru #66650...
[2026-09-12 14:45:40]   Downloading media for #66650...
[2026-09-12 14:45:43]   Success: Uploaded as Post #20234.
[2026-09-12 14:45:43] Processing Realbooru #66652...
[2026-09-12 14:45:43]   Downloading media for #66652...
[2026-09-12 14:45:46]   Success: Uploaded as Post #20235.
[2026-09-12 14:45:46] Processing Realbooru #88593...
[2026-09-12 14:45:46]   Downloading media for #88593...
[2026-09-12 14:45:49]   Success: Uploaded as Post #20237.
[2026-09-12 14:45:49] Processing Realbooru #95810...
[2026-09-12 14:45:49]   Downloading media for #95810...
[2026-09-12 14:45:52]   Success: Uploaded as Post #20238.
[2026-09-12 14:45:52] Processing Realbooru #97173...
[2026-09-12 14:45:53]   Downloading media for #97173...
[2026-09-12 14:45:55]   Success: Uploaded as Post #20239.
[2026-09-12 14:45:55] Processing Realbooru #130092...
[2026-09-12 14:45:56]   Downloading media for #130092...
[2026-09-12 14:45:58]   Success: Uploaded as Post #20240.
[2026-09-12 14:45:58] Processing Realbooru #141200...
[2026-09-12 14:45:59]   Downloading media for #141200...
[2026-09-12 14:46:01]   Success: Uploaded as Post #20241.
[2026-09-12 14:46:01] Processing Realbooru #286501...
[2026-09-12 14:46:02]   Downloading media for #286501...
[2026-09-12 14:46:04]   Success: Uploaded as Post #20242.
[2026-09-12 14:46:04] Processing Realbooru #286531...
[2026-09-12 14:46:05]   Downloading media for #286531...
[2026-09-12 14:46:08]   Success: Uploaded as Post #20243.
[2026-09-12 14:46:08] Processing Realbooru #287679...
[2026-09-12 14:46:08]   Downloading media for #287679...
[2026-09-12 14:46:11]   Success: Uploaded as Post #20244.
[2026-09-12 14:46:11] Processing Realbooru #287872...
[2026-09-12 14:46:12]   Downloading media for #287872...
[2026-09-12 14:46:15]   Success: Uploaded as Post #20245.
[2026-09-12 14:46:15] Processing Realbooru #288913...
[2026-09-12 14:46:15]   Downloading media for #288913...
[2026-09-12 14:46:18]   Success: Uploaded as Post #20246.
[2026-09-12 14:46:18] Processing Realbooru #288945...
[2026-09-12 14:46:19]   Downloading media for #288945...
[2026-09-12 14:46:21]   Success: Uploaded as Post #20247.
[2026-09-12 14:46:21] Processing Realbooru #289528...
[2026-09-12 14:46:22]   Downloading media for #289528...
[2026-09-12 14:46:24]   Success: Uploaded as Post #20248.
[2026-09-12 14:46:24] Processing Realbooru #289773...
[2026-09-12 14:46:25]   Downloading media for #289773...
[2026-09-12 14:46:27]   Success: Uploaded as Post #20249.
[2026-09-12 14:46:27] Processing Realbooru #290034...
[2026-09-12 14:46:29]   Downloading media for #290034...
[2026-09-12 14:46:32]   Success: Uploaded as Post #20250.
[2026-09-12 14:46:32] Processing Realbooru #290273...
[2026-09-12 14:46:33]   Downloading media for #290273...
[2026-09-12 14:46:35]   Success: Uploaded as Post #20251.
[2026-09-12 14:46:35] Processing Realbooru #293608...
[2026-09-12 14:46:36]   Downloading media for #293608...
[2026-09-12 14:46:38]   Success: Uploaded as Post #20252.
[2026-09-12 14:46:38] Processing Realbooru #297280...
[2026-09-12 14:46:39]   Downloading media for #297280...
[2026-09-12 14:46:42]   Success: Uploaded as Post #20253.
[2026-09-12 14:46:42] Fetching page list (pid=126)...
[2026-09-12 14:46:43] Processing Realbooru #297356...
[2026-09-12 14:46:44]   Downloading media for #297356...
[2026-09-12 14:46:46]   Success: Uploaded as Post #20254.
[2026-09-12 14:46:46] Processing Realbooru #297812...
[2026-09-12 14:46:47]   Downloading media for #297812...
[2026-09-12 14:46:49]   Success: Uploaded as Post #20255.
[2026-09-12 14:46:49] Processing Realbooru #298245...
[2026-09-12 14:46:50]   Downloading media for #298245...
[2026-09-12 14:46:53]   Success: Uploaded as Post #20256.
[2026-09-12 14:46:53] Processing Realbooru #299290...
[2026-09-12 14:46:54]   Downloading media for #299290...
[2026-09-12 14:46:59]   Success: Uploaded as Post #20257.
[2026-09-12 14:46:59] Processing Realbooru #301403...
[2026-09-12 14:47:00]   Downloading media for #301403...
[2026-09-12 14:47:02]   Success: Uploaded as Post #20259.
[2026-09-12 14:47:02] Processing Realbooru #301584...
[2026-09-12 14:47:03]   Downloading media for #301584...
[2026-09-12 14:47:06]   Success: Uploaded as Post #20260.
[2026-09-12 14:47:06] Processing Realbooru #305702...
[2026-09-12 14:47:06]   Downloading media for #305702...
[2026-09-12 14:47:08]   Success: Uploaded as Post #20261.
[2026-09-12 14:47:08] Processing Realbooru #305886...
[2026-09-12 14:47:09]   Downloading media for #305886...
[2026-09-12 14:47:11]   Success: Uploaded as Post #20262.
[2026-09-12 14:47:11] Processing Realbooru #310381...
[2026-09-12 14:47:12]   Downloading media for #310381...
[2026-09-12 14:47:14]   Success: Uploaded as Post #20263.
[2026-09-12 14:47:14] Processing Realbooru #310793...
[2026-09-12 14:47:15]   Downloading media for #310793...
[2026-09-12 14:47:18]   Success: Uploaded as Post #20264.
[2026-09-12 14:47:18] Processing Realbooru #312697...
[2026-09-12 14:47:18]   Downloading media for #312697...
[2026-09-12 14:47:21]   Success: Uploaded as Post #20265.
[2026-09-12 14:47:21] Processing Realbooru #330871...
[2026-09-12 14:47:21]   Downloading media for #330871...
[2026-09-12 14:47:23]   Success: Uploaded as Post #20266.
[2026-09-12 14:47:23] Processing Realbooru #343934...
[2026-09-12 14:47:24]   Downloading media for #343934...
[2026-09-12 14:47:27]   Success: Uploaded as Post #20267.
[2026-09-12 14:47:27] Processing Realbooru #347085...
[2026-09-12 14:47:27]   Downloading media for #347085...
[2026-09-12 14:47:30]   Success: Uploaded as Post #20268.
[2026-09-12 14:47:30] Processing Realbooru #412278...
[2026-09-12 14:47:31]   Downloading media for #412278...
[2026-09-12 14:47:34]   Success: Uploaded as Post #20270.
[2026-09-12 14:47:34] Processing Realbooru #412577...
[2026-09-12 14:47:34]   Downloading media for #412577...
[2026-09-12 14:47:37]   Success: Uploaded as Post #20271.
[2026-09-12 14:47:37] Processing Realbooru #415756...
[2026-09-12 14:47:38]   Downloading media for #415756...
[2026-09-12 14:47:40]   Success: Uploaded as Post #20273.
[2026-09-12 14:47:40] Processing Realbooru #459295...
[2026-09-12 14:47:41]   Downloading media for #459295...
[2026-09-12 14:47:44]   Success: Uploaded as Post #20275.
[2026-09-12 14:47:44] Processing Realbooru #462030...
[2026-09-12 14:47:45]   Downloading media for #462030...
[2026-09-12 14:47:47]   Success: Uploaded as Post #20277.
[2026-09-12 14:47:47] Processing Realbooru #462688...
[2026-09-12 14:47:48]   Downloading media for #462688...
[2026-09-12 14:47:50]   Success: Uploaded as Post #20278.
[2026-09-12 14:47:50] Processing Realbooru #462987...
[2026-09-12 14:47:51]   Downloading media for #462987...
[2026-09-12 14:47:53]   Success: Uploaded as Post #20280.
[2026-09-12 14:47:53] Processing Realbooru #466880...
[2026-09-12 14:47:53]   Downloading media for #466880...
[2026-09-12 14:47:56]   Success: Uploaded as Post #20282.
[2026-09-12 14:47:56] Processing Realbooru #466903...
[2026-09-12 14:47:57]   Downloading media for #466903...
[2026-09-12 14:47:59]   Success: Uploaded as Post #20284.
[2026-09-12 14:47:59] Processing Realbooru #466933...
[2026-09-12 14:47:59]   Downloading media for #466933...
[2026-09-12 14:48:02]   Success: Uploaded as Post #20285.
[2026-09-12 14:48:02] Processing Realbooru #468175...
[2026-09-12 14:48:03]   Downloading media for #468175...
[2026-09-12 14:48:05]   Success: Uploaded as Post #20286.
[2026-09-12 14:48:05] Processing Realbooru #468470...
[2026-09-12 14:48:05]   Downloading media for #468470...
[2026-09-12 14:48:08]   Success: Uploaded as Post #20287.
[2026-09-12 14:48:08] Processing Realbooru #469114...
[2026-09-12 14:48:09]   Downloading media for #469114...
[2026-09-12 14:48:11]   Success: Uploaded as Post #20289.
[2026-09-12 14:48:11] Processing Realbooru #469128...
[2026-09-12 14:48:12]   Downloading media for #469128...
[2026-09-12 14:48:14]   Success: Uploaded as Post #20291.
[2026-09-12 14:48:14] Processing Realbooru #469277...
[2026-09-12 14:48:15]   Downloading media for #469277...
[2026-09-12 14:48:17]   Success: Uploaded as Post #20292.
[2026-09-12 14:48:17] Processing Realbooru #470081...
[2026-09-12 14:48:17]   Downloading media for #470081...
[2026-09-12 14:48:20]   Success: Uploaded as Post #20294.
[2026-09-12 14:48:20] Processing Realbooru #470304...
[2026-09-12 14:48:20]   Downloading media for #470304...
[2026-09-12 14:48:22]   Success: Uploaded as Post #20295.
[2026-09-12 14:48:22] Processing Realbooru #518048...
[2026-09-12 14:48:22]   Skipped: Post #518048 already in DB (Post #10868).
[2026-09-12 14:48:22] Processing Realbooru #526717...
[2026-09-12 14:48:23]   Downloading media for #526717...
[2026-09-12 14:48:30]   Success: Uploaded as Post #20296.
[2026-09-12 14:48:30] Processing Realbooru #530057...
[2026-09-12 14:48:30]   Downloading media for #530057...
[2026-09-12 14:48:33]   Success: Uploaded as Post #20297.
[2026-09-12 14:48:33] Processing Realbooru #533532...
[2026-09-12 14:48:33]   Downloading media for #533532...
[2026-09-12 14:48:35]   Success: Uploaded as Post #20298.
[2026-09-12 14:48:35] Processing Realbooru #533831...
[2026-09-12 14:48:36]   Downloading media for #533831...
[2026-09-12 14:48:38]   Success: Uploaded as Post #20299.
[2026-09-12 14:48:38] Processing Realbooru #558145...
[2026-09-12 14:48:39]   Downloading media for #558145...
[2026-09-12 14:48:42]   Success: Uploaded as Post #20300.
[2026-09-12 14:48:42] Processing Realbooru #558213...
[2026-09-12 14:48:43]   Downloading media for #558213...
[2026-09-12 14:48:45]   Success: Uploaded as Post #20301.
[2026-09-12 14:48:45] Processing Realbooru #558499...
[2026-09-12 14:48:46]   Downloading media for #558499...
[2026-09-12 14:48:48]   Success: Uploaded as Post #20302.
[2026-09-12 14:48:48] Processing Realbooru #569085...
[2026-09-12 14:48:48]   Downloading media for #569085...
[2026-09-12 14:48:52]   Success: Uploaded as Post #20303.
[2026-09-12 14:48:52] Processing Realbooru #577703...
[2026-09-12 14:48:52]   Downloading media for #577703...
[2026-09-12 14:48:55]   Success: Uploaded as Post #20304.
[2026-09-12 14:48:55] Processing Realbooru #578916...
[2026-09-12 14:48:56]   Downloading media for #578916...
[2026-09-12 14:48:57]   Success: Uploaded as Post #20305.
[2026-09-12 14:48:57] Fetching page list (pid=168)...
[2026-09-12 14:48:58] Processing Realbooru #598879...
[2026-09-12 14:48:59]   Downloading media for #598879...
[2026-09-12 14:49:02]   Success: Uploaded as Post #20307.
[2026-09-12 14:49:02] Processing Realbooru #606169...
[2026-09-12 14:49:03]   Downloading media for #606169...
[2026-09-12 14:49:04]   Success: Uploaded as Post #20308.
[2026-09-12 14:49:04] Processing Realbooru #606184...
[2026-09-12 14:49:05]   Downloading media for #606184...
[2026-09-12 14:49:08]   Success: Uploaded as Post #20310.
[2026-09-12 14:49:08] Processing Realbooru #606189...
[2026-09-12 14:49:08]   Downloading media for #606189...
[2026-09-12 14:49:11]   Success: Uploaded as Post #20311.
[2026-09-12 14:49:11] Processing Realbooru #606194...
[2026-09-12 14:49:12]   Downloading media for #606194...
[2026-09-12 14:49:14]   Success: Uploaded as Post #20313.
[2026-09-12 14:49:14] Processing Realbooru #606199...
[2026-09-12 14:49:15]   Downloading media for #606199...
[2026-09-12 14:49:17]   Success: Uploaded as Post #20314.
[2026-09-12 14:49:17] Processing Realbooru #606252...
[2026-09-12 14:49:17]   Downloading media for #606252...
[2026-09-12 14:49:19]   Success: Uploaded as Post #20315.
[2026-09-12 14:49:19] Processing Realbooru #606294...
[2026-09-12 14:49:20]   Downloading media for #606294...
[2026-09-12 14:49:22]   Success: Uploaded as Post #20317.
[2026-09-12 14:49:22] Processing Realbooru #606383...
[2026-09-12 14:49:23]   Downloading media for #606383...
[2026-09-12 14:49:25]   Success: Uploaded as Post #20319.
[2026-09-12 14:49:25] Processing Realbooru #606741...
[2026-09-12 14:49:26]   Downloading media for #606741...
[2026-09-12 14:49:28]   Success: Uploaded as Post #20321.
[2026-09-12 14:49:28] Processing Realbooru #606747...
[2026-09-12 14:49:29]   Downloading media for #606747...
[2026-09-12 14:49:31]   Success: Uploaded as Post #20322.
[2026-09-12 14:49:31] Processing Realbooru #606757...
[2026-09-12 14:49:32]   Downloading media for #606757...
[2026-09-12 14:49:34]   Success: Uploaded as Post #20324.
[2026-09-12 14:49:34] Processing Realbooru #606762...
[2026-09-12 14:49:35]   Downloading media for #606762...
[2026-09-12 14:49:37]   Success: Uploaded as Post #20325.
[2026-09-12 14:49:37] Processing Realbooru #606772...
[2026-09-12 14:49:38]   Downloading media for #606772...
[2026-09-12 14:49:40]   Success: Uploaded as Post #20327.
[2026-09-12 14:49:40] Processing Realbooru #606777...
[2026-09-12 14:49:41]   Downloading media for #606777...
[2026-09-12 14:49:43]   Success: Uploaded as Post #20328.
[2026-09-12 14:49:43] Processing Realbooru #606782...
[2026-09-12 14:49:44]   Downloading media for #606782...
[2026-09-12 14:49:46]   Success: Uploaded as Post #20329.
[2026-09-12 14:49:46] Processing Realbooru #606865...
[2026-09-12 14:49:47]   Downloading media for #606865...
[2026-09-12 14:49:49]   Success: Uploaded as Post #20331.
[2026-09-12 14:49:49] Processing Realbooru #621303...
[2026-09-12 14:49:50]   Downloading media for #621303...
[2026-09-12 14:49:52]   Success: Uploaded as Post #20333.
[2026-09-12 14:49:52] Processing Realbooru #622092...
[2026-09-12 14:49:52]   Downloading media for #622092...
[2026-09-12 14:49:55]   Success: Uploaded as Post #20334.
[2026-09-12 14:49:55] Processing Realbooru #622240...
[2026-09-12 14:49:56]   Downloading media for #622240...
[2026-09-12 14:49:59]   Success: Uploaded as Post #20336.
[2026-09-12 14:49:59] Processing Realbooru #622499...
[2026-09-12 14:50:00]   Downloading media for #622499...
[2026-09-12 14:50:03]   Success: Uploaded as Post #20337.
[2026-09-12 14:50:03] Processing Realbooru #623501...
[2026-09-12 14:50:04]   Downloading media for #623501...
[2026-09-12 14:50:06]   Success: Uploaded as Post #20339.
[2026-09-12 14:50:06] Processing Realbooru #626010...
[2026-09-12 14:50:07]   Downloading media for #626010...
[2026-09-12 14:50:09]   Success: Uploaded as Post #20340.
[2026-09-12 14:50:09] Processing Realbooru #627526...
[2026-09-12 14:50:10]   Downloading media for #627526...
[2026-09-12 14:50:11]   Success: Uploaded as Post #20342.
[2026-09-12 14:50:11] Processing Realbooru #628947...
[2026-09-12 14:50:12]   Downloading media for #628947...
[2026-09-12 14:50:14]   Success: Uploaded as Post #20343.
[2026-09-12 14:50:14] Processing Realbooru #633136...
[2026-09-12 14:50:15]   Downloading media for #633136...
[2026-09-12 14:50:18]   Success: Uploaded as Post #20344.
[2026-09-12 14:50:18] Processing Realbooru #639221...
[2026-09-12 14:50:18]   Downloading media for #639221...
[2026-09-12 14:50:27]   Success: Uploaded as Post #20345.
[2026-09-12 14:50:27] Processing Realbooru #642621...
[2026-09-12 14:50:28]   Downloading media for #642621...
[2026-09-12 14:50:34]   Success: Uploaded as Post #20347.
[2026-09-12 14:50:34] Processing Realbooru #646909...
[2026-09-12 14:50:34]   Downloading media for #646909...
[2026-09-12 14:50:37]   Success: Uploaded as Post #20349.
[2026-09-12 14:50:37] Processing Realbooru #646985...
[2026-09-12 14:50:38]   Downloading media for #646985...
[2026-09-12 14:50:44]   Success: Uploaded as Post #20352.
[2026-09-12 14:50:44] Processing Realbooru #646987...
[2026-09-12 14:50:44]   Downloading media for #646987...
[2026-09-12 14:50:49]   Success: Uploaded as Post #20353.
[2026-09-12 14:50:49] Processing Realbooru #646991...
[2026-09-12 14:50:50]   Downloading media for #646991...
[2026-09-12 14:51:04]   Success: Uploaded as Post #20355.
[2026-09-12 14:51:04] Processing Realbooru #646992...
[2026-09-12 14:51:05]   Downloading media for #646992...
[2026-09-12 14:51:10]   Success: Uploaded as Post #20358.
[2026-09-12 14:51:10] Processing Realbooru #647442...
[2026-09-12 14:51:11]   Downloading media for #647442...
[2026-09-12 14:53:58]   Success: Uploaded as Post #20386.
[2026-09-12 14:53:58] Processing Realbooru #647553...
[2026-09-12 14:53:59]   Downloading media for #647553...
[2026-09-12 14:56:14]   Success: Uploaded as Post #20400.
[2026-09-12 14:56:14] Processing Realbooru #647665...
[2026-09-12 14:56:15]   Downloading media for #647665...
[2026-09-12 14:56:19]   Success: Uploaded as Post #20401.
[2026-09-12 14:56:19] Processing Realbooru #647666...
[2026-09-12 14:56:19]   Downloading media for #647666...
[2026-09-12 14:56:24]   Success: Uploaded as Post #20404.
[2026-09-12 14:56:24] Processing Realbooru #647667...
[2026-09-12 14:56:25]   Downloading media for #647667...
[2026-09-12 14:56:29]   Success: Uploaded as Post #20405.
[2026-09-12 14:56:29] Processing Realbooru #648028...
[2026-09-12 14:56:30]   Downloading media for #648028...
[2026-09-12 14:56:35]   Success: Uploaded as Post #20406.
[2026-09-12 14:56:35] Processing Realbooru #648434...
[2026-09-12 14:56:35]   Downloading media for #648434...
[2026-09-12 14:56:44]   Success: Uploaded as Post #20409.
[2026-09-12 14:56:44] Processing Realbooru #648476...
[2026-09-12 14:56:45]   Downloading media for #648476...
[2026-09-12 15:00:29]   Success: Uploaded as Post #20425.
[2026-09-12 15:00:29] Processing Realbooru #648524...
[2026-09-12 15:00:29]   Downloading media for #648524...
[2026-09-12 15:00:35]   Success: Uploaded as Post #20426.
[2026-09-12 15:00:35] Fetching page list (pid=210)...
[2026-09-12 15:00:36] Processing Realbooru #648585...
[2026-09-12 15:00:36]   Downloading media for #648585...
[2026-09-12 15:03:12]   Success: Uploaded as Post #20456.
[2026-09-12 15:03:12] Processing Realbooru #648632...
[2026-09-12 15:03:13]   Downloading media for #648632...
[2026-09-12 15:06:46]   Success: Uploaded as Post #20458.
[2026-09-12 15:06:46] Processing Realbooru #648661...
[2026-09-12 15:06:47]   Downloading media for #648661...
[2026-09-12 15:06:51]   Success: Uploaded as Post #20459.
[2026-09-12 15:06:51] Processing Realbooru #648683...
[2026-09-12 15:06:51]   Downloading media for #648683...
[2026-09-12 15:06:56]   Success: Uploaded as Post #20460.
[2026-09-12 15:06:56] Processing Realbooru #649278...
[2026-09-12 15:06:56]   Downloading media for #649278...
[2026-09-12 15:07:02]   Success: Uploaded as Post #20461.
[2026-09-12 15:07:02] Processing Realbooru #649326...
[2026-09-12 15:07:03]   Downloading media for #649326...
[2026-09-12 15:07:42]   Success: Uploaded as Post #20462.
[2026-09-12 15:07:42] Processing Realbooru #649635...
[2026-09-12 15:07:43]   Downloading media for #649635...
[2026-09-12 15:07:47]   Success: Uploaded as Post #20463.
[2026-09-12 15:07:47] Processing Realbooru #649718...
[2026-09-12 15:07:48]   Downloading media for #649718...
[2026-09-12 15:07:55]   Success: Uploaded as Post #20464.
[2026-09-12 15:07:55] Processing Realbooru #669009...
[2026-09-12 15:07:56]   Downloading media for #669009...
[2026-09-12 15:07:58]   Success: Uploaded as Post #20465.
[2026-09-12 15:07:58] Processing Realbooru #669117...
[2026-09-12 15:07:59]   Downloading media for #669117...
[2026-09-12 15:08:07]   Success: Uploaded as Post #20466.
[2026-09-12 15:08:07] Processing Realbooru #669118...
[2026-09-12 15:08:08]   Downloading media for #669118...
[2026-09-12 15:08:09]   Success: Uploaded as Post #20467.
[2026-09-12 15:08:09] Processing Realbooru #669215...
[2026-09-12 15:08:10]   Downloading media for #669215...
[2026-09-12 15:08:45]   Success: Uploaded as Post #20468.
[2026-09-12 15:08:45] Processing Realbooru #669235...
[2026-09-12 15:08:46]   Downloading media for #669235...
[2026-09-12 15:08:49]   Success: Uploaded as Post #20469.
[2026-09-12 15:08:49] Processing Realbooru #669635...
[2026-09-12 15:08:50]   Downloading media for #669635...
[2026-09-12 15:09:04]   Success: Uploaded as Post #20470.
[2026-09-12 15:09:04] Processing Realbooru #669691...
[2026-09-12 15:09:04]   Downloading media for #669691...
[2026-09-12 15:09:09]   Success: Uploaded as Post #20471.
[2026-09-12 15:09:09] Processing Realbooru #670046...
[2026-09-12 15:09:10]   Downloading media for #670046...
[2026-09-12 15:11:13]   Success: Uploaded as Post #20472.
[2026-09-12 15:11:13] Processing Realbooru #670309...
[2026-09-12 15:11:14]   Downloading media for #670309...
[2026-09-12 15:11:20]   Success: Uploaded as Post #20473.
[2026-09-12 15:11:20] Processing Realbooru #670432...
[2026-09-12 15:11:21]   Downloading media for #670432...
[2026-09-12 15:11:28]   Success: Uploaded as Post #20474.
[2026-09-12 15:11:28] Processing Realbooru #670513...
[2026-09-12 15:11:29]   Downloading media for #670513...
[2026-09-12 15:11:38]   Success: Uploaded as Post #20476.
[2026-09-12 15:11:38] Processing Realbooru #670654...
[2026-09-12 15:11:39]   Downloading media for #670654...
[2026-09-12 15:12:28]   Success: Uploaded as Post #20477.
[2026-09-12 15:12:28] Processing Realbooru #670978...
[2026-09-12 15:12:29]   Downloading media for #670978...
[2026-09-12 15:12:34]   Success: Uploaded as Post #20478.
[2026-09-12 15:12:34] Processing Realbooru #671084...
[2026-09-12 15:12:34]   Downloading media for #671084...
[2026-09-12 15:12:39]   Success: Uploaded as Post #20479.
[2026-09-12 15:12:39] Processing Realbooru #671311...
[2026-09-12 15:12:40]   Downloading media for #671311...
[2026-09-12 15:12:42]   Success: Uploaded as Post #20480.
[2026-09-12 15:12:42] Processing Realbooru #671507...
[2026-09-12 15:12:42]   Downloading media for #671507...
[2026-09-12 15:12:44]   Success: Uploaded as Post #20481.
[2026-09-12 15:12:44] Processing Realbooru #671539...
[2026-09-12 15:12:45]   Downloading media for #671539...
[2026-09-12 15:12:56]   Success: Uploaded as Post #20482.
[2026-09-12 15:12:56] Processing Realbooru #671582...
[2026-09-12 15:12:57]   Downloading media for #671582...
[2026-09-12 15:13:06]   Success: Uploaded as Post #20483.
[2026-09-12 15:13:06] Processing Realbooru #671583...
[2026-09-12 15:13:07]   Downloading media for #671583...
[2026-09-12 15:13:13]   Success: Uploaded as Post #20484.
[2026-09-12 15:13:13] Processing Realbooru #671616...
[2026-09-12 15:13:14]   Downloading media for #671616...
[2026-09-12 15:13:16]   Success: Uploaded as Post #20485.
[2026-09-12 15:13:16] Processing Realbooru #671619...
[2026-09-12 15:13:16]   Downloading media for #671619...
[2026-09-12 15:13:19]   Success: Uploaded as Post #20486.
[2026-09-12 15:13:19] Processing Realbooru #672661...
[2026-09-12 15:13:19]   Downloading media for #672661...
[2026-09-12 15:13:23]   Success: Uploaded as Post #20487.
[2026-09-12 15:13:23] Processing Realbooru #672884...
[2026-09-12 15:13:23]   Downloading media for #672884...
[2026-09-12 15:14:24]   Success: Uploaded as Post #20488.
[2026-09-12 15:14:24] Processing Realbooru #673005...
[2026-09-12 15:14:24]   Downloading media for #673005...
[2026-09-12 15:14:27]   Success: Uploaded as Post #20489.
[2026-09-12 15:14:27] Processing Realbooru #673006...
[2026-09-12 15:14:27]   Downloading media for #673006...
[2026-09-12 15:14:29]   Success: Uploaded as Post #20490.
[2026-09-12 15:14:29] Processing Realbooru #673007...
[2026-09-12 15:14:30]   Downloading media for #673007...
[2026-09-12 15:14:32]   Success: Uploaded as Post #20491.
[2026-09-12 15:14:32] Processing Realbooru #673009...
[2026-09-12 15:14:33]   Downloading media for #673009...
[2026-09-12 15:14:36]   Success: Uploaded as Post #20492.
[2026-09-12 15:14:36] Processing Realbooru #673011...
[2026-09-12 15:14:36]   Downloading media for #673011...
[2026-09-12 15:14:39]   Success: Uploaded as Post #20493.
[2026-09-12 15:14:39] Processing Realbooru #673071...
[2026-09-12 15:14:40]   Downloading media for #673071...
[2026-09-12 15:15:02]   Success: Uploaded as Post #20494.
[2026-09-12 15:15:02] Processing Realbooru #673427...
[2026-09-12 15:15:03]   Downloading media for #673427...
[2026-09-12 15:15:05]   Success: Uploaded as Post #20495.
[2026-09-12 15:15:05] Processing Realbooru #673428...
[2026-09-12 15:15:06]   Downloading media for #673428...
[2026-09-12 15:15:08]   Success: Uploaded as Post #20496.
[2026-09-12 15:15:08] Processing Realbooru #673430...
[2026-09-12 15:15:09]   Downloading media for #673430...
[2026-09-12 15:15:11]   Success: Uploaded as Post #20497.
[2026-09-12 15:15:11] Processing Realbooru #673434...
[2026-09-12 15:15:12]   Downloading media for #673434...
[2026-09-12 15:15:14]   Success: Uploaded as Post #20498.
[2026-09-12 15:15:14] Processing Realbooru #674103...
[2026-09-12 15:15:15]   Downloading media for #674103...
[2026-09-12 15:15:17]   Success: Uploaded as Post #20499.
[2026-09-12 15:15:17] Fetching page list (pid=252)...
[2026-09-12 15:15:18] Processing Realbooru #675580...
[2026-09-12 15:15:19]   Downloading media for #675580...
[2026-09-12 15:15:22]   Success: Uploaded as Post #20500.
[2026-09-12 15:15:22] Processing Realbooru #675581...
[2026-09-12 15:15:23]   Downloading media for #675581...
[2026-09-12 15:15:26]   Success: Uploaded as Post #20501.
[2026-09-12 15:15:26] Processing Realbooru #675582...
[2026-09-12 15:15:26]   Downloading media for #675582...
[2026-09-12 15:15:30]   Success: Uploaded as Post #20502.
[2026-09-12 15:15:30] Processing Realbooru #675584...
[2026-09-12 15:15:31]   Downloading media for #675584...
[2026-09-12 15:15:33]   Success: Uploaded as Post #20503.
[2026-09-12 15:15:33] Processing Realbooru #677258...
[2026-09-12 15:15:34]   Downloading media for #677258...
[2026-09-12 15:15:36]   Success: Uploaded as Post #20504.
[2026-09-12 15:15:36] Processing Realbooru #677673...
[2026-09-12 15:15:37]   Downloading media for #677673...
[2026-09-12 15:15:39]   Success: Uploaded as Post #20505.
[2026-09-12 15:15:39] Processing Realbooru #677675...
[2026-09-12 15:15:39]   Downloading media for #677675...
[2026-09-12 15:15:43]   Success: Uploaded as Post #20506.
[2026-09-12 15:15:43] Processing Realbooru #677676...
[2026-09-12 15:15:44]   Downloading media for #677676...
[2026-09-12 15:15:48]   Success: Uploaded as Post #20507.
[2026-09-12 15:15:48] Processing Realbooru #677677...
[2026-09-12 15:15:49]   Downloading media for #677677...
[2026-09-12 15:15:53]   Success: Uploaded as Post #20508.
[2026-09-12 15:15:53] Processing Realbooru #677868...
[2026-09-12 15:15:53]   Downloading media for #677868...
[2026-09-12 15:15:57]   Success: Uploaded as Post #20509.
[2026-09-12 15:15:57] Processing Realbooru #677960...
[2026-09-12 15:15:57]   Downloading media for #677960...
[2026-09-12 15:15:59]   Success: Uploaded as Post #20510.
[2026-09-12 15:15:59] Processing Realbooru #677990...
[2026-09-12 15:16:00]   Downloading media for #677990...
[2026-09-12 15:16:02]   Success: Uploaded as Post #20511.
[2026-09-12 15:16:02] Processing Realbooru #678272...
[2026-09-12 15:16:03]   Downloading media for #678272...
[2026-09-12 15:16:11]   Success: Uploaded as Post #20512.
[2026-09-12 15:16:11] Processing Realbooru #678325...
[2026-09-12 15:16:12]   Downloading media for #678325...
[2026-09-12 15:16:45]   Success: Uploaded as Post #20513.
[2026-09-12 15:16:45] Processing Realbooru #678336...
[2026-09-12 15:16:46]   Downloading media for #678336...
[2026-09-12 15:16:50]   Success: Uploaded as Post #20514.
[2026-09-12 15:16:50] Processing Realbooru #678766...
[2026-09-12 15:16:50]   Downloading media for #678766...
[2026-09-12 15:16:52]   Success: Uploaded as Post #20515.
[2026-09-12 15:16:52] Processing Realbooru #678970...
[2026-09-12 15:16:53]   Downloading media for #678970...
[2026-09-12 15:17:24]   Success: Uploaded as Post #20516.
[2026-09-12 15:17:24] Processing Realbooru #679325...
[2026-09-12 15:17:25]   Downloading media for #679325...
[2026-09-12 15:17:32]   Success: Uploaded as Post #20518.
[2026-09-12 15:17:32] Processing Realbooru #679660...
[2026-09-12 15:17:32]   Downloading media for #679660...
[2026-09-12 15:17:34]   Success: Uploaded as Post #20519.
[2026-09-12 15:17:34] Processing Realbooru #681315...
[2026-09-12 15:17:35]   Downloading media for #681315...
[2026-09-12 15:17:49]   Success: Uploaded as Post #20520.
[2026-09-12 15:17:49] Processing Realbooru #681397...
[2026-09-12 15:17:50]   Downloading media for #681397...
[2026-09-12 15:17:53]   Success: Uploaded as Post #20521.
[2026-09-12 15:17:53] Processing Realbooru #682191...
[2026-09-12 15:17:54]   Downloading media for #682191...
[2026-09-12 15:17:57]   Success: Uploaded as Post #20522.
[2026-09-12 15:17:57] Processing Realbooru #682192...
[2026-09-12 15:17:57]   Downloading media for #682192...
[2026-09-12 15:18:00]   Success: Uploaded as Post #20523.
[2026-09-12 15:18:00] Processing Realbooru #682263...
[2026-09-12 15:18:00]   Downloading media for #682263...
[2026-09-12 15:18:41]   Success: Uploaded as Post #20524.
[2026-09-12 15:18:41] Processing Realbooru #682379...
[2026-09-12 15:18:42]   Downloading media for #682379...
[2026-09-12 15:18:44]   Success: Uploaded as Post #20525.
[2026-09-12 15:18:44] Processing Realbooru #682380...
[2026-09-12 15:18:45]   Downloading media for #682380...
[2026-09-12 15:18:47]   Success: Uploaded as Post #20526.
[2026-09-12 15:18:47] Processing Realbooru #682381...
[2026-09-12 15:18:47]   Downloading media for #682381...
[2026-09-12 15:18:50]   Success: Uploaded as Post #20527.
[2026-09-12 15:18:50] Processing Realbooru #682382...
[2026-09-12 15:18:50]   Downloading media for #682382...
[2026-09-12 15:18:53]   Success: Uploaded as Post #20528.
[2026-09-12 15:18:53] Processing Realbooru #682383...
[2026-09-12 15:18:54]   Downloading media for #682383...
[2026-09-12 15:18:56]   Success: Uploaded as Post #20529.
[2026-09-12 15:18:56] Processing Realbooru #682577...
[2026-09-12 15:18:57]   Downloading media for #682577...
[2026-09-12 15:19:03]   Success: Uploaded as Post #20530.
[2026-09-12 15:19:03] Processing Realbooru #683171...
[2026-09-12 15:19:04]   Downloading media for #683171...
[2026-09-12 15:19:08]   Success: Uploaded as Post #20531.
[2026-09-12 15:19:08] Processing Realbooru #683220...
[2026-09-12 15:19:08]   Downloading media for #683220...
[2026-09-12 15:20:46]   Success: Uploaded as Post #20532.
[2026-09-12 15:20:46] Processing Realbooru #683252...
[2026-09-12 15:20:47]   Downloading media for #683252...
[2026-09-12 15:20:53]   Success: Uploaded as Post #20533.
[2026-09-12 15:20:53] Processing Realbooru #683255...
[2026-09-12 15:20:54]   Downloading media for #683255...
[2026-09-12 15:20:58]   Success: Uploaded as Post #20534.
[2026-09-12 15:20:58] Processing Realbooru #683580...
[2026-09-12 15:20:58]   Downloading media for #683580...
[2026-09-12 15:21:06]   Success: Uploaded as Post #20535.
[2026-09-12 15:21:06] Processing Realbooru #684049...
[2026-09-12 15:21:07]   Downloading media for #684049...
[2026-09-12 15:21:09]   Success: Uploaded as Post #20536.
[2026-09-12 15:21:09] Processing Realbooru #684050...
[2026-09-12 15:21:10]   Downloading media for #684050...
[2026-09-12 15:21:12]   Success: Uploaded as Post #20537.
[2026-09-12 15:21:12] Processing Realbooru #684074...
[2026-09-12 15:21:13]   Downloading media for #684074...
[2026-09-12 15:21:16]   Success: Uploaded as Post #20538.
[2026-09-12 15:21:16] Processing Realbooru #684113...
[2026-09-12 15:21:17]   Downloading media for #684113...
[2026-09-12 15:21:19]   Success: Uploaded as Post #20539.
[2026-09-12 15:21:19] Processing Realbooru #684224...
[2026-09-12 15:21:20]   Downloading media for #684224...
[2026-09-12 15:21:30]   Success: Uploaded as Post #20540.
[2026-09-12 15:21:30] Processing Realbooru #684233...
[2026-09-12 15:21:31]   Downloading media for #684233...
[2026-09-12 15:21:47]   Success: Uploaded as Post #20541.
[2026-09-12 15:21:47] Processing Realbooru #684443...
[2026-09-12 15:21:48]   Downloading media for #684443...
[2026-09-12 15:21:51]   Success: Uploaded as Post #20542.
[2026-09-12 15:21:51] Fetching page list (pid=294)...
[2026-09-12 15:21:52] Processing Realbooru #684590...
[2026-09-12 15:21:53]   Downloading media for #684590...
[2026-09-12 15:22:00]   Success: Uploaded as Post #20543.
[2026-09-12 15:22:00] Processing Realbooru #684611...
[2026-09-12 15:22:01]   Downloading media for #684611...
[2026-09-12 15:22:38]   Success: Uploaded as Post #20544.
[2026-09-12 15:22:38] Processing Realbooru #684867...
[2026-09-12 15:22:39]   Downloading media for #684867...
[2026-09-12 15:22:44]   Success: Uploaded as Post #20545.
[2026-09-12 15:22:44] Processing Realbooru #684925...
[2026-09-12 15:22:44]   Downloading media for #684925...
[2026-09-12 15:22:46]   Success: Uploaded as Post #20546.
[2026-09-12 15:22:46] Processing Realbooru #684927...
[2026-09-12 15:22:47]   Downloading media for #684927...
[2026-09-12 15:22:49]   Success: Uploaded as Post #20547.
[2026-09-12 15:22:49] Processing Realbooru #684928...
[2026-09-12 15:22:49]   Downloading media for #684928...
[2026-09-12 15:22:51]   Success: Uploaded as Post #20548.
[2026-09-12 15:22:51] Processing Realbooru #684929...
[2026-09-12 15:22:52]   Downloading media for #684929...
[2026-09-12 15:22:54]   Success: Uploaded as Post #20549.
[2026-09-12 15:22:54] Processing Realbooru #684937...
[2026-09-12 15:22:55]   Downloading media for #684937...
[2026-09-12 15:22:57]   Success: Uploaded as Post #20550.
[2026-09-12 15:22:57] Processing Realbooru #685189...
[2026-09-12 15:22:57]   Downloading media for #685189...
[2026-09-12 15:23:01]   Success: Uploaded as Post #20551.
[2026-09-12 15:23:01] Processing Realbooru #685505...
[2026-09-12 15:23:02]   Downloading media for #685505...
[2026-09-12 15:23:33]   Success: Uploaded as Post #20552.
[2026-09-12 15:23:33] Processing Realbooru #685530...
[2026-09-12 15:23:35]   Downloading media for #685530...
[2026-09-12 15:23:39]   Success: Uploaded as Post #20554.
[2026-09-12 15:23:39] Processing Realbooru #685570...
[2026-09-12 15:23:39]   Downloading media for #685570...
[2026-09-12 15:25:05]   Success: Uploaded as Post #20556.
[2026-09-12 15:25:05] Processing Realbooru #685622...
[2026-09-12 15:25:06]   Downloading media for #685622...
[2026-09-12 15:25:47]   Success: Uploaded as Post #20559.
[2026-09-12 15:25:47] Processing Realbooru #685958...
[2026-09-12 15:25:48]   Downloading media for #685958...
[2026-09-12 15:25:52]   Success: Uploaded as Post #20560.
[2026-09-12 15:25:52] Processing Realbooru #686033...
[2026-09-12 15:25:53]   Downloading media for #686033...
[2026-09-12 15:25:57]   Success: Uploaded as Post #20561.
[2026-09-12 15:25:57] Processing Realbooru #687049...
[2026-09-12 15:25:58]   Downloading media for #687049...
[2026-09-12 15:26:05]   Success: Uploaded as Post #20562.
[2026-09-12 15:26:05] Processing Realbooru #687102...
[2026-09-12 15:26:06]   Downloading media for #687102...
[2026-09-12 15:27:08]   Success: Uploaded as Post #20567.
[2026-09-12 15:27:08] Processing Realbooru #687667...
[2026-09-12 15:27:09]   Downloading media for #687667...
[2026-09-12 15:27:15]   Success: Uploaded as Post #20568.
[2026-09-12 15:27:15] Processing Realbooru #687691...
[2026-09-12 15:27:16]   Downloading media for #687691...
[2026-09-12 15:27:21]   Success: Uploaded as Post #20569.
[2026-09-12 15:27:21] Processing Realbooru #687694...
[2026-09-12 15:27:21]   Downloading media for #687694...
[2026-09-12 15:27:23]   Success: Uploaded as Post #20570.
[2026-09-12 15:27:23] Processing Realbooru #688395...
[2026-09-12 15:27:24]   Downloading media for #688395...
[2026-09-12 15:27:45]   Success: Uploaded as Post #20571.
[2026-09-12 15:27:45] Processing Realbooru #688403...
[2026-09-12 15:27:46]   Downloading media for #688403...
[2026-09-12 15:28:33]   Success: Uploaded as Post #20572.
[2026-09-12 15:28:33] Processing Realbooru #688626...
[2026-09-12 15:28:34]   Downloading media for #688626...
[2026-09-12 15:28:59]   Success: Uploaded as Post #20573.
[2026-09-12 15:28:59] Processing Realbooru #688627...
[2026-09-12 15:29:00]   Downloading media for #688627...
[2026-09-12 15:30:01]   Success: Uploaded as Post #20574.
[2026-09-12 15:30:01] Processing Realbooru #688628...
[2026-09-12 15:30:02]   Downloading media for #688628...
[2026-09-12 15:30:29]   Success: Uploaded as Post #20576.
[2026-09-12 15:30:29] Processing Realbooru #688812...
[2026-09-12 15:30:29]   Downloading media for #688812...
[2026-09-12 15:30:34]   Success: Uploaded as Post #20577.
[2026-09-12 15:30:34] Processing Realbooru #688872...
[2026-09-12 15:30:35]   Downloading media for #688872...
[2026-09-12 15:30:38]   Success: Uploaded as Post #20578.
[2026-09-12 15:30:38] Processing Realbooru #688873...
[2026-09-12 15:30:39]   Downloading media for #688873...
[2026-09-12 15:30:41]   Success: Uploaded as Post #20579.
[2026-09-12 15:30:41] Processing Realbooru #688874...
[2026-09-12 15:30:42]   Downloading media for #688874...
[2026-09-12 15:30:44]   Success: Uploaded as Post #20580.
[2026-09-12 15:30:44] Processing Realbooru #688884...
[2026-09-12 15:30:45]   Downloading media for #688884...
[2026-09-12 15:30:47]   Success: Uploaded as Post #20581.
[2026-09-12 15:30:47] Processing Realbooru #688925...
[2026-09-12 15:30:48]   Downloading media for #688925...
[2026-09-12 15:30:49]   Success: Uploaded as Post #20582.
[2026-09-12 15:30:49] Processing Realbooru #688928...
[2026-09-12 15:30:50]   Downloading media for #688928...
[2026-09-12 15:30:54]   Success: Uploaded as Post #20583.
[2026-09-12 15:30:54] Processing Realbooru #688952...
[2026-09-12 15:30:55]   Downloading media for #688952...
[2026-09-12 15:30:58]   Success: Uploaded as Post #20584.
[2026-09-12 15:30:58] Processing Realbooru #688953...
[2026-09-12 15:30:59]   Downloading media for #688953...
[2026-09-12 15:31:02]   Success: Uploaded as Post #20585.
[2026-09-12 15:31:02] Processing Realbooru #688954...
[2026-09-12 15:31:02]   Downloading media for #688954...
[2026-09-12 15:31:05]   Success: Uploaded as Post #20586.
[2026-09-12 15:31:05] Processing Realbooru #688955...
[2026-09-12 15:31:06]   Downloading media for #688955...
[2026-09-12 15:31:08]   Success: Uploaded as Post #20587.
[2026-09-12 15:31:08] Processing Realbooru #689055...
[2026-09-12 15:31:09]   Downloading media for #689055...
[2026-09-12 15:31:56]   Success: Uploaded as Post #20591.
[2026-09-12 15:31:56] Processing Realbooru #689128...
[2026-09-12 15:31:57]   Downloading media for #689128...
[2026-09-12 15:31:58]   Success: Uploaded as Post #20592.
[2026-09-12 15:31:58] Processing Realbooru #689133...
[2026-09-12 15:31:59]   Downloading media for #689133...
[2026-09-12 15:32:01]   Success: Uploaded as Post #20593.
[2026-09-12 15:32:01] Processing Realbooru #689134...
[2026-09-12 15:32:01]   Downloading media for #689134...
[2026-09-12 15:32:04]   Success: Uploaded as Post #20594.
[2026-09-12 15:32:04] Processing Realbooru #689135...
[2026-09-12 15:32:05]   Downloading media for #689135...
[2026-09-12 15:32:06]   Success: Uploaded as Post #20595.
[2026-09-12 15:32:06] Processing Realbooru #689136...
[2026-09-12 15:32:07]   Downloading media for #689136...
[2026-09-12 15:32:10]   Success: Uploaded as Post #20596.
[2026-09-12 15:32:10] Fetching page list (pid=336)...
[2026-09-12 15:32:11] Processing Realbooru #689138...
[2026-09-12 15:32:12]   Downloading media for #689138...
[2026-09-12 15:32:14]   Success: Uploaded as Post #20597.
[2026-09-12 15:32:14] Processing Realbooru #689139...
[2026-09-12 15:32:14]   Downloading media for #689139...
[2026-09-12 15:32:16]   Success: Uploaded as Post #20598.
[2026-09-12 15:32:16] Processing Realbooru #689159...
[2026-09-12 15:32:17]   Downloading media for #689159...
[2026-09-12 15:34:09]   Success: Uploaded as Post #20599.
[2026-09-12 15:34:09] Processing Realbooru #689166...
[2026-09-12 15:34:10]   Downloading media for #689166...
[2026-09-12 15:34:12]   Success: Uploaded as Post #20600.
[2026-09-12 15:34:12] Processing Realbooru #689167...
[2026-09-12 15:34:13]   Downloading media for #689167...
[2026-09-12 15:34:16]   Success: Uploaded as Post #20601.
[2026-09-12 15:34:16] Processing Realbooru #689168...
[2026-09-12 15:34:16]   Downloading media for #689168...
[2026-09-12 15:34:19]   Success: Uploaded as Post #20602.
[2026-09-12 15:34:19] Processing Realbooru #689169...
[2026-09-12 15:34:20]   Downloading media for #689169...
[2026-09-12 15:34:22]   Success: Uploaded as Post #20603.
[2026-09-12 15:34:22] Processing Realbooru #689170...
[2026-09-12 15:34:23]   Downloading media for #689170...
[2026-09-12 15:34:25]   Success: Uploaded as Post #20604.
[2026-09-12 15:34:25] Processing Realbooru #689171...
[2026-09-12 15:34:26]   Downloading media for #689171...
[2026-09-12 15:34:29]   Success: Uploaded as Post #20605.
[2026-09-12 15:34:29] Processing Realbooru #689297...
[2026-09-12 15:34:30]   Downloading media for #689297...
[2026-09-12 15:34:32]   Success: Uploaded as Post #20606.
[2026-09-12 15:34:32] Processing Realbooru #689298...
[2026-09-12 15:34:33]   Downloading media for #689298...
[2026-09-12 15:34:35]   Success: Uploaded as Post #20607.
[2026-09-12 15:34:35] Processing Realbooru #689299...
[2026-09-12 15:34:36]   Downloading media for #689299...
[2026-09-12 15:34:39]   Success: Uploaded as Post #20608.
[2026-09-12 15:34:39] Processing Realbooru #689300...
[2026-09-12 15:34:39]   Downloading media for #689300...
[2026-09-12 15:34:42]   Success: Uploaded as Post #20609.
[2026-09-12 15:34:42] Processing Realbooru #689302...
[2026-09-12 15:34:42]   Downloading media for #689302...
[2026-09-12 15:34:45]   Success: Uploaded as Post #20610.
[2026-09-12 15:34:45] Processing Realbooru #689303...
[2026-09-12 15:34:46]   Downloading media for #689303...
[2026-09-12 15:34:48]   Success: Uploaded as Post #20611.
[2026-09-12 15:34:48] Processing Realbooru #689304...
[2026-09-12 15:34:49]   Downloading media for #689304...
[2026-09-12 15:34:52]   Success: Uploaded as Post #20612.
[2026-09-12 15:34:52] Processing Realbooru #689306...
[2026-09-12 15:34:52]   Downloading media for #689306...
[2026-09-12 15:34:55]   Success: Uploaded as Post #20613.
[2026-09-12 15:34:55] Processing Realbooru #689307...
[2026-09-12 15:34:56]   Downloading media for #689307...
[2026-09-12 15:34:58]   Success: Uploaded as Post #20614.
[2026-09-12 15:34:58] Processing Realbooru #689309...
[2026-09-12 15:34:59]   Downloading media for #689309...
[2026-09-12 15:35:00]   Success: Uploaded as Post #20615.
[2026-09-12 15:35:00] Processing Realbooru #689310...
[2026-09-12 15:35:01]   Downloading media for #689310...
[2026-09-12 15:35:03]   Success: Uploaded as Post #20616.
[2026-09-12 15:35:03] Processing Realbooru #689313...
[2026-09-12 15:35:04]   Downloading media for #689313...
[2026-09-12 15:35:06]   Success: Uploaded as Post #20617.
[2026-09-12 15:35:06] Processing Realbooru #689314...
[2026-09-12 15:35:07]   Downloading media for #689314...
[2026-09-12 15:35:10]   Success: Uploaded as Post #20618.
[2026-09-12 15:35:10] Processing Realbooru #689318...
[2026-09-12 15:35:11]   Downloading media for #689318...
[2026-09-12 15:35:13]   Success: Uploaded as Post #20619.
[2026-09-12 15:35:13] Processing Realbooru #689319...
[2026-09-12 15:35:14]   Downloading media for #689319...
[2026-09-12 15:35:17]   Success: Uploaded as Post #20620.
[2026-09-12 15:35:17] Processing Realbooru #689320...
[2026-09-12 15:35:18]   Downloading media for #689320...
[2026-09-12 15:35:19]   Success: Uploaded as Post #20621.
[2026-09-12 15:35:19] Processing Realbooru #689321...
[2026-09-12 15:35:20]   Downloading media for #689321...
[2026-09-12 15:35:22]   Success: Uploaded as Post #20622.
[2026-09-12 15:35:22] Processing Realbooru #689322...
[2026-09-12 15:35:23]   Downloading media for #689322...
[2026-09-12 15:35:26]   Success: Uploaded as Post #20623.
[2026-09-12 15:35:26] Processing Realbooru #689323...
[2026-09-12 15:35:27]   Downloading media for #689323...
[2026-09-12 15:35:28]   Success: Uploaded as Post #20624.
[2026-09-12 15:35:28] Processing Realbooru #689532...
[2026-09-12 15:35:29]   Downloading media for #689532...
[2026-09-12 15:35:33]   Success: Uploaded as Post #20625.
[2026-09-12 15:35:33] Processing Realbooru #689732...
[2026-09-12 15:35:34]   Downloading media for #689732...
[2026-09-12 15:36:41]   Success: Uploaded as Post #20629.
[2026-09-12 15:36:41] Processing Realbooru #689737...
[2026-09-12 15:36:41]   Skipped: Post #689737 already in DB (Post #11453).
[2026-09-12 15:36:41] Processing Realbooru #690177...
[2026-09-12 15:36:42]   Downloading media for #690177...
[2026-09-12 15:36:44]   Success: Uploaded as Post #20630.
[2026-09-12 15:36:44] Processing Realbooru #690308...
[2026-09-12 15:36:45]   Downloading media for #690308...
[2026-09-12 15:36:47]   Success: Uploaded as Post #20632.
[2026-09-12 15:36:47] Processing Realbooru #690392...
[2026-09-12 15:36:48]   Downloading media for #690392...
[2026-09-12 15:36:51]   Success: Uploaded as Post #20633.
[2026-09-12 15:36:51] Processing Realbooru #690580...
[2026-09-12 15:36:51]   Downloading media for #690580...
[2026-09-12 15:36:55]   Success: Uploaded as Post #20636.
[2026-09-12 15:36:55] Processing Realbooru #690581...
[2026-09-12 15:36:55]   Downloading media for #690581...
[2026-09-12 15:36:58]   Success: Uploaded as Post #20638.
[2026-09-12 15:36:58] Processing Realbooru #690582...
[2026-09-12 15:36:58]   Downloading media for #690582...
[2026-09-12 15:37:01]   Success: Uploaded as Post #20640.
[2026-09-12 15:37:01] Processing Realbooru #690583...
[2026-09-12 15:37:01]   Downloading media for #690583...
[2026-09-12 15:37:04]   Success: Uploaded as Post #20642.
[2026-09-12 15:37:04] Processing Realbooru #690584...
[2026-09-12 15:37:04]   Downloading media for #690584...
[2026-09-12 15:37:07]   Success: Uploaded as Post #20644.
[2026-09-12 15:37:07] Processing Realbooru #690585...
[2026-09-12 15:37:08]   Downloading media for #690585...
[2026-09-12 15:37:10]   Success: Uploaded as Post #20647.
[2026-09-12 15:37:10] Processing Realbooru #690586...
[2026-09-12 15:37:11]   Downloading media for #690586...
[2026-09-12 15:37:13]   Success: Uploaded as Post #20649.
[2026-09-12 15:37:13] Processing Realbooru #690587...
[2026-09-12 15:37:14]   Downloading media for #690587...
[2026-09-12 15:37:17]   Success: Uploaded as Post #20651.
[2026-09-12 15:37:17] Fetching page list (pid=378)...
[2026-09-12 15:37:18] Processing Realbooru #690588...
[2026-09-12 15:37:19]   Downloading media for #690588...
[2026-09-12 15:37:21]   Success: Uploaded as Post #20653.
[2026-09-12 15:37:21] Processing Realbooru #690846...
[2026-09-12 15:37:22]   Downloading media for #690846...
[2026-09-12 15:37:30]   Success: Uploaded as Post #20656.
[2026-09-12 15:37:30] Processing Realbooru #690858...
[2026-09-12 15:37:31]   Downloading media for #690858...
[2026-09-12 15:37:36]   Success: Uploaded as Post #20657.
[2026-09-12 15:37:36] Processing Realbooru #690936...
[2026-09-12 15:37:38]   Downloading media for #690936...
[2026-09-12 15:37:44]   Success: Uploaded as Post #20658.
[2026-09-12 15:37:44] Processing Realbooru #691101...
[2026-09-12 15:37:44]   Downloading media for #691101...
[2026-09-12 15:37:49]   Success: Uploaded as Post #20659.
[2026-09-12 15:37:49] Processing Realbooru #691109...
[2026-09-12 15:37:50]   Downloading media for #691109...
[2026-09-12 15:37:58]   Success: Uploaded as Post #20660.
[2026-09-12 15:37:58] Processing Realbooru #691509...
[2026-09-12 15:37:59]   Downloading media for #691509...
[2026-09-12 15:38:01]   Success: Uploaded as Post #20661.
[2026-09-12 15:38:01] Processing Realbooru #691564...
[2026-09-12 15:38:02]   Downloading media for #691564...
[2026-09-12 15:38:05]   Success: Uploaded as Post #20662.
[2026-09-12 15:38:05] Processing Realbooru #691670...
[2026-09-12 15:38:05]   Downloading media for #691670...
[2026-09-12 15:38:08]   Success: Uploaded as Post #20663.
[2026-09-12 15:38:08] Processing Realbooru #691671...
[2026-09-12 15:38:08]   Downloading media for #691671...
[2026-09-12 15:38:11]   Success: Uploaded as Post #20664.
[2026-09-12 15:38:11] Processing Realbooru #691766...
[2026-09-12 15:38:11]   Downloading media for #691766...
[2026-09-12 15:38:15]   Success: Uploaded as Post #20665.
[2026-09-12 15:38:15] Processing Realbooru #691877...
[2026-09-12 15:38:16]   Downloading media for #691877...
[2026-09-12 15:38:18]   Success: Uploaded as Post #20666.
[2026-09-12 15:38:18] Processing Realbooru #692152...
[2026-09-12 15:38:19]   Downloading media for #692152...
[2026-09-12 15:38:21]   Success: Uploaded as Post #20667.
[2026-09-12 15:38:21] Processing Realbooru #692153...
[2026-09-12 15:38:22]   Downloading media for #692153...
[2026-09-12 15:38:24]   Success: Uploaded as Post #20668.
[2026-09-12 15:38:24] Processing Realbooru #692158...
[2026-09-12 15:38:24]   Downloading media for #692158...
[2026-09-12 15:38:27]   Success: Uploaded as Post #20669.
[2026-09-12 15:38:27] Processing Realbooru #692159...
[2026-09-12 15:38:27]   Downloading media for #692159...
[2026-09-12 15:38:29]   Success: Uploaded as Post #20670.
[2026-09-12 15:38:29] Processing Realbooru #692160...
[2026-09-12 15:38:30]   Downloading media for #692160...
[2026-09-12 15:38:33]   Success: Uploaded as Post #20671.
[2026-09-12 15:38:33] Processing Realbooru #692161...
[2026-09-12 15:38:33]   Downloading media for #692161...
[2026-09-12 15:38:36]   Success: Uploaded as Post #20672.
[2026-09-12 15:38:36] Processing Realbooru #692162...
[2026-09-12 15:38:37]   Downloading media for #692162...
[2026-09-12 15:38:40]   Success: Uploaded as Post #20673.
[2026-09-12 15:38:40] Processing Realbooru #692163...
[2026-09-12 15:38:40]   Downloading media for #692163...
[2026-09-12 15:38:42]   Success: Uploaded as Post #20674.
[2026-09-12 15:38:42] Processing Realbooru #692165...
[2026-09-12 15:38:43]   Downloading media for #692165...
[2026-09-12 15:38:46]   Success: Uploaded as Post #20675.
[2026-09-12 15:38:46] Processing Realbooru #692201...
[2026-09-12 15:38:47]   Downloading media for #692201...
[2026-09-12 15:38:48]   Success: Uploaded as Post #20676.
[2026-09-12 15:38:48] Processing Realbooru #692261...
[2026-09-12 15:38:49]   Downloading media for #692261...
[2026-09-12 15:38:51]   Success: Uploaded as Post #20677.
[2026-09-12 15:38:51] Processing Realbooru #692262...
[2026-09-12 15:38:52]   Downloading media for #692262...
[2026-09-12 15:38:54]   Success: Uploaded as Post #20679.
[2026-09-12 15:38:54] Processing Realbooru #692269...
[2026-09-12 15:38:55]   Downloading media for #692269...
[2026-09-12 15:38:56]   Success: Uploaded as Post #20680.
[2026-09-12 15:38:56] Processing Realbooru #692274...
[2026-09-12 15:38:57]   Downloading media for #692274...
[2026-09-12 15:39:00]   Success: Uploaded as Post #20682.
[2026-09-12 15:39:00] Processing Realbooru #692275...
[2026-09-12 15:39:01]   Downloading media for #692275...
[2026-09-12 15:39:04]   Success: Uploaded as Post #20684.
[2026-09-12 15:39:04] Processing Realbooru #692279...
[2026-09-12 15:39:05]   Downloading media for #692279...
[2026-09-12 15:39:12]   Success: Uploaded as Post #20686.
[2026-09-12 15:39:12] Processing Realbooru #692417...
[2026-09-12 15:39:13]   Downloading media for #692417...
[2026-09-12 15:39:16]   Success: Uploaded as Post #20688.
[2026-09-12 15:39:16] Processing Realbooru #692468...
[2026-09-12 15:39:16]   Skipped: Post #692468 already in DB (Post #11473).
[2026-09-12 15:39:16] Processing Realbooru #693315...
[2026-09-12 15:39:16]   Downloading media for #693315...
[2026-09-12 15:39:32]   Success: Uploaded as Post #20693.
[2026-09-12 15:39:32] Processing Realbooru #693576...
[2026-09-12 15:39:33]   Downloading media for #693576...
[2026-09-12 15:39:35]   Success: Uploaded as Post #20694.
[2026-09-12 15:39:35] Processing Realbooru #693691...
[2026-09-12 15:39:36]   Downloading media for #693691...
[2026-09-12 15:39:41]   Success: Uploaded as Post #20697.
[2026-09-12 15:39:41] Processing Realbooru #694125...
[2026-09-12 15:39:42]   Downloading media for #694125...
[2026-09-12 15:39:46]   Success: Uploaded as Post #20699.
[2026-09-12 15:39:46] Processing Realbooru #694131...
[2026-09-12 15:39:47]   Downloading media for #694131...
[2026-09-12 15:39:51]   Success: Uploaded as Post #20701.
[2026-09-12 15:39:51] Processing Realbooru #694335...
[2026-09-12 15:39:52]   Downloading media for #694335...
[2026-09-12 15:39:54]   Success: Uploaded as Post #20702.
[2026-09-12 15:39:54] Processing Realbooru #694502...
[2026-09-12 15:39:54]   Downloading media for #694502...
[2026-09-12 15:39:58]   Success: Uploaded as Post #20705.
[2026-09-12 15:39:58] Processing Realbooru #694503...
[2026-09-12 15:39:59]   Downloading media for #694503...
[2026-09-12 15:40:01]   Success: Uploaded as Post #20707.
[2026-09-12 15:40:01] Processing Realbooru #695110...
[2026-09-12 15:40:02]   Downloading media for #695110...
[2026-09-12 15:40:05]   Success: Uploaded as Post #20709.
[2026-09-12 15:40:05] Processing Realbooru #695290...
[2026-09-12 15:40:06]   Downloading media for #695290...
[2026-09-12 15:40:10]   Success: Uploaded as Post #20711.
[2026-09-12 15:40:10] Processing Realbooru #695535...
[2026-09-12 15:40:11]   Downloading media for #695535...
[2026-09-12 15:40:13]   Success: Uploaded as Post #20712.
[2026-09-12 15:40:13] Processing Realbooru #695579...
[2026-09-12 15:40:14]   Downloading media for #695579...
[2026-09-12 15:40:26]   Success: Uploaded as Post #20716.
[2026-09-12 15:40:26] Fetching page list (pid=420)...
[2026-09-12 15:40:27] Processing Realbooru #695644...
[2026-09-12 15:40:28]   Downloading media for #695644...
[2026-09-12 15:40:29]   Success: Uploaded as Post #20719.
[2026-09-12 15:40:29] Processing Realbooru #695695...
[2026-09-12 15:40:30]   Downloading media for #695695...
[2026-09-12 15:40:33]   Success: Uploaded as Post #20721.
[2026-09-12 15:40:33] Processing Realbooru #695791...
[2026-09-12 15:40:33]   Downloading media for #695791...
[2026-09-12 15:40:36]   Success: Uploaded as Post #20722.
[2026-09-12 15:40:36] Processing Realbooru #695806...
[2026-09-12 15:40:37]   Downloading media for #695806...
[2026-09-12 15:40:39]   Success: Uploaded as Post #20723.
[2026-09-12 15:40:39] Processing Realbooru #695836...
[2026-09-12 15:40:39]   Downloading media for #695836...
[2026-09-12 15:40:41]   Success: Uploaded as Post #20725.
[2026-09-12 15:40:41] Processing Realbooru #695837...
[2026-09-12 15:40:42]   Downloading media for #695837...
[2026-09-12 15:40:45]   Success: Uploaded as Post #20727.
[2026-09-12 15:40:45] Processing Realbooru #695868...
[2026-09-12 15:40:46]   Downloading media for #695868...
[2026-09-12 15:40:48]   Success: Uploaded as Post #20729.
[2026-09-12 15:40:48] Processing Realbooru #696284...
[2026-09-12 15:40:49]   Downloading media for #696284...
[2026-09-12 15:40:51]   Success: Uploaded as Post #20730.
[2026-09-12 15:40:51] Processing Realbooru #696597...
[2026-09-12 15:40:52]   Downloading media for #696597...
[2026-09-12 15:40:55]   Success: Uploaded as Post #20732.
[2026-09-12 15:40:55] Processing Realbooru #696923...
[2026-09-12 15:40:56]   Downloading media for #696923...
[2026-09-12 15:40:58]   Success: Uploaded as Post #20734.
[2026-09-12 15:40:58] Processing Realbooru #697179...
[2026-09-12 15:40:59]   Downloading media for #697179...
[2026-09-12 15:41:12]   Success: Uploaded as Post #20739.
[2026-09-12 15:41:12] Processing Realbooru #697239...
[2026-09-12 15:41:13]   Downloading media for #697239...
[2026-09-12 15:41:17]   Success: Uploaded as Post #20741.
[2026-09-12 15:41:17] Processing Realbooru #697240...
[2026-09-12 15:41:18]   Downloading media for #697240...
[2026-09-12 15:41:21]   Success: Uploaded as Post #20743.
[2026-09-12 15:41:21] Processing Realbooru #697250...
[2026-09-12 15:41:22]   Downloading media for #697250...
[2026-09-12 15:41:24]   Success: Uploaded as Post #20745.
[2026-09-12 15:41:24] Processing Realbooru #697251...
[2026-09-12 15:41:25]   Downloading media for #697251...
[2026-09-12 15:41:28]   Success: Uploaded as Post #20747.
[2026-09-12 15:41:28] Processing Realbooru #697252...
[2026-09-12 15:41:29]   Downloading media for #697252...
[2026-09-12 15:41:31]   Success: Uploaded as Post #20749.
[2026-09-12 15:41:31] Processing Realbooru #697253...
[2026-09-12 15:41:32]   Downloading media for #697253...
[2026-09-12 15:41:35]   Success: Uploaded as Post #20751.
[2026-09-12 15:41:35] Processing Realbooru #697254...
[2026-09-12 15:41:36]   Downloading media for #697254...
[2026-09-12 15:41:38]   Success: Uploaded as Post #20752.
[2026-09-12 15:41:38] Processing Realbooru #697255...
[2026-09-12 15:41:39]   Downloading media for #697255...
[2026-09-12 15:41:43]   Success: Uploaded as Post #20754.
[2026-09-12 15:41:43] Processing Realbooru #697359...
[2026-09-12 15:41:44]   Downloading media for #697359...
[2026-09-12 15:41:48]   Success: Uploaded as Post #20756.
[2026-09-12 15:41:48] Processing Realbooru #697442...
[2026-09-12 15:41:49]   Downloading media for #697442...
[2026-09-12 15:42:05]   Success: Uploaded as Post #20761.
[2026-09-12 15:42:05] Processing Realbooru #697443...
[2026-09-12 15:42:06]   Downloading media for #697443...
[2026-09-12 15:42:13]   Success: Uploaded as Post #20763.
[2026-09-12 15:42:13] Processing Realbooru #697444...
[2026-09-12 15:42:14]   Downloading media for #697444...
[2026-09-12 15:42:19]   Success: Uploaded as Post #20765.
[2026-09-12 15:42:19] Processing Realbooru #697445...
[2026-09-12 15:42:19]   Downloading media for #697445...
[2026-09-12 15:42:23]   Success: Uploaded as Post #20767.
[2026-09-12 15:42:23] Processing Realbooru #697446...
[2026-09-12 15:42:24]   Downloading media for #697446...
[2026-09-12 15:42:32]   Success: Uploaded as Post #20769.
[2026-09-12 15:42:32] Processing Realbooru #697447...
[2026-09-12 15:42:32]   Downloading media for #697447...
[2026-09-12 15:42:40]   Success: Uploaded as Post #20770.
[2026-09-12 15:42:40] Processing Realbooru #697450...
[2026-09-12 15:42:41]   Downloading media for #697450...
[2026-09-12 15:42:47]   Success: Uploaded as Post #20772.
[2026-09-12 15:42:47] Processing Realbooru #697460...
[2026-09-12 15:42:48]   Downloading media for #697460...
[2026-09-12 15:42:55]   Success: Uploaded as Post #20773.
[2026-09-12 15:42:55] Processing Realbooru #697461...
[2026-09-12 15:42:56]   Downloading media for #697461...
[2026-09-12 15:43:01]   Success: Uploaded as Post #20774.
[2026-09-12 15:43:01] Processing Realbooru #697462...
[2026-09-12 15:43:02]   Downloading media for #697462...
[2026-09-12 15:43:10]   Success: Uploaded as Post #20775.
[2026-09-12 15:43:10] Processing Realbooru #697463...
[2026-09-12 15:43:11]   Downloading media for #697463...
[2026-09-12 15:43:16]   Success: Uploaded as Post #20777.
[2026-09-12 15:43:16] Processing Realbooru #697650...
[2026-09-12 15:43:16]   Downloading media for #697650...
[2026-09-12 15:43:19]   Success: Uploaded as Post #20779.
[2026-09-12 15:43:19] Processing Realbooru #697655...
[2026-09-12 15:43:19]   Downloading media for #697655...
[2026-09-12 15:43:22]   Success: Uploaded as Post #20780.
[2026-09-12 15:43:22] Processing Realbooru #697707...
[2026-09-12 15:43:22]   Downloading media for #697707...
[2026-09-12 15:43:29]   Success: Uploaded as Post #20781.
[2026-09-12 15:43:29] Processing Realbooru #697842...
[2026-09-12 15:43:30]   Downloading media for #697842...
[2026-09-12 15:43:36]   Success: Uploaded as Post #20782.
[2026-09-12 15:43:36] Processing Realbooru #697843...
[2026-09-12 15:43:37]   Downloading media for #697843...
[2026-09-12 15:43:42]   Success: Uploaded as Post #20784.
[2026-09-12 15:43:42] Processing Realbooru #697844...
[2026-09-12 15:43:43]   Downloading media for #697844...
[2026-09-12 15:43:53]   Success: Uploaded as Post #20786.
[2026-09-12 15:43:53] Processing Realbooru #697845...
[2026-09-12 15:43:53]   Downloading media for #697845...
[2026-09-12 15:43:59]   Success: Uploaded as Post #20789.
[2026-09-12 15:43:59] Processing Realbooru #697846...
[2026-09-12 15:44:00]   Downloading media for #697846...
[2026-09-12 15:44:04]   Success: Uploaded as Post #20792.
[2026-09-12 15:44:04] Processing Realbooru #697847...
[2026-09-12 15:44:05]   Downloading media for #697847...
[2026-09-12 15:44:10]   Success: Uploaded as Post #20795.
[2026-09-12 15:44:10] Processing Realbooru #697848...
[2026-09-12 15:44:10]   Downloading media for #697848...
[2026-09-12 15:44:23]   Success: Uploaded as Post #20799.
[2026-09-12 15:44:23] Processing Realbooru #697849...
[2026-09-12 15:44:23]   Downloading media for #697849...
[2026-09-12 15:44:27]   Success: Uploaded as Post #20801.
[2026-09-12 15:44:27] Fetching page list (pid=462)...
[2026-09-12 15:44:28] Processing Realbooru #697986...
[2026-09-12 15:44:28]   Skipped: Post #697986 already in DB (Post #11614).
[2026-09-12 15:44:28] Processing Realbooru #697998...
[2026-09-12 15:44:29]   Downloading media for #697998...
[2026-09-12 15:44:31]   Success: Uploaded as Post #20802.
[2026-09-12 15:44:31] Processing Realbooru #697999...
[2026-09-12 15:44:32]   Downloading media for #697999...
[2026-09-12 15:44:33]   Success: Uploaded as Post #20804.
[2026-09-12 15:44:33] Processing Realbooru #698014...
[2026-09-12 15:44:34]   Downloading media for #698014...
[2026-09-12 15:44:36]   Success: Uploaded as Post #20805.
[2026-09-12 15:44:36] Processing Realbooru #698145...
[2026-09-12 15:44:37]   Downloading media for #698145...
[2026-09-12 15:44:38]   Error: Failed to download https://realbooru.com/images/1e/af/1eaf8ece11fbcf618de8e2b30888107a.mp4
[2026-09-12 15:44:38] Processing Realbooru #698244...
[2026-09-12 15:44:38]   Downloading media for #698244...
[2026-09-12 15:44:40]   Success: Uploaded as Post #20807.
[2026-09-12 15:44:40] Processing Realbooru #698245...
[2026-09-12 15:44:41]   Downloading media for #698245...
[2026-09-12 15:44:42]   Success: Uploaded as Post #20809.
[2026-09-12 15:44:42] Processing Realbooru #698416...
[2026-09-12 15:44:43]   Downloading media for #698416...
[2026-09-12 15:44:48]   Success: Uploaded as Post #20812.
[2026-09-12 15:44:48] Processing Realbooru #698460...
[2026-09-12 15:44:49]   Downloading media for #698460...
[2026-09-12 15:45:16]   Success: Uploaded as Post #20817.
[2026-09-12 15:45:16] Processing Realbooru #698461...
[2026-09-12 15:45:17]   Downloading media for #698461...
[2026-09-12 15:45:25]   Success: Uploaded as Post #20820.
[2026-09-12 15:45:25] Processing Realbooru #698462...
[2026-09-12 15:45:26]   Downloading media for #698462...
[2026-09-12 15:45:55]   Success: Uploaded as Post #20827.
[2026-09-12 15:45:55] Processing Realbooru #699072...
[2026-09-12 15:45:56]   Downloading media for #699072...
[2026-09-12 15:46:13]   Success: Uploaded as Post #20830.
[2026-09-12 15:46:13] Processing Realbooru #699238...
[2026-09-12 15:46:14]   Downloading media for #699238...
[2026-09-12 15:46:21]   Success: Uploaded as Post #20832.
[2026-09-12 15:46:21] Processing Realbooru #699292...
[2026-09-12 15:46:22]   Downloading media for #699292...
[2026-09-12 15:46:26]   Success: Uploaded as Post #20833.
[2026-09-12 15:46:26] Processing Realbooru #699294...
[2026-09-12 15:46:27]   Downloading media for #699294...
[2026-09-12 15:46:30]   Success: Uploaded as Post #20834.
[2026-09-12 15:46:30] Processing Realbooru #702727...
[2026-09-12 15:46:31]   Downloading media for #702727...
[2026-09-12 15:46:34]   Success: Uploaded as Post #20836.
[2026-09-12 15:46:34] Processing Realbooru #704024...
[2026-09-12 15:46:35]   Downloading media for #704024...
[2026-09-12 15:46:39]   Success: Uploaded as Post #20838.
[2026-09-12 15:46:39] Processing Realbooru #704443...
[2026-09-12 15:46:40]   Downloading media for #704443...
[2026-09-12 15:46:42]   Success: Uploaded as Post #20839.
[2026-09-12 15:46:42] Processing Realbooru #708751...
[2026-09-12 15:46:43]   Downloading media for #708751...
[2026-09-12 15:46:46]   Success: Uploaded as Post #20840.
[2026-09-12 15:46:46] Processing Realbooru #709998...
[2026-09-12 15:46:46]   Downloading media for #709998...
[2026-09-12 15:46:48]   Success: Uploaded as Post #20841.
[2026-09-12 15:46:48] Processing Realbooru #711113...
[2026-09-12 15:46:48]   Skipped: Post #711113 already in DB (Post #11709).
[2026-09-12 15:46:48] Processing Realbooru #715644...
[2026-09-12 15:46:49]   Downloading media for #715644...
[2026-09-12 15:46:53]   Success: Uploaded as Post #20842.
[2026-09-12 15:46:53] Processing Realbooru #716635...
[2026-09-12 15:46:54]   Downloading media for #716635...
[2026-09-12 15:46:56]   Success: Uploaded as Post #20843.
[2026-09-12 15:46:56] Processing Realbooru #716668...
[2026-09-12 15:46:56]   Downloading media for #716668...
[2026-09-12 15:46:58]   Success: Uploaded as Post #20844.
[2026-09-12 15:46:58] Processing Realbooru #718913...
[2026-09-12 15:46:59]   Downloading media for #718913...
[2026-09-12 15:47:01]   Success: Uploaded as Post #20845.
[2026-09-12 15:47:01] Processing Realbooru #724699...
[2026-09-12 15:47:02]   Downloading media for #724699...
[2026-09-12 15:47:04]   Success: Uploaded as Post #20846.
[2026-09-12 15:47:04] Processing Realbooru #724706...
[2026-09-12 15:47:04]   Downloading media for #724706...
[2026-09-12 15:47:06]   Success: Uploaded as Post #20847.
[2026-09-12 15:47:06] Processing Realbooru #724772...
[2026-09-12 15:47:07]   Downloading media for #724772...
[2026-09-12 15:47:17]   Success: Uploaded as Post #20848.
[2026-09-12 15:47:17] Processing Realbooru #724998...
[2026-09-12 15:47:18]   Downloading media for #724998...
[2026-09-12 15:47:20]   Success: Uploaded as Post #20849.
[2026-09-12 15:47:20] Processing Realbooru #724999...
[2026-09-12 15:47:21]   Downloading media for #724999...
[2026-09-12 15:47:23]   Success: Uploaded as Post #20850.
[2026-09-12 15:47:23] Processing Realbooru #725001...
[2026-09-12 15:47:24]   Downloading media for #725001...
[2026-09-12 15:47:26]   Success: Uploaded as Post #20851.
[2026-09-12 15:47:26] Processing Realbooru #725074...
[2026-09-12 15:47:27]   Downloading media for #725074...
[2026-09-12 15:47:29]   Success: Uploaded as Post #20852.
[2026-09-12 15:47:29] Processing Realbooru #725075...
[2026-09-12 15:47:29]   Downloading media for #725075...
[2026-09-12 15:47:32]   Success: Uploaded as Post #20853.
[2026-09-12 15:47:32] Processing Realbooru #727208...
[2026-09-12 15:47:33]   Downloading media for #727208...
[2026-09-12 15:49:02]   Success: Uploaded as Post #20854.
[2026-09-12 15:49:02] Processing Realbooru #727283...
[2026-09-12 15:49:02]   Downloading media for #727283...
[2026-09-12 15:49:05]   Success: Uploaded as Post #20855.
[2026-09-12 15:49:05] Processing Realbooru #727290...
[2026-09-12 15:49:06]   Downloading media for #727290...
[2026-09-12 15:49:08]   Success: Uploaded as Post #20856.
[2026-09-12 15:49:08] Processing Realbooru #727736...
[2026-09-12 15:49:08]   Downloading media for #727736...
[2026-09-12 15:49:12]   Success: Uploaded as Post #20857.
[2026-09-12 15:49:12] Processing Realbooru #727956...
[2026-09-12 15:49:13]   Downloading media for #727956...
[2026-09-12 15:49:15]   Success: Uploaded as Post #20858.
[2026-09-12 15:49:15] Processing Realbooru #727957...
[2026-09-12 15:49:15]   Downloading media for #727957...
[2026-09-12 15:49:17]   Success: Uploaded as Post #20859.
[2026-09-12 15:49:17] Processing Realbooru #727960...
[2026-09-12 15:49:18]   Downloading media for #727960...
[2026-09-12 15:49:20]   Success: Uploaded as Post #20860.
[2026-09-12 15:49:20] Processing Realbooru #727961...
[2026-09-12 15:49:20]   Downloading media for #727961...
[2026-09-12 15:49:23]   Success: Uploaded as Post #20861.
[2026-09-12 15:49:23] Processing Realbooru #728051...
[2026-09-12 15:49:23]   Downloading media for #728051...
[2026-09-12 15:49:28]   Success: Uploaded as Post #20862.
[2026-09-12 15:49:28] Fetching page list (pid=504)...
[2026-09-12 15:49:29] Processing Realbooru #728529...
[2026-09-12 15:49:30]   Downloading media for #728529...
[2026-09-12 15:49:37]   Success: Uploaded as Post #20863.
[2026-09-12 15:49:37] Processing Realbooru #728531...
[2026-09-12 15:49:38]   Downloading media for #728531...
[2026-09-12 15:49:40]   Success: Uploaded as Post #20865.
[2026-09-12 15:49:40] Processing Realbooru #728532...
[2026-09-12 15:49:41]   Downloading media for #728532...
[2026-09-12 15:49:44]   Success: Uploaded as Post #20866.
[2026-09-12 15:49:44] Processing Realbooru #728533...
[2026-09-12 15:49:45]   Downloading media for #728533...
[2026-09-12 15:49:48]   Success: Uploaded as Post #20867.
[2026-09-12 15:49:48] Processing Realbooru #728534...
[2026-09-12 15:49:48]   Downloading media for #728534...
[2026-09-12 15:49:51]   Success: Uploaded as Post #20868.
[2026-09-12 15:49:51] Processing Realbooru #728651...
[2026-09-12 15:49:52]   Downloading media for #728651...
[2026-09-12 15:49:54]   Success: Uploaded as Post #20869.
[2026-09-12 15:49:54] Processing Realbooru #728842...
[2026-09-12 15:49:55]   Downloading media for #728842...
[2026-09-12 15:50:02]   Success: Uploaded as Post #20870.
[2026-09-12 15:50:02] Processing Realbooru #728843...
[2026-09-12 15:50:02]   Downloading media for #728843...
[2026-09-12 15:50:10]   Success: Uploaded as Post #20871.
[2026-09-12 15:50:10] Processing Realbooru #728877...
[2026-09-12 15:50:10]   Downloading media for #728877...
[2026-09-12 15:50:35]   Success: Uploaded as Post #20874.
[2026-09-12 15:50:35] Processing Realbooru #729142...
[2026-09-12 15:50:36]   Downloading media for #729142...
[2026-09-12 15:50:39]   Success: Uploaded as Post #20875.
[2026-09-12 15:50:39] Processing Realbooru #729423...
[2026-09-12 15:50:39]   Downloading media for #729423...
[2026-09-12 15:50:42]   Success: Uploaded as Post #20876.
[2026-09-12 15:50:42] Processing Realbooru #729606...
[2026-09-12 15:50:43]   Downloading media for #729606...
[2026-09-12 15:50:47]   Success: Uploaded as Post #20877.
[2026-09-12 15:50:47] Processing Realbooru #729702...
[2026-09-12 15:50:48]   Downloading media for #729702...
[2026-09-12 15:51:12]   Success: Uploaded as Post #20878.
[2026-09-12 15:51:12] Processing Realbooru #730333...
[2026-09-12 15:51:12]   Downloading media for #730333...
[2026-09-12 15:51:18]   Success: Uploaded as Post #20879.
[2026-09-12 15:51:18] Processing Realbooru #730516...
[2026-09-12 15:51:19]   Downloading media for #730516...
[2026-09-12 15:51:22]   Success: Uploaded as Post #20880.
[2026-09-12 15:51:22] Processing Realbooru #730917...
[2026-09-12 15:51:22]   Downloading media for #730917...
[2026-09-12 15:51:25]   Success: Uploaded as Post #20881.
[2026-09-12 15:51:25] Processing Realbooru #731269...
[2026-09-12 15:51:25]   Downloading media for #731269...
[2026-09-12 15:51:30]   Success: Uploaded as Post #20882.
[2026-09-12 15:51:30] Processing Realbooru #731286...
[2026-09-12 15:51:31]   Downloading media for #731286...
[2026-09-12 15:51:33]   Success: Uploaded as Post #20883.
[2026-09-12 15:51:33] Processing Realbooru #733048...
[2026-09-12 15:51:34]   Downloading media for #733048...
[2026-09-12 15:51:40]   Success: Uploaded as Post #20884.
[2026-09-12 15:51:40] Processing Realbooru #733478...
[2026-09-12 15:51:40]   Downloading media for #733478...
[2026-09-12 15:51:48]   Success: Uploaded as Post #20885.
[2026-09-12 15:51:48] Processing Realbooru #733480...
[2026-09-12 15:51:48]   Downloading media for #733480...
[2026-09-12 15:51:53]   Success: Uploaded as Post #20887.
[2026-09-12 15:51:53] Processing Realbooru #733481...
[2026-09-12 15:51:54]   Downloading media for #733481...
[2026-09-12 15:51:56]   Success: Uploaded as Post #20888.
[2026-09-12 15:51:56] Processing Realbooru #734232...
[2026-09-12 15:51:57]   Downloading media for #734232...
[2026-09-12 15:51:59]   Success: Uploaded as Post #20889.
[2026-09-12 15:51:59] Processing Realbooru #734286...
[2026-09-12 15:52:00]   Downloading media for #734286...
[2026-09-12 15:52:09]   Success: Uploaded as Post #20893.
[2026-09-12 15:52:09] Processing Realbooru #734287...
[2026-09-12 15:52:10]   Downloading media for #734287...
[2026-09-12 15:52:17]   Success: Uploaded as Post #20896.
[2026-09-12 15:52:17] Processing Realbooru #734288...
[2026-09-12 15:52:18]   Downloading media for #734288...
[2026-09-12 15:52:22]   Success: Uploaded as Post #20897.
[2026-09-12 15:52:22] Processing Realbooru #734289...
[2026-09-12 15:52:23]   Downloading media for #734289...
[2026-09-12 15:52:29]   Success: Uploaded as Post #20900.
[2026-09-12 15:52:29] Processing Realbooru #734290...
[2026-09-12 15:52:30]   Downloading media for #734290...
[2026-09-12 15:52:51]   Success: Uploaded as Post #20903.
[2026-09-12 15:52:51] Processing Realbooru #734291...
[2026-09-12 15:52:51]   Downloading media for #734291...
[2026-09-12 15:52:57]   Success: Uploaded as Post #20906.
[2026-09-12 15:52:57] Processing Realbooru #734472...
[2026-09-12 15:52:58]   Downloading media for #734472...
[2026-09-12 15:54:29]   Success: Uploaded as Post #20927.
[2026-09-12 15:54:29] Processing Realbooru #734672...
[2026-09-12 15:54:30]   Downloading media for #734672...
[2026-09-12 15:56:28]   Success: Uploaded as Post #20949.
[2026-09-12 15:56:28] Processing Realbooru #734674...
[2026-09-12 15:56:29]   Downloading media for #734674...
[2026-09-12 15:56:31]   Success: Uploaded as Post #20950.
[2026-09-12 15:56:31] Processing Realbooru #734685...
[2026-09-12 15:56:32]   Downloading media for #734685...
[2026-09-12 15:56:40]   Success: Uploaded as Post #20952.
[2026-09-12 15:56:40] Processing Realbooru #734709...
[2026-09-12 15:56:41]   Downloading media for #734709...
[2026-09-12 15:56:44]   Success: Uploaded as Post #20953.
[2026-09-12 15:56:44] Processing Realbooru #734941...
[2026-09-12 15:56:44]   Downloading media for #734941...
[2026-09-12 15:56:48]   Success: Uploaded as Post #20955.
[2026-09-12 15:56:48] Processing Realbooru #735155...
[2026-09-12 15:56:49]   Downloading media for #735155...
[2026-09-12 15:56:52]   Success: Uploaded as Post #20957.
[2026-09-12 15:56:52] Processing Realbooru #735156...
[2026-09-12 15:56:52]   Downloading media for #735156...
[2026-09-12 15:57:41]   Success: Uploaded as Post #20968.
[2026-09-12 15:57:41] Processing Realbooru #735159...
[2026-09-12 15:57:42]   Downloading media for #735159...
[2026-09-12 15:58:11]   Success: Uploaded as Post #20969.
[2026-09-12 15:58:11] Processing Realbooru #735160...
[2026-09-12 15:58:11]   Downloading media for #735160...
[2026-09-12 15:59:55]   Success: Uploaded as Post #20976.
[2026-09-12 15:59:55] Processing Realbooru #735166...
[2026-09-12 15:59:56]   Downloading media for #735166...
[2026-09-12 15:59:59]   Success: Uploaded as Post #20978.
[2026-09-12 15:59:59] Processing Realbooru #735168...
[2026-09-12 16:00:00]   Downloading media for #735168...
[2026-09-12 16:00:02]   Success: Uploaded as Post #20980.
[2026-09-12 16:00:02] Processing Realbooru #735170...
[2026-09-12 16:00:03]   Downloading media for #735170...
[2026-09-12 16:00:05]   Success: Uploaded as Post #20982.
[2026-09-12 16:00:05] Fetching page list (pid=546)...
[2026-09-12 16:00:06] Processing Realbooru #735179...
[2026-09-12 16:00:07]   Downloading media for #735179...
[2026-09-12 16:01:35]   Success: Uploaded as Post #20985.
[2026-09-12 16:01:35] Processing Realbooru #735197...
[2026-09-12 16:01:35]   Downloading media for #735197...
[2026-09-12 16:02:22]   Success: Uploaded as Post #20988.
[2026-09-12 16:02:22] Processing Realbooru #735198...
[2026-09-12 16:02:23]   Downloading media for #735198...
[2026-09-12 16:03:04]   Success: Uploaded as Post #20990.
[2026-09-12 16:03:04] Processing Realbooru #735204...
[2026-09-12 16:03:05]   Downloading media for #735204...
[2026-09-12 16:04:55]   Success: Uploaded as Post #21001.
[2026-09-12 16:04:55] Processing Realbooru #735205...
[2026-09-12 16:04:55]   Downloading media for #735205...
[2026-09-12 16:04:59]   Success: Uploaded as Post #21002.
[2026-09-12 16:04:59] Processing Realbooru #735338...
[2026-09-12 16:05:01]   Downloading media for #735338...
[2026-09-12 16:05:03]   Success: Uploaded as Post #21003.
[2026-09-12 16:05:03] Processing Realbooru #735468...
[2026-09-12 16:05:04]   Downloading media for #735468...
[2026-09-12 16:06:38]   Success: Uploaded as Post #21013.
[2026-09-12 16:06:38] Processing Realbooru #735469...
[2026-09-12 16:06:39]   Downloading media for #735469...
[2026-09-12 16:08:20]   Success: Uploaded as Post #21014.
[2026-09-12 16:08:20] Processing Realbooru #735470...
[2026-09-12 16:08:20]   Downloading media for #735470...
[2026-09-12 16:10:27]   Success: Uploaded as Post #21016.
[2026-09-12 16:10:27] Processing Realbooru #735720...
[2026-09-12 16:10:27]   Downloading media for #735720...
[2026-09-12 16:11:04]   Success: Uploaded as Post #21017.
[2026-09-12 16:11:04] Processing Realbooru #736068...
[2026-09-12 16:11:05]   Downloading media for #736068...
