[2026-09-11 14:55:28] Starting PHP scraper for tag: femboy
[2026-09-11 14:55:28] Fetching page list (pid=0)...
[2026-09-11 14:55:29] Processing Realbooru #1006949...
[2026-09-11 14:55:29]   Skipped: Post #1006949 already in DB (Post #10856).
[2026-09-11 14:55:29] Processing Realbooru #1006939...
[2026-09-11 14:55:32]   Success: Uploaded as Post #10859.
[2026-09-11 14:55:32] Processing Realbooru #1006938...
[2026-09-11 14:55:36]   Success: Uploaded as Post #10860.
[2026-09-11 14:55:36] Processing Realbooru #1006937...
[2026-09-11 14:55:39]   Success: Uploaded as Post #10861.
[2026-09-11 14:55:39] Processing Realbooru #1006910...
[2026-09-11 14:55:39]   Skipped: Post #1006910 already in DB (Post #10784).
[2026-09-11 14:55:39] Processing Realbooru #1006908...
[2026-09-11 14:55:39]   Skipped: Post #1006908 already in DB (Post #10783).
[2026-09-11 14:55:39] Processing Realbooru #1006907...
[2026-09-11 14:55:39]   Skipped: Post #1006907 already in DB (Post #10782).
[2026-09-11 14:55:39] Processing Realbooru #1006903...
[2026-09-11 14:55:39]   Skipped: Post #1006903 already in DB (Post #10781).
[2026-09-11 14:55:39] Processing Realbooru #1006850...
[2026-09-11 14:55:39]   Skipped: Post #1006850 already in DB (Post #10858).
[2026-09-11 14:55:39] Processing Realbooru #1006758...
[2026-09-11 14:55:39]   Skipped: Post #1006758 already in DB (Post #8795).
[2026-09-11 14:55:39] Processing Realbooru #1006756...
[2026-09-11 14:55:39]   Skipped: Post #1006756 already in DB (Post #8796).
[2026-09-11 14:55:39] Processing Realbooru #1006715...
[2026-09-11 14:55:39]   Skipped: Post #1006715 already in DB (Post #8797).
[2026-09-11 14:55:39] Processing Realbooru #1006674...
[2026-09-11 14:55:39]   Skipped: Post #1006674 already in DB (Post #8798).
[2026-09-11 14:55:39] Processing Realbooru #1006641...
[2026-09-11 14:55:39]   Skipped: Post #1006641 already in DB (Post #8799).
[2026-09-11 14:55:39] Processing Realbooru #1006596...
[2026-09-11 14:55:39]   Skipped: Post #1006596 already in DB (Post #8800).
[2026-09-11 14:55:39] Processing Realbooru #1006573...
[2026-09-11 14:55:39]   Skipped: Post #1006573 already in DB (Post #8801).
[2026-09-11 14:55:39] Processing Realbooru #1006542...
[2026-09-11 14:55:39]   Skipped: Post #1006542 already in DB (Post #8802).
[2026-09-11 14:55:39] Processing Realbooru #1006535...
[2026-09-11 14:55:39]   Skipped: Post #1006535 already in DB (Post #8803).
[2026-09-11 14:55:39] Processing Realbooru #1006490...
[2026-09-11 14:55:39]   Skipped: Post #1006490 already in DB (Post #8804).
[2026-09-11 14:55:39] Processing Realbooru #1006486...
[2026-09-11 14:55:39]   Skipped: Post #1006486 already in DB (Post #8805).
[2026-09-11 14:55:39] Processing Realbooru #1006484...
