[2026-09-11 15:57:05] Starting PHP scraper for tag: femboy
[2026-09-11 15:57:05] Continuing at pid=210.
[2026-09-11 15:57:05] Loaded 2287 existing Realbooru post IDs.
[2026-09-11 15:57:05] Fetching page list (pid=210)...
[2026-09-11 15:57:07] Processing Realbooru #648526...
[2026-09-11 15:57:07]   Skipped: Post #648526 already in DB (Post #11075).
[2026-09-11 15:57:07] Processing Realbooru #648527...
[2026-09-11 15:57:07]   Skipped: Post #648527 already in DB (Post #11076).
[2026-09-11 15:57:07] Processing Realbooru #648528...
[2026-09-11 15:57:07]   Skipped: Post #648528 already in DB (Post #11077).
[2026-09-11 15:57:07] Processing Realbooru #648980...
[2026-09-11 15:57:07]   Skipped: Post #648980 already in DB (Post #11078).
[2026-09-11 15:57:07] Processing Realbooru #649019...
[2026-09-11 15:57:07]   Skipped: Post #649019 already in DB (Post #11079).
[2026-09-11 15:57:07] Processing Realbooru #649573...
[2026-09-11 15:57:07]   Skipped: Post #649573 already in DB (Post #11080).
[2026-09-11 15:57:07] Processing Realbooru #649731...
[2026-09-11 15:57:07]   Skipped: Post #649731 already in DB (Post #11081).
[2026-09-11 15:57:07] Processing Realbooru #650026...
[2026-09-11 15:57:08]   Downloading media for #650026...
[2026-09-11 15:57:10]   Success: Uploaded as Post #11082.
[2026-09-11 15:57:10] Processing Realbooru #659220...
[2026-09-11 15:57:10]   Downloading media for #659220...
[2026-09-11 15:57:12]   Success: Uploaded as Post #11083.
[2026-09-11 15:57:12] Processing Realbooru #659236...
[2026-09-11 15:57:13]   Downloading media for #659236...
[2026-09-11 15:57:17]   Success: Uploaded as Post #11084.
[2026-09-11 15:57:17] Processing Realbooru #659237...
[2026-09-11 15:57:17]   Downloading media for #659237...
[2026-09-11 15:57:21]   Success: Uploaded as Post #11085.
[2026-09-11 15:57:21] Processing Realbooru #668115...
[2026-09-11 15:57:22]   Downloading media for #668115...
[2026-09-11 15:57:24]   Success: Uploaded as Post #11086.
[2026-09-11 15:57:24] Processing Realbooru #668219...
[2026-09-11 15:57:25]   Downloading media for #668219...
[2026-09-11 15:57:27]   Success: Uploaded as Post #11087.
[2026-09-11 15:57:27] Processing Realbooru #668220...
[2026-09-11 15:57:28]   Downloading media for #668220...
[2026-09-11 15:57:29]   Success: Uploaded as Post #11088.
[2026-09-11 15:57:29] Processing Realbooru #668221...
[2026-09-11 15:57:30]   Downloading media for #668221...
[2026-09-11 15:57:34]   Success: Uploaded as Post #11089.
[2026-09-11 15:57:34] Processing Realbooru #668222...
[2026-09-11 15:57:34]   Downloading media for #668222...
[2026-09-11 15:57:37]   Success: Uploaded as Post #11090.
[2026-09-11 15:57:37] Processing Realbooru #668223...
[2026-09-11 15:57:37]   Downloading media for #668223...
[2026-09-11 15:57:41]   Success: Uploaded as Post #11091.
[2026-09-11 15:57:41] Processing Realbooru #668224...
[2026-09-11 15:57:42]   Downloading media for #668224...
[2026-09-11 15:57:44]   Success: Uploaded as Post #11092.
[2026-09-11 15:57:44] Processing Realbooru #668225...
[2026-09-11 15:57:44]   Downloading media for #668225...
[2026-09-11 15:57:46]   Success: Uploaded as Post #11093.
[2026-09-11 15:57:46] Processing Realbooru #668253...
[2026-09-11 15:57:47]   Downloading media for #668253...
[2026-09-11 15:57:49]   Success: Uploaded as Post #11094.
[2026-09-11 15:57:49] Processing Realbooru #668305...
[2026-09-11 15:57:49]   Downloading media for #668305...
[2026-09-11 15:57:51]   Success: Uploaded as Post #11095.
[2026-09-11 15:57:51] Processing Realbooru #668588...
[2026-09-11 15:57:52]   Downloading media for #668588...
[2026-09-11 15:57:54]   Success: Uploaded as Post #11096.
[2026-09-11 15:57:54] Processing Realbooru #668655...
[2026-09-11 15:57:54]   Downloading media for #668655...
[2026-09-11 15:57:56]   Success: Uploaded as Post #11097.
[2026-09-11 15:57:56] Processing Realbooru #668657...
[2026-09-11 15:57:57]   Downloading media for #668657...
[2026-09-11 15:57:59]   Success: Uploaded as Post #11098.
[2026-09-11 15:57:59] Processing Realbooru #668804...
[2026-09-11 15:58:00]   Downloading media for #668804...
[2026-09-11 15:58:01]   Success: Uploaded as Post #11099.
[2026-09-11 15:58:01] Processing Realbooru #668805...
[2026-09-11 15:58:02]   Downloading media for #668805...
[2026-09-11 15:58:03]   Success: Uploaded as Post #11100.
[2026-09-11 15:58:03] Processing Realbooru #668824...
[2026-09-11 15:58:04]   Downloading media for #668824...
[2026-09-11 15:58:08]   Success: Uploaded as Post #11101.
[2026-09-11 15:58:08] Processing Realbooru #668858...
[2026-09-11 15:58:09]   Downloading media for #668858...
[2026-09-11 15:58:11]   Success: Uploaded as Post #11102.
[2026-09-11 15:58:11] Processing Realbooru #668867...
[2026-09-11 15:58:12]   Downloading media for #668867...
[2026-09-11 15:58:14]   Success: Uploaded as Post #11103.
[2026-09-11 15:58:14] Processing Realbooru #668868...
[2026-09-11 15:58:15]   Downloading media for #668868...
[2026-09-11 15:58:18]   Success: Uploaded as Post #11104.
[2026-09-11 15:58:18] Processing Realbooru #668902...
[2026-09-11 15:58:18]   Downloading media for #668902...
[2026-09-11 15:58:24]   Success: Uploaded as Post #11105.
[2026-09-11 15:58:24] Processing Realbooru #668977...
[2026-09-11 15:58:25]   Downloading media for #668977...
[2026-09-11 15:58:27]   Success: Uploaded as Post #11106.
[2026-09-11 15:58:27] Processing Realbooru #668978...
[2026-09-11 15:58:28]   Downloading media for #668978...
[2026-09-11 15:58:31]   Success: Uploaded as Post #11107.
[2026-09-11 15:58:31] Processing Realbooru #668994...
[2026-09-11 15:58:31]   Downloading media for #668994...
[2026-09-11 15:58:33]   Success: Uploaded as Post #11108.
[2026-09-11 15:58:33] Processing Realbooru #669043...
[2026-09-11 15:58:34]   Downloading media for #669043...
[2026-09-11 15:58:37]   Success: Uploaded as Post #11109.
[2026-09-11 15:58:37] Processing Realbooru #669133...
[2026-09-11 15:58:37]   Downloading media for #669133...
[2026-09-11 15:58:41]   Success: Uploaded as Post #11110.
[2026-09-11 15:58:41] Processing Realbooru #669140...
[2026-09-11 15:58:41]   Downloading media for #669140...
[2026-09-11 15:58:45]   Success: Uploaded as Post #11111.
[2026-09-11 15:58:45] Processing Realbooru #669156...
[2026-09-11 15:58:46]   Downloading media for #669156...
[2026-09-11 15:58:48]   Success: Uploaded as Post #11112.
[2026-09-11 15:58:48] Processing Realbooru #669182...
[2026-09-11 15:58:49]   Downloading media for #669182...
[2026-09-11 15:58:51]   Success: Uploaded as Post #11113.
[2026-09-11 15:58:51] Processing Realbooru #669356...
[2026-09-11 15:58:52]   Downloading media for #669356...
[2026-09-11 15:59:45]   Success: Uploaded as Post #11114.
[2026-09-11 15:59:45] Processing Realbooru #669481...
[2026-09-11 15:59:46]   Downloading media for #669481...
[2026-09-11 16:00:00]   Success: Uploaded as Post #11115.
[2026-09-11 16:00:00] Processing Realbooru #669484...
[2026-09-11 16:00:01]   Downloading media for #669484...
[2026-09-11 16:00:45]   Success: Uploaded as Post #11116.
[2026-09-11 16:00:45] Fetching page list (pid=252)...
[2026-09-11 16:00:46] Processing Realbooru #669562...
[2026-09-11 16:00:47]   Downloading media for #669562...
[2026-09-11 16:00:54]   Success: Uploaded as Post #11117.
[2026-09-11 16:00:54] Processing Realbooru #669626...
[2026-09-11 16:00:55]   Downloading media for #669626...
[2026-09-11 16:00:58]   Success: Uploaded as Post #11118.
[2026-09-11 16:00:58] Processing Realbooru #669929...
[2026-09-11 16:00:59]   Downloading media for #669929...
[2026-09-11 16:01:01]   Success: Uploaded as Post #11119.
[2026-09-11 16:01:01] Processing Realbooru #669969...
[2026-09-11 16:01:02]   Downloading media for #669969...
[2026-09-11 16:01:40]   Success: Uploaded as Post #11120.
[2026-09-11 16:01:40] Processing Realbooru #670030...
[2026-09-11 16:01:41]   Downloading media for #670030...
[2026-09-11 16:01:43]   Success: Uploaded as Post #11121.
[2026-09-11 16:01:43] Processing Realbooru #670095...
[2026-09-11 16:01:43]   Downloading media for #670095...
[2026-09-11 16:01:45]   Success: Uploaded as Post #11122.
[2026-09-11 16:01:45] Processing Realbooru #670096...
[2026-09-11 16:01:46]   Downloading media for #670096...
[2026-09-11 16:01:47]   Success: Uploaded as Post #11123.
[2026-09-11 16:01:47] Processing Realbooru #670197...
[2026-09-11 16:01:48]   Downloading media for #670197...
[2026-09-11 16:01:50]   Success: Uploaded as Post #11124.
[2026-09-11 16:01:50] Processing Realbooru #670204...
[2026-09-11 16:01:52]   Downloading media for #670204...
[2026-09-11 16:01:54]   Success: Uploaded as Post #11125.
[2026-09-11 16:01:54] Processing Realbooru #670355...
[2026-09-11 16:01:54]   Downloading media for #670355...
[2026-09-11 16:01:56]   Success: Uploaded as Post #11126.
[2026-09-11 16:01:56] Processing Realbooru #670464...
[2026-09-11 16:01:57]   Downloading media for #670464...
[2026-09-11 16:02:01]   Success: Uploaded as Post #11127.
[2026-09-11 16:02:01] Processing Realbooru #670485...
[2026-09-11 16:02:02]   Downloading media for #670485...
[2026-09-11 16:02:09]   Success: Uploaded as Post #11128.
[2026-09-11 16:02:09] Processing Realbooru #670925...
[2026-09-11 16:02:10]   Downloading media for #670925...
[2026-09-11 16:02:24]   Success: Uploaded as Post #11129.
[2026-09-11 16:02:24] Processing Realbooru #670950...
[2026-09-11 16:02:25]   Downloading media for #670950...
[2026-09-11 16:02:46]   Success: Uploaded as Post #11130.
[2026-09-11 16:02:46] Processing Realbooru #670970...
[2026-09-11 16:02:47]   Downloading media for #670970...
[2026-09-11 16:02:50]   Success: Uploaded as Post #11131.
[2026-09-11 16:02:50] Processing Realbooru #671032...
[2026-09-11 16:02:51]   Downloading media for #671032...
[2026-09-11 16:02:52]   Success: Uploaded as Post #11132.
[2026-09-11 16:02:52] Processing Realbooru #671103...
[2026-09-11 16:02:53]   Downloading media for #671103...
[2026-09-11 16:02:55]   Success: Uploaded as Post #11133.
[2026-09-11 16:02:55] Processing Realbooru #671306...
[2026-09-11 16:02:56]   Downloading media for #671306...
[2026-09-11 16:04:08]   Success: Uploaded as Post #11134.
[2026-09-11 16:04:08] Processing Realbooru #671351...
[2026-09-11 16:04:09]   Downloading media for #671351...
[2026-09-11 16:04:17]   Success: Uploaded as Post #11135.
[2026-09-11 16:04:17] Processing Realbooru #671382...
[2026-09-11 16:04:18]   Downloading media for #671382...
[2026-09-11 16:04:20]   Success: Uploaded as Post #11136.
[2026-09-11 16:04:20] Processing Realbooru #671383...
[2026-09-11 16:04:21]   Downloading media for #671383...
[2026-09-11 16:04:23]   Success: Uploaded as Post #11137.
[2026-09-11 16:04:23] Processing Realbooru #671395...
[2026-09-11 16:04:23]   Downloading media for #671395...
[2026-09-11 16:04:26]   Success: Uploaded as Post #11138.
[2026-09-11 16:04:26] Processing Realbooru #671451...
[2026-09-11 16:04:27]   Downloading media for #671451...
[2026-09-11 16:04:31]   Success: Uploaded as Post #11139.
[2026-09-11 16:04:31] Processing Realbooru #671453...
[2026-09-11 16:04:32]   Downloading media for #671453...
[2026-09-11 16:04:34]   Success: Uploaded as Post #11140.
[2026-09-11 16:04:34] Processing Realbooru #671455...
[2026-09-11 16:04:35]   Downloading media for #671455...
[2026-09-11 16:04:37]   Success: Uploaded as Post #11141.
[2026-09-11 16:04:37] Processing Realbooru #671460...
[2026-09-11 16:04:37]   Downloading media for #671460...
[2026-09-11 16:04:40]   Success: Uploaded as Post #11142.
[2026-09-11 16:04:40] Processing Realbooru #671461...
[2026-09-11 16:04:40]   Downloading media for #671461...
[2026-09-11 16:04:42]   Success: Uploaded as Post #11143.
[2026-09-11 16:04:42] Processing Realbooru #671469...
[2026-09-11 16:04:43]   Downloading media for #671469...
[2026-09-11 16:04:46]   Success: Uploaded as Post #11144.
[2026-09-11 16:04:46] Processing Realbooru #671470...
[2026-09-11 16:04:47]   Downloading media for #671470...
[2026-09-11 16:04:49]   Success: Uploaded as Post #11145.
[2026-09-11 16:04:49] Processing Realbooru #671471...
[2026-09-11 16:04:50]   Downloading media for #671471...
[2026-09-11 16:04:55]   Success: Uploaded as Post #11146.
[2026-09-11 16:04:55] Processing Realbooru #671472...
[2026-09-11 16:04:56]   Downloading media for #671472...
[2026-09-11 16:04:59]   Success: Uploaded as Post #11147.
[2026-09-11 16:04:59] Processing Realbooru #671500...
[2026-09-11 16:05:00]   Downloading media for #671500...
[2026-09-11 16:05:11]   Success: Uploaded as Post #11148.
[2026-09-11 16:05:11] Processing Realbooru #671501...
[2026-09-11 16:05:12]   Downloading media for #671501...
[2026-09-11 16:05:38]   Success: Uploaded as Post #11149.
[2026-09-11 16:05:38] Processing Realbooru #671614...
[2026-09-11 16:05:39]   Downloading media for #671614...
[2026-09-11 16:05:42]   Success: Uploaded as Post #11150.
[2026-09-11 16:05:42] Processing Realbooru #671623...
[2026-09-11 16:05:43]   Downloading media for #671623...
[2026-09-11 16:05:45]   Success: Uploaded as Post #11151.
[2026-09-11 16:05:45] Processing Realbooru #671624...
[2026-09-11 16:05:46]   Downloading media for #671624...
[2026-09-11 16:05:48]   Success: Uploaded as Post #11152.
[2026-09-11 16:05:48] Processing Realbooru #671625...
[2026-09-11 16:05:49]   Downloading media for #671625...
[2026-09-11 16:05:51]   Success: Uploaded as Post #11153.
[2026-09-11 16:05:51] Processing Realbooru #671626...
[2026-09-11 16:05:51]   Downloading media for #671626...
[2026-09-11 16:05:53]   Success: Uploaded as Post #11154.
[2026-09-11 16:05:53] Processing Realbooru #671631...
[2026-09-11 16:05:54]   Downloading media for #671631...
[2026-09-11 16:05:59]   Success: Uploaded as Post #11155.
[2026-09-11 16:05:59] Processing Realbooru #672118...
[2026-09-11 16:06:00]   Downloading media for #672118...
[2026-09-11 16:06:15]   Success: Uploaded as Post #11156.
[2026-09-11 16:06:15] Processing Realbooru #672121...
[2026-09-11 16:06:16]   Downloading media for #672121...
[2026-09-11 16:06:23]   Success: Uploaded as Post #11157.
[2026-09-11 16:06:23] Processing Realbooru #672169...
[2026-09-11 16:06:24]   Downloading media for #672169...
[2026-09-11 16:07:16]   Success: Uploaded as Post #11158.
[2026-09-11 16:07:16] Fetching page list (pid=294)...
[2026-09-11 16:07:17] Processing Realbooru #672202...
[2026-09-11 16:07:18]   Downloading media for #672202...
[2026-09-11 16:07:20]   Success: Uploaded as Post #11159.
[2026-09-11 16:07:20] Processing Realbooru #672467...
[2026-09-11 16:07:21]   Downloading media for #672467...
[2026-09-11 16:07:25]   Success: Uploaded as Post #11160.
[2026-09-11 16:07:25] Processing Realbooru #672468...
[2026-09-11 16:07:26]   Downloading media for #672468...
[2026-09-11 16:07:30]   Success: Uploaded as Post #11161.
[2026-09-11 16:07:30] Processing Realbooru #672470...
[2026-09-11 16:07:31]   Downloading media for #672470...
[2026-09-11 16:07:38]   Success: Uploaded as Post #11162.
[2026-09-11 16:07:38] Processing Realbooru #672576...
[2026-09-11 16:07:39]   Downloading media for #672576...
[2026-09-11 16:08:40]   Success: Uploaded as Post #11163.
[2026-09-11 16:08:40] Processing Realbooru #672710...
[2026-09-11 16:08:41]   Downloading media for #672710...
[2026-09-11 16:08:43]   Success: Uploaded as Post #11164.
[2026-09-11 16:08:43] Processing Realbooru #672711...
[2026-09-11 16:08:44]   Downloading media for #672711...
[2026-09-11 16:08:47]   Success: Uploaded as Post #11165.
[2026-09-11 16:08:47] Processing Realbooru #672712...
[2026-09-11 16:08:47]   Downloading media for #672712...
[2026-09-11 16:09:02]   Success: Uploaded as Post #11166.
[2026-09-11 16:09:02] Processing Realbooru #672713...
[2026-09-11 16:09:03]   Downloading media for #672713...
[2026-09-11 16:11:51]   Success: Uploaded as Post #11167.
[2026-09-11 16:11:51] Processing Realbooru #672714...
[2026-09-11 16:11:51]   Downloading media for #672714...
[2026-09-11 16:12:09]   Success: Uploaded as Post #11168.
[2026-09-11 16:12:09] Processing Realbooru #672723...
[2026-09-11 16:12:10]   Downloading media for #672723...
[2026-09-11 16:12:37]   Success: Uploaded as Post #11169.
[2026-09-11 16:12:37] Processing Realbooru #672805...
[2026-09-11 16:12:38]   Downloading media for #672805...
[2026-09-11 16:13:12]   Success: Uploaded as Post #11170.
[2026-09-11 16:13:12] Processing Realbooru #672963...
[2026-09-11 16:13:13]   Downloading media for #672963...
[2026-09-11 16:13:15]   Success: Uploaded as Post #11171.
[2026-09-11 16:13:15] Processing Realbooru #672964...
[2026-09-11 16:13:16]   Downloading media for #672964...
[2026-09-11 16:13:18]   Success: Uploaded as Post #11172.
[2026-09-11 16:13:18] Processing Realbooru #672965...
[2026-09-11 16:13:18]   Downloading media for #672965...
[2026-09-11 16:13:20]   Success: Uploaded as Post #11173.
[2026-09-11 16:13:20] Processing Realbooru #673008...
[2026-09-11 16:13:21]   Downloading media for #673008...
[2026-09-11 16:13:23]   Success: Uploaded as Post #11174.
[2026-09-11 16:13:23] Processing Realbooru #673048...
[2026-09-11 16:13:24]   Downloading media for #673048...
[2026-09-11 16:13:25]   Success: Uploaded as Post #11175.
[2026-09-11 16:13:25] Processing Realbooru #673243...
[2026-09-11 16:13:26]   Downloading media for #673243...
[2026-09-11 16:13:30]   Success: Uploaded as Post #11176.
[2026-09-11 16:13:30] Processing Realbooru #673245...
[2026-09-11 16:13:30]   Downloading media for #673245...
[2026-09-11 16:13:34]   Success: Uploaded as Post #11177.
[2026-09-11 16:13:34] Processing Realbooru #673246...
[2026-09-11 16:13:35]   Downloading media for #673246...
[2026-09-11 16:13:39]   Success: Uploaded as Post #11178.
[2026-09-11 16:13:39] Processing Realbooru #673274...
[2026-09-11 16:13:40]   Downloading media for #673274...
[2026-09-11 16:13:44]   Success: Uploaded as Post #11179.
[2026-09-11 16:13:44] Processing Realbooru #673275...
[2026-09-11 16:13:45]   Downloading media for #673275...
[2026-09-11 16:13:54]   Success: Uploaded as Post #11180.
[2026-09-11 16:13:54] Processing Realbooru #673276...
[2026-09-11 16:13:54]   Downloading media for #673276...
[2026-09-11 16:13:58]   Success: Uploaded as Post #11181.
[2026-09-11 16:13:58] Processing Realbooru #673277...
[2026-09-11 16:13:59]   Downloading media for #673277...
[2026-09-11 16:14:03]   Success: Uploaded as Post #11182.
[2026-09-11 16:14:03] Processing Realbooru #673278...
[2026-09-11 16:14:04]   Downloading media for #673278...
[2026-09-11 16:14:08]   Success: Uploaded as Post #11183.
[2026-09-11 16:14:08] Processing Realbooru #673279...
[2026-09-11 16:14:09]   Downloading media for #673279...
[2026-09-11 16:14:17]   Success: Uploaded as Post #11184.
[2026-09-11 16:14:17] Processing Realbooru #673280...
[2026-09-11 16:14:18]   Downloading media for #673280...
[2026-09-11 16:14:22]   Success: Uploaded as Post #11185.
[2026-09-11 16:14:22] Processing Realbooru #673281...
[2026-09-11 16:14:23]   Downloading media for #673281...
[2026-09-11 16:14:27]   Success: Uploaded as Post #11186.
[2026-09-11 16:14:27] Processing Realbooru #673282...
[2026-09-11 16:14:28]   Downloading media for #673282...
[2026-09-11 16:14:32]   Success: Uploaded as Post #11187.
[2026-09-11 16:14:32] Processing Realbooru #673283...
[2026-09-11 16:14:32]   Downloading media for #673283...
[2026-09-11 16:14:37]   Success: Uploaded as Post #11188.
[2026-09-11 16:14:37] Processing Realbooru #673284...
[2026-09-11 16:14:38]   Downloading media for #673284...
[2026-09-11 16:14:47]   Success: Uploaded as Post #11189.
[2026-09-11 16:14:47] Processing Realbooru #673285...
[2026-09-11 16:14:48]   Downloading media for #673285...
[2026-09-11 16:14:52]   Success: Uploaded as Post #11190.
[2026-09-11 16:14:52] Processing Realbooru #673286...
[2026-09-11 16:14:53]   Downloading media for #673286...
[2026-09-11 16:15:04]   Success: Uploaded as Post #11191.
[2026-09-11 16:15:04] Processing Realbooru #673289...
[2026-09-11 16:15:04]   Downloading media for #673289...
[2026-09-11 16:15:08]   Success: Uploaded as Post #11192.
[2026-09-11 16:15:08] Processing Realbooru #673295...
[2026-09-11 16:15:09]   Downloading media for #673295...
[2026-09-11 16:15:12]   Success: Uploaded as Post #11193.
[2026-09-11 16:15:12] Processing Realbooru #673297...
[2026-09-11 16:15:13]   Downloading media for #673297...
[2026-09-11 16:15:17]   Success: Uploaded as Post #11194.
[2026-09-11 16:15:17] Processing Realbooru #673320...
[2026-09-11 16:15:18]   Downloading media for #673320...
[2026-09-11 16:15:23]   Success: Uploaded as Post #11195.
[2026-09-11 16:15:23] Processing Realbooru #673323...
[2026-09-11 16:15:24]   Downloading media for #673323...
[2026-09-11 16:15:30]   Success: Uploaded as Post #11196.
[2026-09-11 16:15:30] Processing Realbooru #673324...
[2026-09-11 16:15:31]   Downloading media for #673324...
[2026-09-11 16:15:35]   Success: Uploaded as Post #11197.
[2026-09-11 16:15:35] Processing Realbooru #673339...
[2026-09-11 16:15:36]   Downloading media for #673339...
[2026-09-11 16:15:37]   Success: Uploaded as Post #11198.
[2026-09-11 16:15:37] Processing Realbooru #673407...
[2026-09-11 16:15:38]   Downloading media for #673407...
[2026-09-11 16:16:08]   Success: Uploaded as Post #11199.
[2026-09-11 16:16:08] Processing Realbooru #673419...
[2026-09-11 16:16:08]   Downloading media for #673419...
[2026-09-11 16:18:17]   Success: Uploaded as Post #11200.
[2026-09-11 16:18:17] Fetching page list (pid=336)...
[2026-09-11 16:18:18] Processing Realbooru #673531...
[2026-09-11 16:18:19]   Downloading media for #673531...
[2026-09-11 16:18:21]   Success: Uploaded as Post #11201.
[2026-09-11 16:18:21] Processing Realbooru #673532...
[2026-09-11 16:18:22]   Downloading media for #673532...
[2026-09-11 16:18:24]   Success: Uploaded as Post #11202.
[2026-09-11 16:18:24] Processing Realbooru #673535...
[2026-09-11 16:18:25]   Downloading media for #673535...
[2026-09-11 16:18:27]   Success: Uploaded as Post #11203.
[2026-09-11 16:18:27] Processing Realbooru #674219...
[2026-09-11 16:18:28]   Downloading media for #674219...
[2026-09-11 16:18:57]   Success: Uploaded as Post #11204.
[2026-09-11 16:18:57] Processing Realbooru #674220...
[2026-09-11 16:18:58]   Downloading media for #674220...
[2026-09-11 16:21:55]   Success: Uploaded as Post #11205.
[2026-09-11 16:21:55] Processing Realbooru #674420...
[2026-09-11 16:21:56]   Downloading media for #674420...
[2026-09-11 16:21:58]   Success: Uploaded as Post #11206.
[2026-09-11 16:21:58] Processing Realbooru #674938...
[2026-09-11 16:21:59]   Downloading media for #674938...
[2026-09-11 16:22:01]   Success: Uploaded as Post #11207.
[2026-09-11 16:22:01] Processing Realbooru #675349...
[2026-09-11 16:22:03]   Downloading media for #675349...
[2026-09-11 16:25:41]   Success: Uploaded as Post #11208.
[2026-09-11 16:25:41] Processing Realbooru #675420...
[2026-09-11 16:25:42]   Downloading media for #675420...
[2026-09-11 16:25:46]   Success: Uploaded as Post #11209.
[2026-09-11 16:25:46] Processing Realbooru #675639...
[2026-09-11 16:25:47]   Downloading media for #675639...
[2026-09-11 16:25:49]   Success: Uploaded as Post #11210.
[2026-09-11 16:25:49] Processing Realbooru #675640...
[2026-09-11 16:25:49]   Downloading media for #675640...
[2026-09-11 16:25:51]   Success: Uploaded as Post #11211.
[2026-09-11 16:25:51] Processing Realbooru #675641...
[2026-09-11 16:25:52]   Downloading media for #675641...
[2026-09-11 16:25:53]   Success: Uploaded as Post #11212.
[2026-09-11 16:25:53] Processing Realbooru #675712...
[2026-09-11 16:25:54]   Downloading media for #675712...
[2026-09-11 16:25:56]   Success: Uploaded as Post #11213.
[2026-09-11 16:25:56] Processing Realbooru #675716...
[2026-09-11 16:25:56]   Downloading media for #675716...
[2026-09-11 16:25:58]   Success: Uploaded as Post #11214.
[2026-09-11 16:25:58] Processing Realbooru #675717...
[2026-09-11 16:25:59]   Downloading media for #675717...
[2026-09-11 16:26:00]   Success: Uploaded as Post #11215.
[2026-09-11 16:26:00] Processing Realbooru #675740...
[2026-09-11 16:26:01]   Downloading media for #675740...
[2026-09-11 16:26:46]   Success: Uploaded as Post #11216.
[2026-09-11 16:26:46] Processing Realbooru #675816...
[2026-09-11 16:26:47]   Downloading media for #675816...
[2026-09-11 16:26:50]   Success: Uploaded as Post #11217.
[2026-09-11 16:26:50] Processing Realbooru #675867...
[2026-09-11 16:26:50]   Downloading media for #675867...
[2026-09-11 16:26:55]   Success: Uploaded as Post #11218.
[2026-09-11 16:26:55] Processing Realbooru #675868...
[2026-09-11 16:26:56]   Downloading media for #675868...
[2026-09-11 16:27:01]   Success: Uploaded as Post #11219.
[2026-09-11 16:27:01] Processing Realbooru #675900...
[2026-09-11 16:27:01]   Downloading media for #675900...
[2026-09-11 16:27:16]   Success: Uploaded as Post #11220.
[2026-09-11 16:27:16] Processing Realbooru #675901...
[2026-09-11 16:27:17]   Downloading media for #675901...
[2026-09-11 16:27:55]   Success: Uploaded as Post #11221.
[2026-09-11 16:27:55] Processing Realbooru #675905...
[2026-09-11 16:27:56]   Downloading media for #675905...
[2026-09-11 16:28:02]   Success: Uploaded as Post #11222.
[2026-09-11 16:28:02] Processing Realbooru #675906...
[2026-09-11 16:28:03]   Downloading media for #675906...
[2026-09-11 16:29:40]   Success: Uploaded as Post #11223.
[2026-09-11 16:29:40] Processing Realbooru #675907...
[2026-09-11 16:29:41]   Downloading media for #675907...
[2026-09-11 16:29:43]   Success: Uploaded as Post #11224.
[2026-09-11 16:29:43] Processing Realbooru #675908...
[2026-09-11 16:29:44]   Downloading media for #675908...
[2026-09-11 16:29:47]   Success: Uploaded as Post #11225.
[2026-09-11 16:29:47] Processing Realbooru #676104...
[2026-09-11 16:29:47]   Downloading media for #676104...
[2026-09-11 16:29:50]   Success: Uploaded as Post #11226.
[2026-09-11 16:29:50] Processing Realbooru #677105...
[2026-09-11 16:29:51]   Downloading media for #677105...
[2026-09-11 16:29:55]   Success: Uploaded as Post #11227.
[2026-09-11 16:29:55] Processing Realbooru #677249...
[2026-09-11 16:29:56]   Downloading media for #677249...
[2026-09-11 16:29:58]   Success: Uploaded as Post #11228.
[2026-09-11 16:29:58] Processing Realbooru #677593...
[2026-09-11 16:29:59]   Downloading media for #677593...
[2026-09-11 16:30:01]   Success: Uploaded as Post #11229.
[2026-09-11 16:30:01] Processing Realbooru #677594...
[2026-09-11 16:30:01]   Downloading media for #677594...
[2026-09-11 16:30:04]   Success: Uploaded as Post #11230.
[2026-09-11 16:30:04] Processing Realbooru #677652...
[2026-09-11 16:30:04]   Downloading media for #677652...
[2026-09-11 16:30:06]   Success: Uploaded as Post #11231.
[2026-09-11 16:30:06] Processing Realbooru #677653...
[2026-09-11 16:30:07]   Downloading media for #677653...
[2026-09-11 16:30:09]   Success: Uploaded as Post #11232.
[2026-09-11 16:30:09] Processing Realbooru #677655...
[2026-09-11 16:30:09]   Downloading media for #677655...
[2026-09-11 16:30:11]   Success: Uploaded as Post #11233.
[2026-09-11 16:30:11] Processing Realbooru #677657...
[2026-09-11 16:30:12]   Downloading media for #677657...
[2026-09-11 16:30:13]   Success: Uploaded as Post #11234.
[2026-09-11 16:30:13] Processing Realbooru #677735...
[2026-09-11 16:30:14]   Downloading media for #677735...
[2026-09-11 16:30:16]   Success: Uploaded as Post #11235.
[2026-09-11 16:30:16] Processing Realbooru #677781...
[2026-09-11 16:30:17]   Downloading media for #677781...
[2026-09-11 16:30:19]   Success: Uploaded as Post #11236.
[2026-09-11 16:30:19] Processing Realbooru #677932...
[2026-09-11 16:30:19]   Downloading media for #677932...
[2026-09-11 16:30:21]   Success: Uploaded as Post #11237.
[2026-09-11 16:30:21] Processing Realbooru #677940...
[2026-09-11 16:30:22]   Downloading media for #677940...
[2026-09-11 16:30:23]   Success: Uploaded as Post #11238.
[2026-09-11 16:30:23] Processing Realbooru #677941...
[2026-09-11 16:30:24]   Downloading media for #677941...
[2026-09-11 16:30:25]   Success: Uploaded as Post #11239.
[2026-09-11 16:30:25] Processing Realbooru #678018...
[2026-09-11 16:30:26]   Downloading media for #678018...
[2026-09-11 16:30:29]   Success: Uploaded as Post #11240.
[2026-09-11 16:30:29] Processing Realbooru #678204...
[2026-09-11 16:30:29]   Downloading media for #678204...
[2026-09-11 16:30:31]   Success: Uploaded as Post #11241.
[2026-09-11 16:30:31] Processing Realbooru #678209...
[2026-09-11 16:30:32]   Downloading media for #678209...
[2026-09-11 16:30:34]   Success: Uploaded as Post #11242.
[2026-09-11 16:30:34] Fetching page list (pid=378)...
[2026-09-11 16:30:35] Processing Realbooru #678279...
[2026-09-11 16:30:35]   Downloading media for #678279...
[2026-09-11 16:32:17]   Success: Uploaded as Post #11243.
[2026-09-11 16:32:17] Processing Realbooru #678280...
[2026-09-11 16:32:18]   Downloading media for #678280...
[2026-09-11 16:32:31]   Success: Uploaded as Post #11244.
[2026-09-11 16:32:31] Processing Realbooru #678309...
[2026-09-11 16:32:33]   Downloading media for #678309...
[2026-09-11 16:34:36]   Success: Uploaded as Post #11245.
[2026-09-11 16:34:36] Processing Realbooru #678311...
[2026-09-11 16:34:37]   Downloading media for #678311...
[2026-09-11 16:39:47]   Success: Uploaded as Post #11246.
[2026-09-11 16:39:47] Processing Realbooru #678375...
[2026-09-11 16:39:47]   Downloading media for #678375...
[2026-09-11 16:39:50]   Success: Uploaded as Post #11247.
[2026-09-11 16:39:50] Processing Realbooru #678418...
[2026-09-11 16:39:50]   Downloading media for #678418...
[2026-09-11 16:40:01]   Success: Uploaded as Post #11248.
[2026-09-11 16:40:01] Processing Realbooru #678433...
[2026-09-11 16:40:02]   Downloading media for #678433...
[2026-09-11 16:40:03]   Success: Uploaded as Post #11249.
[2026-09-11 16:40:03] Processing Realbooru #678434...
[2026-09-11 16:40:04]   Downloading media for #678434...
[2026-09-11 16:40:05]   Success: Uploaded as Post #11250.
[2026-09-11 16:40:05] Processing Realbooru #678435...
[2026-09-11 16:40:06]   Downloading media for #678435...
[2026-09-11 16:40:10]   Success: Uploaded as Post #11251.
[2026-09-11 16:40:10] Processing Realbooru #678436...
[2026-09-11 16:40:11]   Downloading media for #678436...
[2026-09-11 16:40:13]   Success: Uploaded as Post #11252.
[2026-09-11 16:40:13] Processing Realbooru #678469...
[2026-09-11 16:40:14]   Downloading media for #678469...
[2026-09-11 16:40:18]   Success: Uploaded as Post #11253.
[2026-09-11 16:40:18] Processing Realbooru #678474...
[2026-09-11 16:40:19]   Downloading media for #678474...
[2026-09-11 16:40:25]   Success: Uploaded as Post #11254.
[2026-09-11 16:40:25] Processing Realbooru #678493...
[2026-09-11 16:40:25]   Downloading media for #678493...
[2026-09-11 16:40:27]   Success: Uploaded as Post #11255.
[2026-09-11 16:40:27] Processing Realbooru #678495...
[2026-09-11 16:40:28]   Downloading media for #678495...
[2026-09-11 16:40:30]   Success: Uploaded as Post #11256.
[2026-09-11 16:40:30] Processing Realbooru #678637...
[2026-09-11 16:40:30]   Downloading media for #678637...
[2026-09-11 16:40:33]   Success: Uploaded as Post #11257.
[2026-09-11 16:40:33] Processing Realbooru #678666...
[2026-09-11 16:40:34]   Downloading media for #678666...
[2026-09-11 16:40:36]   Success: Uploaded as Post #11258.
[2026-09-11 16:40:36] Processing Realbooru #678778...
[2026-09-11 16:40:37]   Downloading media for #678778...
[2026-09-11 16:40:38]   Success: Uploaded as Post #11259.
[2026-09-11 16:40:38] Processing Realbooru #678780...
[2026-09-11 16:40:39]   Downloading media for #678780...
[2026-09-11 16:40:41]   Success: Uploaded as Post #11260.
[2026-09-11 16:40:41] Processing Realbooru #678781...
[2026-09-11 16:40:42]   Downloading media for #678781...
[2026-09-11 16:40:45]   Success: Uploaded as Post #11261.
[2026-09-11 16:40:45] Processing Realbooru #678956...
[2026-09-11 16:40:45]   Downloading media for #678956...
[2026-09-11 16:41:15]   Success: Uploaded as Post #11262.
[2026-09-11 16:41:15] Processing Realbooru #679463...
[2026-09-11 16:41:16]   Downloading media for #679463...
[2026-09-11 16:41:22]   Success: Uploaded as Post #11263.
[2026-09-11 16:41:22] Processing Realbooru #679662...
[2026-09-11 16:41:23]   Downloading media for #679662...
[2026-09-11 16:43:04]   Success: Uploaded as Post #11264.
[2026-09-11 16:43:04] Processing Realbooru #680581...
[2026-09-11 16:43:05]   Downloading media for #680581...
[2026-09-11 16:43:11]   Success: Uploaded as Post #11265.
[2026-09-11 16:43:11] Processing Realbooru #680604...
[2026-09-11 16:43:12]   Downloading media for #680604...
[2026-09-11 16:43:33]   Success: Uploaded as Post #11266.
[2026-09-11 16:43:33] Processing Realbooru #680693...
[2026-09-11 16:43:34]   Downloading media for #680693...
[2026-09-11 16:45:18]   Success: Uploaded as Post #11267.
[2026-09-11 16:45:18] Processing Realbooru #680704...
[2026-09-11 16:45:19]   Downloading media for #680704...
[2026-09-11 16:46:00]   Success: Uploaded as Post #11268.
[2026-09-11 16:46:00] Processing Realbooru #680706...
[2026-09-11 16:46:00]   Downloading media for #680706...
[2026-09-11 16:46:34]   Success: Uploaded as Post #11269.
[2026-09-11 16:46:34] Processing Realbooru #680732...
[2026-09-11 16:46:35]   Downloading media for #680732...
[2026-09-11 16:48:08]   Success: Uploaded as Post #11270.
[2026-09-11 16:48:08] Processing Realbooru #680733...
[2026-09-11 16:48:08]   Downloading media for #680733...
[2026-09-11 16:49:25]   Success: Uploaded as Post #11271.
[2026-09-11 16:49:25] Processing Realbooru #680735...
[2026-09-11 16:49:26]   Downloading media for #680735...
[2026-09-11 16:50:28]   Success: Uploaded as Post #11272.
[2026-09-11 16:50:28] Processing Realbooru #680736...
[2026-09-11 16:50:29]   Downloading media for #680736...
[2026-09-11 16:52:03]   Success: Uploaded as Post #11273.
[2026-09-11 16:52:03] Processing Realbooru #680764...
[2026-09-11 16:52:04]   Downloading media for #680764...
[2026-09-11 16:52:06]   Success: Uploaded as Post #11274.
[2026-09-11 16:52:06] Processing Realbooru #680766...
[2026-09-11 16:52:07]   Downloading media for #680766...
[2026-09-11 16:52:09]   Success: Uploaded as Post #11275.
[2026-09-11 16:52:09] Processing Realbooru #680774...
[2026-09-11 16:52:09]   Downloading media for #680774...
[2026-09-11 16:52:11]   Success: Uploaded as Post #11276.
[2026-09-11 16:52:11] Processing Realbooru #680775...
[2026-09-11 16:52:12]   Downloading media for #680775...
[2026-09-11 16:52:13]   Success: Uploaded as Post #11277.
[2026-09-11 16:52:13] Processing Realbooru #680790...
[2026-09-11 16:52:14]   Downloading media for #680790...
[2026-09-11 16:52:17]   Success: Uploaded as Post #11278.
[2026-09-11 16:52:17] Processing Realbooru #680806...
[2026-09-11 16:52:18]   Downloading media for #680806...
[2026-09-11 16:52:25]   Success: Uploaded as Post #11279.
[2026-09-11 16:52:25] Processing Realbooru #680836...
[2026-09-11 16:52:25]   Downloading media for #680836...
[2026-09-11 16:52:27]   Success: Uploaded as Post #11280.
[2026-09-11 16:52:27] Processing Realbooru #680842...
[2026-09-11 16:52:28]   Downloading media for #680842...
[2026-09-11 16:52:30]   Success: Uploaded as Post #11281.
[2026-09-11 16:52:30] Processing Realbooru #680927...
[2026-09-11 16:52:31]   Downloading media for #680927...
[2026-09-11 16:52:33]   Success: Uploaded as Post #11282.
[2026-09-11 16:52:33] Processing Realbooru #680928...
[2026-09-11 16:52:34]   Downloading media for #680928...
[2026-09-11 16:52:36]   Success: Uploaded as Post #11283.
[2026-09-11 16:52:36] Processing Realbooru #680929...
[2026-09-11 16:52:37]   Downloading media for #680929...
[2026-09-11 16:52:39]   Success: Uploaded as Post #11284.
[2026-09-11 16:52:39] Fetching page list (pid=420)...
[2026-09-11 16:52:40] Processing Realbooru #680930...
[2026-09-11 16:52:40]   Downloading media for #680930...
[2026-09-11 16:52:42]   Success: Uploaded as Post #11285.
[2026-09-11 16:52:42] Processing Realbooru #680994...
[2026-09-11 16:52:43]   Downloading media for #680994...
[2026-09-11 16:52:45]   Success: Uploaded as Post #11286.
[2026-09-11 16:52:45] Processing Realbooru #681277...
[2026-09-11 16:52:46]   Downloading media for #681277...
[2026-09-11 16:52:47]   Success: Uploaded as Post #11287.
[2026-09-11 16:52:47] Processing Realbooru #681351...
[2026-09-11 16:52:48]   Downloading media for #681351...
[2026-09-11 16:54:02]   Success: Uploaded as Post #11288.
[2026-09-11 16:54:02] Processing Realbooru #681362...
[2026-09-11 16:54:03]   Downloading media for #681362...
[2026-09-11 16:54:06]   Success: Uploaded as Post #11289.
[2026-09-11 16:54:06] Processing Realbooru #681392...
[2026-09-11 16:54:07]   Downloading media for #681392...
[2026-09-11 16:54:08]   Success: Uploaded as Post #11290.
[2026-09-11 16:54:08] Processing Realbooru #681393...
[2026-09-11 16:54:09]   Downloading media for #681393...
[2026-09-11 16:54:11]   Success: Uploaded as Post #11291.
[2026-09-11 16:54:11] Processing Realbooru #681394...
[2026-09-11 16:54:12]   Downloading media for #681394...
[2026-09-11 16:54:14]   Success: Uploaded as Post #11292.
[2026-09-11 16:54:14] Processing Realbooru #681414...
[2026-09-11 16:54:15]   Downloading media for #681414...
[2026-09-11 16:56:26]   Success: Uploaded as Post #11293.
[2026-09-11 16:56:26] Processing Realbooru #681415...
[2026-09-11 16:56:26]   Downloading media for #681415...
[2026-09-11 16:57:30]   Success: Uploaded as Post #11294.
[2026-09-11 16:57:30] Processing Realbooru #681416...
[2026-09-11 16:57:31]   Downloading media for #681416...
[2026-09-11 16:58:59]   Success: Uploaded as Post #11295.
[2026-09-11 16:58:59] Processing Realbooru #681452...
[2026-09-11 16:59:00]   Downloading media for #681452...
[2026-09-11 17:00:23]   Success: Uploaded as Post #11296.
[2026-09-11 17:00:23] Processing Realbooru #681527...
[2026-09-11 17:00:24]   Downloading media for #681527...
[2026-09-11 17:00:36]   Success: Uploaded as Post #11297.
[2026-09-11 17:00:36] Processing Realbooru #681578...
[2026-09-11 17:00:37]   Downloading media for #681578...
[2026-09-11 17:00:46]   Success: Uploaded as Post #11298.
[2026-09-11 17:00:46] Processing Realbooru #681583...
[2026-09-11 17:00:47]   Downloading media for #681583...
[2026-09-11 17:00:49]   Success: Uploaded as Post #11299.
[2026-09-11 17:00:49] Processing Realbooru #681627...
[2026-09-11 17:00:50]   Downloading media for #681627...
[2026-09-11 17:00:52]   Success: Uploaded as Post #11300.
[2026-09-11 17:00:52] Processing Realbooru #681725...
[2026-09-11 17:00:53]   Downloading media for #681725...
[2026-09-11 17:00:54]   Success: Uploaded as Post #11301.
[2026-09-11 17:00:54] Processing Realbooru #681726...
[2026-09-11 17:00:55]   Downloading media for #681726...
[2026-09-11 17:00:57]   Success: Uploaded as Post #11302.
[2026-09-11 17:00:57] Processing Realbooru #682142...
[2026-09-11 17:00:58]   Downloading media for #682142...
[2026-09-11 17:02:02]   Success: Uploaded as Post #11303.
[2026-09-11 17:02:02] Processing Realbooru #682245...
[2026-09-11 17:02:03]   Downloading media for #682245...
[2026-09-11 17:02:09]   Success: Uploaded as Post #11304.
[2026-09-11 17:02:09] Processing Realbooru #682601...
[2026-09-11 17:02:10]   Downloading media for #682601...
[2026-09-11 17:02:12]   Success: Uploaded as Post #11305.
[2026-09-11 17:02:12] Processing Realbooru #682606...
[2026-09-11 17:02:12]   Downloading media for #682606...
[2026-09-11 17:02:24]   Success: Uploaded as Post #11306.
[2026-09-11 17:02:24] Processing Realbooru #682670...
[2026-09-11 17:02:25]   Downloading media for #682670...
[2026-09-11 17:02:26]   Success: Uploaded as Post #11307.
[2026-09-11 17:02:26] Processing Realbooru #682675...
[2026-09-11 17:02:27]   Downloading media for #682675...
[2026-09-11 17:02:32]   Success: Uploaded as Post #11308.
[2026-09-11 17:02:32] Processing Realbooru #682681...
[2026-09-11 17:02:32]   Downloading media for #682681...
[2026-09-11 17:02:34]   Success: Uploaded as Post #11309.
[2026-09-11 17:02:34] Processing Realbooru #683222...
[2026-09-11 17:02:35]   Downloading media for #683222...
[2026-09-11 17:03:43]   Success: Uploaded as Post #11310.
[2026-09-11 17:03:43] Processing Realbooru #683386...
[2026-09-11 17:03:44]   Downloading media for #683386...
[2026-09-11 17:03:46]   Success: Uploaded as Post #11311.
[2026-09-11 17:03:46] Processing Realbooru #683406...
[2026-09-11 17:03:47]   Downloading media for #683406...
[2026-09-11 17:05:09]   Success: Uploaded as Post #11312.
[2026-09-11 17:05:09] Processing Realbooru #683433...
[2026-09-11 17:05:10]   Downloading media for #683433...
[2026-09-11 17:05:14]   Success: Uploaded as Post #11313.
[2026-09-11 17:05:14] Processing Realbooru #683434...
[2026-09-11 17:05:14]   Downloading media for #683434...
[2026-09-11 17:05:17]   Success: Uploaded as Post #11314.
[2026-09-11 17:05:17] Processing Realbooru #683435...
[2026-09-11 17:05:18]   Downloading media for #683435...
[2026-09-11 17:05:20]   Success: Uploaded as Post #11315.
[2026-09-11 17:05:20] Processing Realbooru #683436...
[2026-09-11 17:05:21]   Downloading media for #683436...
[2026-09-11 17:05:25]   Success: Uploaded as Post #11316.
[2026-09-11 17:05:25] Processing Realbooru #683437...
[2026-09-11 17:05:26]   Downloading media for #683437...
[2026-09-11 17:05:28]   Success: Uploaded as Post #11317.
[2026-09-11 17:05:28] Processing Realbooru #683438...
[2026-09-11 17:05:29]   Downloading media for #683438...
[2026-09-11 17:05:31]   Success: Uploaded as Post #11318.
[2026-09-11 17:05:31] Processing Realbooru #683439...
[2026-09-11 17:05:32]   Downloading media for #683439...
[2026-09-11 17:05:34]   Success: Uploaded as Post #11319.
[2026-09-11 17:05:34] Processing Realbooru #683440...
[2026-09-11 17:05:35]   Downloading media for #683440...
[2026-09-11 17:05:37]   Success: Uploaded as Post #11320.
[2026-09-11 17:05:37] Processing Realbooru #683489...
[2026-09-11 17:05:38]   Downloading media for #683489...
[2026-09-11 17:05:40]   Success: Uploaded as Post #11321.
[2026-09-11 17:05:40] Processing Realbooru #683496...
[2026-09-11 17:05:41]   Downloading media for #683496...
[2026-09-11 17:05:44]   Success: Uploaded as Post #11322.
[2026-09-11 17:05:44] Processing Realbooru #683509...
[2026-09-11 17:05:44]   Downloading media for #683509...
[2026-09-11 17:05:49]   Success: Uploaded as Post #11323.
[2026-09-11 17:05:49] Processing Realbooru #683533...
[2026-09-11 17:05:50]   Downloading media for #683533...
[2026-09-11 17:05:57]   Success: Uploaded as Post #11324.
[2026-09-11 17:05:57] Processing Realbooru #683540...
[2026-09-11 17:05:58]   Downloading media for #683540...
[2026-09-11 17:06:01]   Success: Uploaded as Post #11325.
[2026-09-11 17:06:01] Processing Realbooru #683541...
[2026-09-11 17:06:02]   Downloading media for #683541...
[2026-09-11 17:06:10]   Success: Uploaded as Post #11326.
[2026-09-11 17:06:10] Fetching page list (pid=462)...
[2026-09-11 17:06:11] Processing Realbooru #683542...
[2026-09-11 17:06:12]   Downloading media for #683542...
[2026-09-11 17:06:15]   Success: Uploaded as Post #11327.
[2026-09-11 17:06:15] Processing Realbooru #683549...
[2026-09-11 17:06:16]   Downloading media for #683549...
[2026-09-11 17:06:19]   Success: Uploaded as Post #11328.
[2026-09-11 17:06:19] Processing Realbooru #683600...
[2026-09-11 17:06:19]   Downloading media for #683600...
[2026-09-11 17:06:21]   Success: Uploaded as Post #11329.
[2026-09-11 17:06:21] Processing Realbooru #683770...
[2026-09-11 17:06:22]   Downloading media for #683770...
[2026-09-11 17:06:28]   Success: Uploaded as Post #11330.
[2026-09-11 17:06:28] Processing Realbooru #683784...
[2026-09-11 17:06:29]   Downloading media for #683784...
[2026-09-11 17:06:35]   Success: Uploaded as Post #11331.
[2026-09-11 17:06:35] Processing Realbooru #683803...
[2026-09-11 17:06:36]   Downloading media for #683803...
[2026-09-11 17:06:38]   Success: Uploaded as Post #11332.
[2026-09-11 17:06:38] Processing Realbooru #683855...
[2026-09-11 17:06:39]   Downloading media for #683855...
[2026-09-11 17:06:42]   Success: Uploaded as Post #11333.
[2026-09-11 17:06:42] Processing Realbooru #683929...
[2026-09-11 17:06:43]   Downloading media for #683929...
[2026-09-11 17:06:44]   Success: Uploaded as Post #11334.
[2026-09-11 17:06:44] Processing Realbooru #683997...
[2026-09-11 17:06:45]   Downloading media for #683997...
[2026-09-11 17:06:46]   Success: Uploaded as Post #11335.
[2026-09-11 17:06:46] Processing Realbooru #684175...
[2026-09-11 17:06:47]   Downloading media for #684175...
[2026-09-11 17:07:11]   Success: Uploaded as Post #11336.
[2026-09-11 17:07:11] Processing Realbooru #684178...
[2026-09-11 17:07:12]   Downloading media for #684178...
[2026-09-11 17:07:27]   Success: Uploaded as Post #11337.
[2026-09-11 17:07:27] Processing Realbooru #684180...
[2026-09-11 17:07:27]   Downloading media for #684180...
[2026-09-11 17:08:09]   Success: Uploaded as Post #11338.
[2026-09-11 17:08:09] Processing Realbooru #684181...
[2026-09-11 17:08:10]   Downloading media for #684181...
[2026-09-11 17:08:12]   Success: Uploaded as Post #11339.
[2026-09-11 17:08:12] Processing Realbooru #684225...
[2026-09-11 17:08:13]   Downloading media for #684225...
[2026-09-11 17:09:00]   Success: Uploaded as Post #11340.
[2026-09-11 17:09:00] Processing Realbooru #684241...
[2026-09-11 17:09:01]   Downloading media for #684241...
