[2026-09-11 15:26:50] Starting PHP scraper for tag: femboy
[2026-09-11 15:26:50] Loaded 2070 existing Realbooru post IDs.
[2026-09-11 15:26:50] Fetching page list (pid=0)...
[2026-09-11 15:26:51] Processing Realbooru #214962...
[2026-09-11 15:26:52]   Downloading media for #214962...
[2026-09-11 15:26:58]   Success: Uploaded as Post #10865.
[2026-09-11 15:26:58] Processing Realbooru #322806...
[2026-09-11 15:26:59]   Downloading media for #322806...
[2026-09-11 15:27:02]   Success: Uploaded as Post #10866.
[2026-09-11 15:27:02] Processing Realbooru #517859...
[2026-09-11 15:27:03]   Downloading media for #517859...
[2026-09-11 15:27:08]   Success: Uploaded as Post #10867.
[2026-09-11 15:27:08] Processing Realbooru #518048...
[2026-09-11 15:27:09]   Downloading media for #518048...
[2026-09-11 15:27:11]   Success: Uploaded as Post #10868.
[2026-09-11 15:27:11] Processing Realbooru #559677...
[2026-09-11 15:27:12]   Downloading media for #559677...
[2026-09-11 15:27:16]   Success: Uploaded as Post #10869.
[2026-09-11 15:27:16] Processing Realbooru #568390...
[2026-09-11 15:27:17]   Downloading media for #568390...
[2026-09-11 15:27:18]   Success: Uploaded as Post #10870.
[2026-09-11 15:27:18] Processing Realbooru #568583...
[2026-09-11 15:27:19]   Downloading media for #568583...
[2026-09-11 15:27:21]   Success: Uploaded as Post #10871.
[2026-09-11 15:27:21] Processing Realbooru #621387...
[2026-09-11 15:27:22]   Downloading media for #621387...
[2026-09-11 15:27:24]   Success: Uploaded as Post #10872.
[2026-09-11 15:27:24] Processing Realbooru #621395...
[2026-09-11 15:27:24]   Downloading media for #621395...
[2026-09-11 15:27:30]   Success: Uploaded as Post #10873.
[2026-09-11 15:27:30] Processing Realbooru #621420...
[2026-09-11 15:27:31]   Downloading media for #621420...
[2026-09-11 15:27:35]   Success: Uploaded as Post #10874.
[2026-09-11 15:27:35] Processing Realbooru #621436...
[2026-09-11 15:27:37]   Downloading media for #621436...
[2026-09-11 15:27:40]   Success: Uploaded as Post #10875.
[2026-09-11 15:27:40] Processing Realbooru #621551...
[2026-09-11 15:27:41]   Downloading media for #621551...
[2026-09-11 15:27:47]   Success: Uploaded as Post #10876.
[2026-09-11 15:27:47] Processing Realbooru #621552...
[2026-09-11 15:27:48]   Downloading media for #621552...
[2026-09-11 15:27:56]   Success: Uploaded as Post #10877.
[2026-09-11 15:27:56] Processing Realbooru #621630...
[2026-09-11 15:27:57]   Downloading media for #621630...
[2026-09-11 15:27:59]   Success: Uploaded as Post #10878.
[2026-09-11 15:27:59] Processing Realbooru #621631...
[2026-09-11 15:28:00]   Downloading media for #621631...
[2026-09-11 15:28:02]   Success: Uploaded as Post #10879.
[2026-09-11 15:28:02] Processing Realbooru #621632...
[2026-09-11 15:28:03]   Downloading media for #621632...
[2026-09-11 15:28:05]   Success: Uploaded as Post #10880.
[2026-09-11 15:28:05] Processing Realbooru #621633...
[2026-09-11 15:28:06]   Downloading media for #621633...
[2026-09-11 15:28:09]   Success: Uploaded as Post #10881.
[2026-09-11 15:28:09] Processing Realbooru #621634...
[2026-09-11 15:28:09]   Downloading media for #621634...
[2026-09-11 15:28:11]   Success: Uploaded as Post #10882.
[2026-09-11 15:28:11] Processing Realbooru #621635...
[2026-09-11 15:28:12]   Downloading media for #621635...
[2026-09-11 15:28:15]   Success: Uploaded as Post #10883.
[2026-09-11 15:28:15] Processing Realbooru #621854...
[2026-09-11 15:28:15]   Downloading media for #621854...
[2026-09-11 15:28:18]   Success: Uploaded as Post #10884.
[2026-09-11 15:28:18] Processing Realbooru #621855...
[2026-09-11 15:28:19]   Downloading media for #621855...
[2026-09-11 15:28:21]   Success: Uploaded as Post #10885.
[2026-09-11 15:28:21] Processing Realbooru #621856...
[2026-09-11 15:28:21]   Downloading media for #621856...
[2026-09-11 15:28:24]   Success: Uploaded as Post #10886.
[2026-09-11 15:28:24] Processing Realbooru #621862...
[2026-09-11 15:28:25]   Downloading media for #621862...
[2026-09-11 15:28:27]   Success: Uploaded as Post #10887.
[2026-09-11 15:28:27] Processing Realbooru #621948...
[2026-09-11 15:28:28]   Downloading media for #621948...
[2026-09-11 15:28:29]   Success: Uploaded as Post #10888.
[2026-09-11 15:28:29] Processing Realbooru #622154...
[2026-09-11 15:28:30]   Downloading media for #622154...
[2026-09-11 15:28:31]   Success: Uploaded as Post #10889.
[2026-09-11 15:28:31] Processing Realbooru #622182...
[2026-09-11 15:28:32]   Downloading media for #622182...
[2026-09-11 15:29:00]   Success: Uploaded as Post #10890.
[2026-09-11 15:29:00] Processing Realbooru #622183...
[2026-09-11 15:29:00]   Downloading media for #622183...
[2026-09-11 15:29:08]   Success: Uploaded as Post #10891.
[2026-09-11 15:29:08] Processing Realbooru #622184...
[2026-09-11 15:29:09]   Downloading media for #622184...
[2026-09-11 15:29:11]   Success: Uploaded as Post #10892.
[2026-09-11 15:29:11] Processing Realbooru #622185...
[2026-09-11 15:29:12]   Downloading media for #622185...
[2026-09-11 15:29:15]   Success: Uploaded as Post #10893.
[2026-09-11 15:29:15] Processing Realbooru #622186...
[2026-09-11 15:29:15]   Downloading media for #622186...
[2026-09-11 15:29:22]   Success: Uploaded as Post #10894.
[2026-09-11 15:29:22] Processing Realbooru #622187...
[2026-09-11 15:29:23]   Downloading media for #622187...
[2026-09-11 15:29:25]   Success: Uploaded as Post #10895.
[2026-09-11 15:29:25] Processing Realbooru #622188...
[2026-09-11 15:29:26]   Downloading media for #622188...
[2026-09-11 15:29:29]   Success: Uploaded as Post #10896.
[2026-09-11 15:29:29] Processing Realbooru #622189...
[2026-09-11 15:29:30]   Downloading media for #622189...
[2026-09-11 15:29:32]   Success: Uploaded as Post #10897.
[2026-09-11 15:29:32] Processing Realbooru #622190...
[2026-09-11 15:29:33]   Downloading media for #622190...
[2026-09-11 15:29:40]   Success: Uploaded as Post #10898.
[2026-09-11 15:29:40] Processing Realbooru #622191...
[2026-09-11 15:29:40]   Downloading media for #622191...
[2026-09-11 15:29:42]   Success: Uploaded as Post #10899.
[2026-09-11 15:29:42] Processing Realbooru #622192...
[2026-09-11 15:29:43]   Downloading media for #622192...
[2026-09-11 15:29:46]   Success: Uploaded as Post #10900.
[2026-09-11 15:29:46] Processing Realbooru #622193...
[2026-09-11 15:29:46]   Downloading media for #622193...
[2026-09-11 15:29:49]   Success: Uploaded as Post #10901.
[2026-09-11 15:29:49] Processing Realbooru #622194...
[2026-09-11 15:29:49]   Downloading media for #622194...
[2026-09-11 15:29:56]   Success: Uploaded as Post #10902.
[2026-09-11 15:29:56] Processing Realbooru #622195...
[2026-09-11 15:29:57]   Downloading media for #622195...
[2026-09-11 15:30:01]   Success: Uploaded as Post #10903.
[2026-09-11 15:30:01] Processing Realbooru #622196...
[2026-09-11 15:30:01]   Downloading media for #622196...
[2026-09-11 15:30:04]   Success: Uploaded as Post #10904.
[2026-09-11 15:30:04] Processing Realbooru #622197...
[2026-09-11 15:30:05]   Downloading media for #622197...
[2026-09-11 15:30:11]   Success: Uploaded as Post #10905.
[2026-09-11 15:30:11] Processing Realbooru #622198...
[2026-09-11 15:30:12]   Downloading media for #622198...
[2026-09-11 15:30:31]   Success: Uploaded as Post #10906.
[2026-09-11 15:30:31] Fetching page list (pid=42)...
[2026-09-11 15:30:32] Processing Realbooru #622208...
[2026-09-11 15:30:33]   Downloading media for #622208...
[2026-09-11 15:30:34]   Success: Uploaded as Post #10907.
[2026-09-11 15:30:34] Processing Realbooru #622216...
[2026-09-11 15:30:36]   Downloading media for #622216...
[2026-09-11 15:30:38]   Success: Uploaded as Post #10908.
[2026-09-11 15:30:38] Processing Realbooru #622309...
[2026-09-11 15:30:39]   Downloading media for #622309...
[2026-09-11 15:30:43]   Success: Uploaded as Post #10909.
[2026-09-11 15:30:43] Processing Realbooru #622338...
[2026-09-11 15:30:43]   Downloading media for #622338...
[2026-09-11 15:30:45]   Success: Uploaded as Post #10910.
[2026-09-11 15:30:45] Processing Realbooru #622340...
[2026-09-11 15:30:46]   Downloading media for #622340...
[2026-09-11 15:30:48]   Success: Uploaded as Post #10911.
[2026-09-11 15:30:48] Processing Realbooru #622431...
[2026-09-11 15:30:49]   Downloading media for #622431...
[2026-09-11 15:30:51]   Success: Uploaded as Post #10912.
[2026-09-11 15:30:51] Processing Realbooru #622432...
[2026-09-11 15:30:52]   Downloading media for #622432...
[2026-09-11 15:30:54]   Success: Uploaded as Post #10913.
[2026-09-11 15:30:54] Processing Realbooru #622463...
[2026-09-11 15:30:55]   Downloading media for #622463...
[2026-09-11 15:30:59]   Success: Uploaded as Post #10914.
[2026-09-11 15:30:59] Processing Realbooru #622464...
[2026-09-11 15:31:00]   Downloading media for #622464...
[2026-09-11 15:31:05]   Success: Uploaded as Post #10915.
[2026-09-11 15:31:05] Processing Realbooru #622466...
[2026-09-11 15:31:06]   Downloading media for #622466...
[2026-09-11 15:31:08]   Success: Uploaded as Post #10916.
[2026-09-11 15:31:08] Processing Realbooru #622468...
[2026-09-11 15:31:08]   Downloading media for #622468...
[2026-09-11 15:31:10]   Success: Uploaded as Post #10917.
[2026-09-11 15:31:10] Processing Realbooru #622469...
[2026-09-11 15:31:11]   Downloading media for #622469...
[2026-09-11 15:31:12]   Success: Uploaded as Post #10918.
[2026-09-11 15:31:12] Processing Realbooru #622470...
[2026-09-11 15:31:13]   Downloading media for #622470...
[2026-09-11 15:31:15]   Success: Uploaded as Post #10919.
[2026-09-11 15:31:15] Processing Realbooru #622471...
[2026-09-11 15:31:16]   Downloading media for #622471...
[2026-09-11 15:31:17]   Success: Uploaded as Post #10920.
[2026-09-11 15:31:17] Processing Realbooru #622472...
[2026-09-11 15:31:18]   Downloading media for #622472...
[2026-09-11 15:31:20]   Success: Uploaded as Post #10921.
[2026-09-11 15:31:20] Processing Realbooru #622476...
[2026-09-11 15:31:21]   Downloading media for #622476...
[2026-09-11 15:31:23]   Success: Uploaded as Post #10922.
[2026-09-11 15:31:23] Processing Realbooru #622482...
[2026-09-11 15:31:24]   Downloading media for #622482...
[2026-09-11 15:31:26]   Success: Uploaded as Post #10923.
[2026-09-11 15:31:26] Processing Realbooru #622483...
[2026-09-11 15:31:27]   Downloading media for #622483...
[2026-09-11 15:31:30]   Success: Uploaded as Post #10924.
[2026-09-11 15:31:30] Processing Realbooru #622486...
[2026-09-11 15:31:31]   Downloading media for #622486...
[2026-09-11 15:31:34]   Success: Uploaded as Post #10925.
[2026-09-11 15:31:34] Processing Realbooru #622496...
[2026-09-11 15:31:35]   Downloading media for #622496...
[2026-09-11 15:31:38]   Success: Uploaded as Post #10926.
[2026-09-11 15:31:38] Processing Realbooru #622497...
[2026-09-11 15:31:39]   Downloading media for #622497...
[2026-09-11 15:31:43]   Success: Uploaded as Post #10927.
[2026-09-11 15:31:43] Processing Realbooru #622509...
[2026-09-11 15:31:43]   Downloading media for #622509...
[2026-09-11 15:31:46]   Success: Uploaded as Post #10928.
[2026-09-11 15:31:46] Processing Realbooru #622511...
[2026-09-11 15:31:47]   Downloading media for #622511...
[2026-09-11 15:31:49]   Success: Uploaded as Post #10929.
[2026-09-11 15:31:49] Processing Realbooru #622519...
[2026-09-11 15:31:50]   Downloading media for #622519...
[2026-09-11 15:31:54]   Success: Uploaded as Post #10930.
[2026-09-11 15:31:54] Processing Realbooru #622521...
[2026-09-11 15:31:55]   Downloading media for #622521...
[2026-09-11 15:31:59]   Success: Uploaded as Post #10931.
[2026-09-11 15:31:59] Processing Realbooru #622541...
[2026-09-11 15:31:59]   Downloading media for #622541...
[2026-09-11 15:32:02]   Success: Uploaded as Post #10932.
[2026-09-11 15:32:02] Processing Realbooru #622542...
[2026-09-11 15:32:03]   Downloading media for #622542...
[2026-09-11 15:32:06]   Success: Uploaded as Post #10933.
[2026-09-11 15:32:06] Processing Realbooru #622544...
[2026-09-11 15:32:07]   Downloading media for #622544...
[2026-09-11 15:32:09]   Success: Uploaded as Post #10934.
[2026-09-11 15:32:09] Processing Realbooru #622555...
[2026-09-11 15:32:10]   Downloading media for #622555...
[2026-09-11 15:32:12]   Success: Uploaded as Post #10935.
[2026-09-11 15:32:12] Processing Realbooru #622556...
[2026-09-11 15:32:13]   Downloading media for #622556...
[2026-09-11 15:32:14]   Success: Uploaded as Post #10936.
[2026-09-11 15:32:14] Processing Realbooru #622557...
[2026-09-11 15:32:15]   Downloading media for #622557...
[2026-09-11 15:32:17]   Success: Uploaded as Post #10937.
[2026-09-11 15:32:17] Processing Realbooru #622558...
[2026-09-11 15:32:18]   Downloading media for #622558...
[2026-09-11 15:32:20]   Success: Uploaded as Post #10938.
[2026-09-11 15:32:20] Processing Realbooru #622560...
[2026-09-11 15:32:21]   Downloading media for #622560...
[2026-09-11 15:32:24]   Success: Uploaded as Post #10939.
[2026-09-11 15:32:24] Processing Realbooru #622575...
[2026-09-11 15:32:25]   Downloading media for #622575...
[2026-09-11 15:32:28]   Success: Uploaded as Post #10940.
[2026-09-11 15:32:28] Processing Realbooru #622684...
[2026-09-11 15:32:29]   Downloading media for #622684...
[2026-09-11 15:32:31]   Success: Uploaded as Post #10941.
[2026-09-11 15:32:31] Processing Realbooru #622685...
[2026-09-11 15:32:31]   Downloading media for #622685...
[2026-09-11 15:32:33]   Success: Uploaded as Post #10942.
[2026-09-11 15:32:33] Processing Realbooru #622686...
[2026-09-11 15:32:34]   Downloading media for #622686...
[2026-09-11 15:32:36]   Success: Uploaded as Post #10943.
[2026-09-11 15:32:36] Processing Realbooru #622688...
[2026-09-11 15:32:37]   Downloading media for #622688...
[2026-09-11 15:32:39]   Success: Uploaded as Post #10944.
[2026-09-11 15:32:39] Processing Realbooru #622690...
[2026-09-11 15:32:40]   Downloading media for #622690...
[2026-09-11 15:32:43]   Success: Uploaded as Post #10945.
[2026-09-11 15:32:43] Processing Realbooru #622691...
[2026-09-11 15:32:44]   Downloading media for #622691...
[2026-09-11 15:32:50]   Success: Uploaded as Post #10946.
[2026-09-11 15:32:50] Processing Realbooru #622692...
[2026-09-11 15:32:50]   Downloading media for #622692...
[2026-09-11 15:32:53]   Success: Uploaded as Post #10947.
[2026-09-11 15:32:53] Processing Realbooru #622693...
[2026-09-11 15:32:53]   Downloading media for #622693...
[2026-09-11 15:32:55]   Success: Uploaded as Post #10948.
[2026-09-11 15:32:55] Fetching page list (pid=84)...
[2026-09-11 15:32:57] Processing Realbooru #622694...
[2026-09-11 15:32:57]   Downloading media for #622694...
[2026-09-11 15:32:59]   Success: Uploaded as Post #10949.
[2026-09-11 15:32:59] Processing Realbooru #622695...
[2026-09-11 15:33:00]   Downloading media for #622695...
[2026-09-11 15:33:02]   Success: Uploaded as Post #10950.
[2026-09-11 15:33:02] Processing Realbooru #622696...
[2026-09-11 15:33:03]   Downloading media for #622696...
[2026-09-11 15:33:05]   Success: Uploaded as Post #10951.
[2026-09-11 15:33:05] Processing Realbooru #622697...
[2026-09-11 15:33:06]   Downloading media for #622697...
[2026-09-11 15:33:08]   Success: Uploaded as Post #10952.
[2026-09-11 15:33:08] Processing Realbooru #622698...
[2026-09-11 15:33:08]   Downloading media for #622698...
[2026-09-11 15:33:11]   Success: Uploaded as Post #10953.
[2026-09-11 15:33:11] Processing Realbooru #622769...
[2026-09-11 15:33:11]   Downloading media for #622769...
[2026-09-11 15:33:15]   Success: Uploaded as Post #10954.
[2026-09-11 15:33:15] Processing Realbooru #622818...
[2026-09-11 15:33:16]   Downloading media for #622818...
[2026-09-11 15:33:19]   Success: Uploaded as Post #10955.
[2026-09-11 15:33:19] Processing Realbooru #622819...
[2026-09-11 15:33:20]   Downloading media for #622819...
[2026-09-11 15:33:22]   Success: Uploaded as Post #10956.
[2026-09-11 15:33:22] Processing Realbooru #622937...
[2026-09-11 15:33:23]   Downloading media for #622937...
[2026-09-11 15:33:27]   Success: Uploaded as Post #10957.
[2026-09-11 15:33:27] Processing Realbooru #622938...
[2026-09-11 15:33:28]   Downloading media for #622938...
[2026-09-11 15:33:30]   Success: Uploaded as Post #10958.
[2026-09-11 15:33:30] Processing Realbooru #622939...
[2026-09-11 15:33:31]   Downloading media for #622939...
[2026-09-11 15:33:36]   Success: Uploaded as Post #10959.
[2026-09-11 15:33:36] Processing Realbooru #622940...
[2026-09-11 15:33:36]   Downloading media for #622940...
[2026-09-11 15:33:41]   Success: Uploaded as Post #10960.
[2026-09-11 15:33:41] Processing Realbooru #623012...
[2026-09-11 15:33:42]   Downloading media for #623012...
[2026-09-11 15:33:45]   Success: Uploaded as Post #10961.
[2026-09-11 15:33:45] Processing Realbooru #623013...
[2026-09-11 15:33:46]   Downloading media for #623013...
[2026-09-11 15:33:49]   Success: Uploaded as Post #10962.
[2026-09-11 15:33:49] Processing Realbooru #623014...
[2026-09-11 15:33:49]   Downloading media for #623014...
[2026-09-11 15:33:55]   Success: Uploaded as Post #10963.
[2026-09-11 15:33:55] Processing Realbooru #623023...
[2026-09-11 15:33:55]   Downloading media for #623023...
[2026-09-11 15:33:59]   Success: Uploaded as Post #10964.
[2026-09-11 15:33:59] Processing Realbooru #623025...
[2026-09-11 15:34:00]   Downloading media for #623025...
[2026-09-11 15:34:02]   Success: Uploaded as Post #10965.
[2026-09-11 15:34:02] Processing Realbooru #623054...
[2026-09-11 15:34:02]   Downloading media for #623054...
[2026-09-11 15:34:05]   Success: Uploaded as Post #10966.
[2026-09-11 15:34:05] Processing Realbooru #623057...
[2026-09-11 15:34:06]   Downloading media for #623057...
[2026-09-11 15:34:10]   Success: Uploaded as Post #10967.
[2026-09-11 15:34:10] Processing Realbooru #623060...
[2026-09-11 15:34:11]   Downloading media for #623060...
[2026-09-11 15:34:13]   Success: Uploaded as Post #10968.
[2026-09-11 15:34:13] Processing Realbooru #623061...
[2026-09-11 15:34:14]   Downloading media for #623061...
[2026-09-11 15:34:15]   Success: Uploaded as Post #10969.
[2026-09-11 15:34:15] Processing Realbooru #623062...
[2026-09-11 15:34:16]   Downloading media for #623062...
[2026-09-11 15:34:18]   Success: Uploaded as Post #10970.
[2026-09-11 15:34:18] Processing Realbooru #623093...
[2026-09-11 15:34:19]   Downloading media for #623093...
[2026-09-11 15:34:32]   Success: Uploaded as Post #10971.
[2026-09-11 15:34:32] Processing Realbooru #623094...
[2026-09-11 15:34:33]   Downloading media for #623094...
[2026-09-11 15:34:42]   Success: Uploaded as Post #10972.
[2026-09-11 15:34:42] Processing Realbooru #623095...
[2026-09-11 15:34:43]   Downloading media for #623095...
[2026-09-11 15:34:58]   Success: Uploaded as Post #10973.
[2026-09-11 15:34:58] Processing Realbooru #623096...
[2026-09-11 15:34:58]   Downloading media for #623096...
[2026-09-11 15:35:12]   Success: Uploaded as Post #10974.
[2026-09-11 15:35:12] Processing Realbooru #623097...
[2026-09-11 15:35:12]   Downloading media for #623097...
[2026-09-11 15:35:23]   Success: Uploaded as Post #10975.
[2026-09-11 15:35:23] Processing Realbooru #623098...
[2026-09-11 15:35:24]   Downloading media for #623098...
[2026-09-11 15:35:30]   Success: Uploaded as Post #10976.
[2026-09-11 15:35:30] Processing Realbooru #623099...
[2026-09-11 15:35:31]   Downloading media for #623099...
[2026-09-11 15:35:41]   Success: Uploaded as Post #10977.
[2026-09-11 15:35:41] Processing Realbooru #623100...
[2026-09-11 15:35:42]   Downloading media for #623100...
[2026-09-11 15:35:51]   Success: Uploaded as Post #10978.
[2026-09-11 15:35:51] Processing Realbooru #623101...
[2026-09-11 15:35:52]   Downloading media for #623101...
[2026-09-11 15:36:06]   Success: Uploaded as Post #10979.
[2026-09-11 15:36:06] Processing Realbooru #623102...
[2026-09-11 15:36:06]   Downloading media for #623102...
[2026-09-11 15:36:20]   Success: Uploaded as Post #10980.
[2026-09-11 15:36:20] Processing Realbooru #623103...
[2026-09-11 15:36:21]   Downloading media for #623103...
[2026-09-11 15:36:22]   Success: Uploaded as Post #10981.
[2026-09-11 15:36:22] Processing Realbooru #623104...
[2026-09-11 15:36:23]   Downloading media for #623104...
[2026-09-11 15:36:25]   Success: Uploaded as Post #10982.
[2026-09-11 15:36:25] Processing Realbooru #623105...
[2026-09-11 15:36:26]   Downloading media for #623105...
[2026-09-11 15:36:38]   Success: Uploaded as Post #10983.
[2026-09-11 15:36:38] Processing Realbooru #623106...
[2026-09-11 15:36:39]   Downloading media for #623106...
[2026-09-11 15:36:42]   Success: Uploaded as Post #10984.
[2026-09-11 15:36:42] Processing Realbooru #623129...
[2026-09-11 15:36:43]   Downloading media for #623129...
[2026-09-11 15:36:44]   Success: Uploaded as Post #10985.
[2026-09-11 15:36:44] Processing Realbooru #623183...
[2026-09-11 15:36:45]   Downloading media for #623183...
[2026-09-11 15:36:47]   Success: Uploaded as Post #10986.
[2026-09-11 15:36:47] Processing Realbooru #623282...
[2026-09-11 15:36:47]   Downloading media for #623282...
[2026-09-11 15:36:49]   Success: Uploaded as Post #10987.
[2026-09-11 15:36:49] Processing Realbooru #623340...
[2026-09-11 15:36:50]   Downloading media for #623340...
[2026-09-11 15:36:52]   Success: Uploaded as Post #10988.
[2026-09-11 15:36:52] Processing Realbooru #623359...
[2026-09-11 15:36:53]   Downloading media for #623359...
[2026-09-11 15:36:54]   Success: Uploaded as Post #10989.
[2026-09-11 15:36:54] Processing Realbooru #623372...
[2026-09-11 15:36:55]   Downloading media for #623372...
[2026-09-11 15:36:57]   Success: Uploaded as Post #10990.
[2026-09-11 15:36:57] Fetching page list (pid=126)...
[2026-09-11 15:36:58] Processing Realbooru #623392...
[2026-09-11 15:36:59]   Downloading media for #623392...
[2026-09-11 15:37:01]   Success: Uploaded as Post #10991.
[2026-09-11 15:37:01] Processing Realbooru #623420...
[2026-09-11 15:37:02]   Downloading media for #623420...
[2026-09-11 15:37:03]   Success: Uploaded as Post #10992.
[2026-09-11 15:37:03] Processing Realbooru #623421...
[2026-09-11 15:37:04]   Downloading media for #623421...
[2026-09-11 15:37:06]   Success: Uploaded as Post #10993.
[2026-09-11 15:37:06] Processing Realbooru #623422...
[2026-09-11 15:37:07]   Downloading media for #623422...
[2026-09-11 15:37:09]   Success: Uploaded as Post #10994.
[2026-09-11 15:37:09] Processing Realbooru #623423...
[2026-09-11 15:37:09]   Downloading media for #623423...
[2026-09-11 15:37:11]   Success: Uploaded as Post #10995.
[2026-09-11 15:37:11] Processing Realbooru #623451...
[2026-09-11 15:37:12]   Downloading media for #623451...
[2026-09-11 15:37:13]   Success: Uploaded as Post #10996.
[2026-09-11 15:37:13] Processing Realbooru #623452...
[2026-09-11 15:37:14]   Downloading media for #623452...
[2026-09-11 15:37:16]   Success: Uploaded as Post #10997.
[2026-09-11 15:37:16] Processing Realbooru #623504...
[2026-09-11 15:37:16]   Downloading media for #623504...
[2026-09-11 15:37:21]   Success: Uploaded as Post #10998.
[2026-09-11 15:37:21] Processing Realbooru #623535...
[2026-09-11 15:37:21]   Downloading media for #623535...
[2026-09-11 15:37:23]   Success: Uploaded as Post #10999.
[2026-09-11 15:37:23] Processing Realbooru #623542...
[2026-09-11 15:37:24]   Downloading media for #623542...
[2026-09-11 15:37:28]   Success: Uploaded as Post #11000.
[2026-09-11 15:37:28] Processing Realbooru #623543...
[2026-09-11 15:37:29]   Downloading media for #623543...
[2026-09-11 15:37:32]   Success: Uploaded as Post #11001.
[2026-09-11 15:37:32] Processing Realbooru #623571...
[2026-09-11 15:37:33]   Downloading media for #623571...
[2026-09-11 15:37:37]   Success: Uploaded as Post #11002.
[2026-09-11 15:37:37] Processing Realbooru #623572...
[2026-09-11 15:37:37]   Downloading media for #623572...
[2026-09-11 15:37:39]   Success: Uploaded as Post #11003.
[2026-09-11 15:37:39] Processing Realbooru #623583...
[2026-09-11 15:37:40]   Downloading media for #623583...
[2026-09-11 15:37:42]   Success: Uploaded as Post #11004.
[2026-09-11 15:37:42] Processing Realbooru #623587...
[2026-09-11 15:37:42]   Downloading media for #623587...
[2026-09-11 15:37:44]   Success: Uploaded as Post #11005.
[2026-09-11 15:37:44] Processing Realbooru #623613...
[2026-09-11 15:37:45]   Downloading media for #623613...
[2026-09-11 15:37:50]   Success: Uploaded as Post #11006.
[2026-09-11 15:37:50] Processing Realbooru #623616...
[2026-09-11 15:37:50]   Downloading media for #623616...
[2026-09-11 15:37:54]   Success: Uploaded as Post #11007.
[2026-09-11 15:37:54] Processing Realbooru #623643...
[2026-09-11 15:37:55]   Downloading media for #623643...
[2026-09-11 15:37:59]   Success: Uploaded as Post #11008.
[2026-09-11 15:37:59] Processing Realbooru #623648...
[2026-09-11 15:37:59]   Downloading media for #623648...
[2026-09-11 15:38:02]   Success: Uploaded as Post #11009.
[2026-09-11 15:38:02] Processing Realbooru #623711...
[2026-09-11 15:38:03]   Downloading media for #623711...
[2026-09-11 15:38:07]   Success: Uploaded as Post #11010.
[2026-09-11 15:38:07] Processing Realbooru #623713...
[2026-09-11 15:38:08]   Downloading media for #623713...
[2026-09-11 15:38:12]   Success: Uploaded as Post #11011.
[2026-09-11 15:38:12] Processing Realbooru #623764...
[2026-09-11 15:38:13]   Downloading media for #623764...
[2026-09-11 15:38:15]   Success: Uploaded as Post #11012.
[2026-09-11 15:38:15] Processing Realbooru #623766...
[2026-09-11 15:38:16]   Downloading media for #623766...
[2026-09-11 15:38:18]   Success: Uploaded as Post #11013.
[2026-09-11 15:38:18] Processing Realbooru #623769...
[2026-09-11 15:38:18]   Downloading media for #623769...
[2026-09-11 15:38:25]   Success: Uploaded as Post #11014.
[2026-09-11 15:38:25] Processing Realbooru #623777...
[2026-09-11 15:38:25]   Downloading media for #623777...
[2026-09-11 15:38:27]   Success: Uploaded as Post #11015.
[2026-09-11 15:38:27] Processing Realbooru #623778...
[2026-09-11 15:38:28]   Downloading media for #623778...
[2026-09-11 15:38:30]   Success: Uploaded as Post #11016.
[2026-09-11 15:38:30] Processing Realbooru #623794...
[2026-09-11 15:38:31]   Downloading media for #623794...
[2026-09-11 15:38:35]   Success: Uploaded as Post #11017.
[2026-09-11 15:38:35] Processing Realbooru #623806...
[2026-09-11 15:38:36]   Downloading media for #623806...
[2026-09-11 15:38:39]   Success: Uploaded as Post #11018.
[2026-09-11 15:38:39] Processing Realbooru #623809...
[2026-09-11 15:38:40]   Downloading media for #623809...
[2026-09-11 15:38:44]   Success: Uploaded as Post #11019.
[2026-09-11 15:38:44] Processing Realbooru #623810...
[2026-09-11 15:38:45]   Downloading media for #623810...
[2026-09-11 15:38:47]   Success: Uploaded as Post #11020.
[2026-09-11 15:38:47] Processing Realbooru #623839...
[2026-09-11 15:38:47]   Downloading media for #623839...
[2026-09-11 15:38:51]   Success: Uploaded as Post #11021.
[2026-09-11 15:38:51] Processing Realbooru #623840...
[2026-09-11 15:38:52]   Downloading media for #623840...
[2026-09-11 15:38:57]   Success: Uploaded as Post #11022.
[2026-09-11 15:38:57] Processing Realbooru #623864...
[2026-09-11 15:38:58]   Downloading media for #623864...
[2026-09-11 15:39:01]   Success: Uploaded as Post #11023.
[2026-09-11 15:39:01] Processing Realbooru #623946...
[2026-09-11 15:39:02]   Downloading media for #623946...
[2026-09-11 15:39:05]   Success: Uploaded as Post #11024.
[2026-09-11 15:39:05] Processing Realbooru #623947...
[2026-09-11 15:39:06]   Downloading media for #623947...
[2026-09-11 15:39:09]   Success: Uploaded as Post #11025.
[2026-09-11 15:39:09] Processing Realbooru #623948...
[2026-09-11 15:39:10]   Downloading media for #623948...
[2026-09-11 15:39:12]   Success: Uploaded as Post #11026.
[2026-09-11 15:39:12] Processing Realbooru #623953...
[2026-09-11 15:39:12]   Downloading media for #623953...
[2026-09-11 15:39:16]   Success: Uploaded as Post #11027.
[2026-09-11 15:39:16] Processing Realbooru #623954...
[2026-09-11 15:39:17]   Downloading media for #623954...
[2026-09-11 15:39:19]   Success: Uploaded as Post #11028.
[2026-09-11 15:39:19] Processing Realbooru #623955...
[2026-09-11 15:39:19]   Downloading media for #623955...
[2026-09-11 15:39:27]   Success: Uploaded as Post #11029.
[2026-09-11 15:39:27] Processing Realbooru #623981...
[2026-09-11 15:39:27]   Downloading media for #623981...
[2026-09-11 15:39:48]   Success: Uploaded as Post #11030.
[2026-09-11 15:39:48] Processing Realbooru #623982...
[2026-09-11 15:39:48]   Downloading media for #623982...
[2026-09-11 15:40:02]   Success: Uploaded as Post #11031.
[2026-09-11 15:40:02] Processing Realbooru #624116...
[2026-09-11 15:40:03]   Downloading media for #624116...
[2026-09-11 15:40:06]   Success: Uploaded as Post #11032.
[2026-09-11 15:40:06] Fetching page list (pid=168)...
[2026-09-11 15:40:07] Processing Realbooru #624117...
[2026-09-11 15:40:08]   Downloading media for #624117...
[2026-09-11 15:40:10]   Success: Uploaded as Post #11033.
[2026-09-11 15:40:10] Processing Realbooru #624204...
[2026-09-11 15:40:11]   Downloading media for #624204...
[2026-09-11 15:40:13]   Success: Uploaded as Post #11034.
[2026-09-11 15:40:13] Processing Realbooru #624277...
[2026-09-11 15:40:14]   Downloading media for #624277...
[2026-09-11 15:40:16]   Success: Uploaded as Post #11035.
[2026-09-11 15:40:16] Processing Realbooru #624313...
[2026-09-11 15:40:17]   Downloading media for #624313...
[2026-09-11 15:40:19]   Success: Uploaded as Post #11036.
[2026-09-11 15:40:19] Processing Realbooru #624314...
[2026-09-11 15:40:20]   Downloading media for #624314...
[2026-09-11 15:40:21]   Success: Uploaded as Post #11037.
[2026-09-11 15:40:21] Processing Realbooru #624318...
[2026-09-11 15:40:22]   Downloading media for #624318...
[2026-09-11 15:40:24]   Success: Uploaded as Post #11038.
[2026-09-11 15:40:24] Processing Realbooru #624463...
[2026-09-11 15:40:25]   Downloading media for #624463...
[2026-09-11 15:40:26]   Success: Uploaded as Post #11039.
[2026-09-11 15:40:26] Processing Realbooru #624464...
[2026-09-11 15:40:27]   Downloading media for #624464...
[2026-09-11 15:40:28]   Success: Uploaded as Post #11040.
[2026-09-11 15:40:28] Processing Realbooru #624465...
[2026-09-11 15:40:29]   Downloading media for #624465...
[2026-09-11 15:40:31]   Success: Uploaded as Post #11041.
[2026-09-11 15:40:31] Processing Realbooru #624485...
[2026-09-11 15:40:32]   Downloading media for #624485...
[2026-09-11 15:40:33]   Success: Uploaded as Post #11042.
[2026-09-11 15:40:33] Processing Realbooru #624532...
[2026-09-11 15:40:34]   Downloading media for #624532...
[2026-09-11 15:40:37]   Success: Uploaded as Post #11043.
[2026-09-11 15:40:37] Processing Realbooru #624533...
[2026-09-11 15:40:37]   Downloading media for #624533...
[2026-09-11 15:40:39]   Success: Uploaded as Post #11044.
[2026-09-11 15:40:39] Processing Realbooru #624534...
[2026-09-11 15:40:40]   Downloading media for #624534...
[2026-09-11 15:40:41]   Success: Uploaded as Post #11045.
[2026-09-11 15:40:41] Processing Realbooru #624601...
[2026-09-11 15:40:42]   Downloading media for #624601...
[2026-09-11 15:40:45]   Success: Uploaded as Post #11046.
[2026-09-11 15:40:45] Processing Realbooru #624703...
[2026-09-11 15:40:45]   Downloading media for #624703...
[2026-09-11 15:40:48]   Success: Uploaded as Post #11047.
[2026-09-11 15:40:48] Processing Realbooru #624715...
[2026-09-11 15:40:49]   Downloading media for #624715...
[2026-09-11 15:40:50]   Success: Uploaded as Post #11048.
[2026-09-11 15:40:50] Processing Realbooru #624909...
[2026-09-11 15:40:51]   Downloading media for #624909...
[2026-09-11 15:40:58]   Success: Uploaded as Post #11049.
[2026-09-11 15:40:58] Processing Realbooru #624985...
[2026-09-11 15:40:59]   Downloading media for #624985...
[2026-09-11 15:41:09]   Success: Uploaded as Post #11050.
[2026-09-11 15:41:09] Processing Realbooru #625631...
[2026-09-11 15:41:09]   Downloading media for #625631...
[2026-09-11 15:41:11]   Success: Uploaded as Post #11051.
[2026-09-11 15:41:11] Processing Realbooru #625632...
[2026-09-11 15:41:12]   Downloading media for #625632...
[2026-09-11 15:41:13]   Success: Uploaded as Post #11052.
[2026-09-11 15:41:13] Processing Realbooru #626342...
[2026-09-11 15:41:14]   Downloading media for #626342...
[2026-09-11 15:41:18]   Success: Uploaded as Post #11053.
[2026-09-11 15:41:18] Processing Realbooru #626511...
[2026-09-11 15:41:19]   Downloading media for #626511...
[2026-09-11 15:41:23]   Success: Uploaded as Post #11054.
[2026-09-11 15:41:23] Processing Realbooru #627030...
[2026-09-11 15:41:23]   Downloading media for #627030...
[2026-09-11 15:41:25]   Success: Uploaded as Post #11055.
[2026-09-11 15:41:25] Processing Realbooru #630107...
[2026-09-11 15:41:26]   Downloading media for #630107...
[2026-09-11 15:41:29]   Success: Uploaded as Post #11056.
[2026-09-11 15:41:29] Processing Realbooru #630108...
[2026-09-11 15:41:30]   Downloading media for #630108...
[2026-09-11 15:41:33]   Success: Uploaded as Post #11057.
[2026-09-11 15:41:33] Processing Realbooru #630113...
[2026-09-11 15:41:34]   Downloading media for #630113...
[2026-09-11 15:41:38]   Success: Uploaded as Post #11058.
[2026-09-11 15:41:38] Processing Realbooru #630114...
[2026-09-11 15:41:38]   Downloading media for #630114...
[2026-09-11 15:41:42]   Success: Uploaded as Post #11059.
[2026-09-11 15:41:42] Processing Realbooru #630472...
[2026-09-11 15:41:43]   Downloading media for #630472...
[2026-09-11 15:41:52]   Success: Uploaded as Post #11060.
[2026-09-11 15:41:52] Processing Realbooru #638852...
[2026-09-11 15:41:53]   Downloading media for #638852...
[2026-09-11 15:41:55]   Success: Uploaded as Post #11061.
[2026-09-11 15:41:55] Processing Realbooru #641746...
[2026-09-11 15:41:56]   Downloading media for #641746...
[2026-09-11 15:41:58]   Success: Uploaded as Post #11062.
[2026-09-11 15:41:58] Processing Realbooru #641747...
[2026-09-11 15:41:59]   Downloading media for #641747...
[2026-09-11 15:42:04]   Success: Uploaded as Post #11063.
[2026-09-11 15:42:04] Processing Realbooru #646979...
[2026-09-11 15:42:05]   Downloading media for #646979...
[2026-09-11 15:42:09]   Success: Uploaded as Post #11064.
[2026-09-11 15:42:09] Processing Realbooru #647056...
[2026-09-11 15:42:10]   Downloading media for #647056...
[2026-09-11 15:45:18]   Success: Uploaded as Post #11065.
[2026-09-11 15:45:18] Processing Realbooru #648097...
[2026-09-11 15:45:19]   Downloading media for #648097...
[2026-09-11 15:45:33]   Success: Uploaded as Post #11066.
[2026-09-11 15:45:33] Processing Realbooru #648149...
[2026-09-11 15:45:34]   Downloading media for #648149...
[2026-09-11 15:45:38]   Success: Uploaded as Post #11067.
[2026-09-11 15:45:38] Processing Realbooru #648275...
[2026-09-11 15:45:38]   Downloading media for #648275...
[2026-09-11 15:45:43]   Success: Uploaded as Post #11068.
[2026-09-11 15:45:43] Processing Realbooru #648292...
[2026-09-11 15:45:44]   Downloading media for #648292...
[2026-09-11 15:45:50]   Success: Uploaded as Post #11069.
[2026-09-11 15:45:50] Processing Realbooru #648293...
[2026-09-11 15:45:50]   Downloading media for #648293...
[2026-09-11 15:45:56]   Success: Uploaded as Post #11070.
[2026-09-11 15:45:56] Processing Realbooru #648366...
[2026-09-11 15:45:56]   Downloading media for #648366...
[2026-09-11 15:46:12]   Success: Uploaded as Post #11071.
[2026-09-11 15:46:12] Processing Realbooru #648521...
[2026-09-11 15:46:12]   Downloading media for #648521...
[2026-09-11 15:46:17]   Success: Uploaded as Post #11072.
[2026-09-11 15:46:17] Processing Realbooru #648523...
[2026-09-11 15:46:18]   Downloading media for #648523...
