[2026-09-12 10:32:45] Starting PHP scraper for tag: femboy
[2026-09-12 10:32:45] Continuing at pid=7434.
[2026-09-12 10:32:45] Loaded 9443 existing Realbooru post IDs.
[2026-09-12 10:32:45] Fetching page list (pid=7434)...
[2026-09-12 10:32:47] Processing Realbooru #896205...
[2026-09-12 10:32:47]   Downloading media for #896205...
[2026-09-12 10:33:07]   Success: Uploaded as Post #18238.
[2026-09-12 10:33:07] Processing Realbooru #896273...
[2026-09-12 10:33:08]   Downloading media for #896273...
[2026-09-12 10:33:10]   Success: Uploaded as Post #18239.
[2026-09-12 10:33:10] Processing Realbooru #896314...
[2026-09-12 10:33:10]   Downloading media for #896314...
[2026-09-12 10:33:13]   Success: Uploaded as Post #18240.
[2026-09-12 10:33:13] Processing Realbooru #896324...
[2026-09-12 10:33:13]   Downloading media for #896324...
[2026-09-12 10:33:15]   Success: Uploaded as Post #18241.
[2026-09-12 10:33:15] Processing Realbooru #896325...
[2026-09-12 10:33:16]   Downloading media for #896325...
[2026-09-12 10:33:19]   Success: Uploaded as Post #18242.
[2026-09-12 10:33:19] Processing Realbooru #896326...
[2026-09-12 10:33:19]   Downloading media for #896326...
[2026-09-12 10:33:22]   Success: Uploaded as Post #18243.
[2026-09-12 10:33:22] Processing Realbooru #896327...
[2026-09-12 10:33:23]   Downloading media for #896327...
[2026-09-12 10:33:25]   Success: Uploaded as Post #18244.
[2026-09-12 10:33:25] Processing Realbooru #896328...
[2026-09-12 10:33:26]   Downloading media for #896328...
[2026-09-12 10:33:28]   Success: Uploaded as Post #18245.
[2026-09-12 10:33:28] Processing Realbooru #896329...
[2026-09-12 10:33:29]   Downloading media for #896329...
[2026-09-12 10:33:34]   Success: Uploaded as Post #18246.
[2026-09-12 10:33:34] Processing Realbooru #896330...
[2026-09-12 10:33:35]   Downloading media for #896330...
[2026-09-12 10:33:39]   Success: Uploaded as Post #18247.
[2026-09-12 10:33:39] Processing Realbooru #896331...
[2026-09-12 10:33:39]   Downloading media for #896331...
[2026-09-12 10:33:44]   Success: Uploaded as Post #18248.
[2026-09-12 10:33:44] Processing Realbooru #896332...
[2026-09-12 10:33:44]   Downloading media for #896332...
[2026-09-12 10:33:48]   Success: Uploaded as Post #18249.
[2026-09-12 10:33:48] Processing Realbooru #896353...
[2026-09-12 10:33:48]   Downloading media for #896353...
[2026-09-12 10:33:54]   Success: Uploaded as Post #18250.
[2026-09-12 10:33:54] Processing Realbooru #896358...
[2026-09-12 10:33:55]   Downloading media for #896358...
[2026-09-12 10:33:58]   Success: Uploaded as Post #18251.
[2026-09-12 10:33:58] Processing Realbooru #896379...
[2026-09-12 10:33:59]   Downloading media for #896379...
[2026-09-12 10:34:23]   Success: Uploaded as Post #18252.
[2026-09-12 10:34:23] Processing Realbooru #896406...
[2026-09-12 10:34:24]   Downloading media for #896406...
[2026-09-12 10:34:27]   Success: Uploaded as Post #18253.
[2026-09-12 10:34:27] Processing Realbooru #896433...
[2026-09-12 10:34:28]   Downloading media for #896433...
[2026-09-12 10:34:39]   Success: Uploaded as Post #18254.
[2026-09-12 10:34:39] Processing Realbooru #896434...
[2026-09-12 10:34:39]   Downloading media for #896434...
[2026-09-12 10:34:42]   Success: Uploaded as Post #18255.
[2026-09-12 10:34:42] Processing Realbooru #896435...
[2026-09-12 10:34:43]   Downloading media for #896435...
[2026-09-12 10:34:45]   Success: Uploaded as Post #18256.
[2026-09-12 10:34:45] Processing Realbooru #896436...
[2026-09-12 10:34:46]   Downloading media for #896436...
[2026-09-12 10:34:48]   Success: Uploaded as Post #18257.
[2026-09-12 10:34:48] Processing Realbooru #896438...
[2026-09-12 10:34:48]   Downloading media for #896438...
[2026-09-12 10:34:51]   Success: Uploaded as Post #18258.
[2026-09-12 10:34:51] Processing Realbooru #896447...
[2026-09-12 10:34:52]   Downloading media for #896447...
[2026-09-12 10:34:53]   Success: Uploaded as Post #18259.
[2026-09-12 10:34:53] Processing Realbooru #896448...
[2026-09-12 10:34:54]   Downloading media for #896448...
[2026-09-12 10:34:57]   Success: Uploaded as Post #18260.
[2026-09-12 10:34:57] Processing Realbooru #896457...
[2026-09-12 10:34:57]   Downloading media for #896457...
[2026-09-12 10:35:00]   Success: Uploaded as Post #18261.
[2026-09-12 10:35:00] Processing Realbooru #896459...
[2026-09-12 10:35:01]   Downloading media for #896459...
[2026-09-12 10:35:04]   Success: Uploaded as Post #18262.
[2026-09-12 10:35:04] Processing Realbooru #896460...
[2026-09-12 10:35:05]   Downloading media for #896460...
[2026-09-12 10:35:08]   Success: Uploaded as Post #18263.
[2026-09-12 10:35:08] Processing Realbooru #896483...
[2026-09-12 10:35:09]   Downloading media for #896483...
[2026-09-12 10:35:12]   Success: Uploaded as Post #18264.
[2026-09-12 10:35:12] Processing Realbooru #896484...
[2026-09-12 10:35:13]   Downloading media for #896484...
[2026-09-12 10:35:16]   Success: Uploaded as Post #18265.
[2026-09-12 10:35:16] Processing Realbooru #896485...
[2026-09-12 10:35:17]   Downloading media for #896485...
[2026-09-12 10:35:21]   Success: Uploaded as Post #18266.
[2026-09-12 10:35:21] Processing Realbooru #896486...
[2026-09-12 10:35:22]   Downloading media for #896486...
[2026-09-12 10:35:28]   Success: Uploaded as Post #18267.
[2026-09-12 10:35:28] Processing Realbooru #896511...
[2026-09-12 10:35:29]   Downloading media for #896511...
[2026-09-12 10:35:32]   Success: Uploaded as Post #18268.
[2026-09-12 10:35:32] Processing Realbooru #896512...
[2026-09-12 10:35:33]   Downloading media for #896512...
[2026-09-12 10:35:37]   Success: Uploaded as Post #18269.
[2026-09-12 10:35:37] Processing Realbooru #896513...
[2026-09-12 10:35:38]   Downloading media for #896513...
[2026-09-12 10:35:41]   Success: Uploaded as Post #18270.
[2026-09-12 10:35:41] Processing Realbooru #896571...
[2026-09-12 10:35:42]   Downloading media for #896571...
[2026-09-12 10:35:46]   Success: Uploaded as Post #18271.
[2026-09-12 10:35:46] Processing Realbooru #896572...
[2026-09-12 10:35:47]   Downloading media for #896572...
[2026-09-12 10:35:50]   Success: Uploaded as Post #18272.
[2026-09-12 10:35:50] Processing Realbooru #896573...
[2026-09-12 10:35:51]   Downloading media for #896573...
[2026-09-12 10:35:54]   Success: Uploaded as Post #18273.
[2026-09-12 10:35:54] Processing Realbooru #896574...
[2026-09-12 10:35:54]   Downloading media for #896574...
[2026-09-12 10:35:58]   Success: Uploaded as Post #18274.
[2026-09-12 10:35:58] Processing Realbooru #896575...
[2026-09-12 10:35:59]   Downloading media for #896575...
[2026-09-12 10:36:02]   Success: Uploaded as Post #18275.
[2026-09-12 10:36:02] Processing Realbooru #896576...
[2026-09-12 10:36:03]   Downloading media for #896576...
[2026-09-12 10:36:07]   Success: Uploaded as Post #18276.
[2026-09-12 10:36:07] Processing Realbooru #896577...
[2026-09-12 10:36:07]   Downloading media for #896577...
[2026-09-12 10:36:12]   Success: Uploaded as Post #18277.
[2026-09-12 10:36:12] Processing Realbooru #896578...
[2026-09-12 10:36:13]   Downloading media for #896578...
[2026-09-12 10:36:17]   Success: Uploaded as Post #18278.
[2026-09-12 10:36:17] Processing Realbooru #896590...
[2026-09-12 10:36:18]   Downloading media for #896590...
[2026-09-12 10:36:32]   Success: Uploaded as Post #18279.
[2026-09-12 10:36:32] Fetching page list (pid=7476)...
[2026-09-12 10:36:33] Processing Realbooru #896597...
[2026-09-12 10:36:34]   Downloading media for #896597...
[2026-09-12 10:36:37]   Success: Uploaded as Post #18280.
[2026-09-12 10:36:37] Processing Realbooru #896626...
[2026-09-12 10:36:38]   Downloading media for #896626...
[2026-09-12 10:36:39]   Success: Uploaded as Post #18281.
[2026-09-12 10:36:39] Processing Realbooru #896627...
[2026-09-12 10:36:40]   Downloading media for #896627...
[2026-09-12 10:36:46]   Success: Uploaded as Post #18282.
[2026-09-12 10:36:46] Processing Realbooru #896655...
[2026-09-12 10:36:47]   Downloading media for #896655...
[2026-09-12 10:36:49]   Success: Uploaded as Post #18283.
[2026-09-12 10:36:49] Processing Realbooru #896656...
[2026-09-12 10:36:50]   Downloading media for #896656...
[2026-09-12 10:36:52]   Success: Uploaded as Post #18284.
[2026-09-12 10:36:52] Processing Realbooru #896657...
[2026-09-12 10:36:53]   Downloading media for #896657...
[2026-09-12 10:36:55]   Success: Uploaded as Post #18285.
[2026-09-12 10:36:55] Processing Realbooru #896713...
[2026-09-12 10:36:56]   Downloading media for #896713...
[2026-09-12 10:36:59]   Success: Uploaded as Post #18286.
[2026-09-12 10:36:59] Processing Realbooru #896743...
[2026-09-12 10:37:00]   Downloading media for #896743...
[2026-09-12 10:37:02]   Success: Uploaded as Post #18287.
[2026-09-12 10:37:02] Processing Realbooru #896793...
[2026-09-12 10:37:03]   Downloading media for #896793...
[2026-09-12 10:37:09]   Success: Uploaded as Post #18288.
[2026-09-12 10:37:09] Processing Realbooru #896794...
[2026-09-12 10:37:09]   Downloading media for #896794...
[2026-09-12 10:37:12]   Success: Uploaded as Post #18289.
[2026-09-12 10:37:12] Processing Realbooru #896795...
[2026-09-12 10:37:13]   Downloading media for #896795...
[2026-09-12 10:37:16]   Success: Uploaded as Post #18290.
[2026-09-12 10:37:16] Processing Realbooru #896796...
[2026-09-12 10:37:17]   Downloading media for #896796...
[2026-09-12 10:37:21]   Success: Uploaded as Post #18291.
[2026-09-12 10:37:21] Processing Realbooru #896798...
[2026-09-12 10:37:21]   Downloading media for #896798...
[2026-09-12 10:37:28]   Success: Uploaded as Post #18292.
[2026-09-12 10:37:28] Processing Realbooru #896802...
[2026-09-12 10:37:29]   Downloading media for #896802...
[2026-09-12 10:37:34]   Success: Uploaded as Post #18293.
[2026-09-12 10:37:34] Processing Realbooru #896809...
[2026-09-12 10:37:35]   Downloading media for #896809...
[2026-09-12 10:37:40]   Success: Uploaded as Post #18294.
[2026-09-12 10:37:40] Processing Realbooru #896810...
[2026-09-12 10:37:41]   Downloading media for #896810...
[2026-09-12 10:37:44]   Success: Uploaded as Post #18295.
[2026-09-12 10:37:44] Processing Realbooru #896816...
[2026-09-12 10:37:45]   Downloading media for #896816...
[2026-09-12 10:37:49]   Success: Uploaded as Post #18296.
[2026-09-12 10:37:49] Processing Realbooru #896817...
[2026-09-12 10:37:50]   Downloading media for #896817...
[2026-09-12 10:37:55]   Success: Uploaded as Post #18297.
[2026-09-12 10:37:55] Processing Realbooru #896818...
[2026-09-12 10:37:56]   Downloading media for #896818...
[2026-09-12 10:37:58]   Success: Uploaded as Post #18298.
[2026-09-12 10:37:58] Processing Realbooru #896819...
[2026-09-12 10:37:59]   Downloading media for #896819...
[2026-09-12 10:38:02]   Success: Uploaded as Post #18299.
[2026-09-12 10:38:02] Processing Realbooru #896820...
[2026-09-12 10:38:03]   Downloading media for #896820...
[2026-09-12 10:38:07]   Success: Uploaded as Post #18300.
[2026-09-12 10:38:07] Processing Realbooru #896821...
[2026-09-12 10:38:07]   Downloading media for #896821...
[2026-09-12 10:38:15]   Success: Uploaded as Post #18301.
[2026-09-12 10:38:15] Processing Realbooru #896824...
[2026-09-12 10:38:16]   Downloading media for #896824...
[2026-09-12 10:38:18]   Success: Uploaded as Post #18302.
[2026-09-12 10:38:18] Processing Realbooru #896825...
[2026-09-12 10:38:18]   Downloading media for #896825...
[2026-09-12 10:38:20]   Success: Uploaded as Post #18303.
[2026-09-12 10:38:20] Processing Realbooru #896826...
[2026-09-12 10:38:21]   Downloading media for #896826...
[2026-09-12 10:38:24]   Success: Uploaded as Post #18304.
[2026-09-12 10:38:24] Processing Realbooru #896889...
[2026-09-12 10:38:25]   Downloading media for #896889...
[2026-09-12 10:38:29]   Success: Uploaded as Post #18305.
[2026-09-12 10:38:29] Processing Realbooru #896978...
[2026-09-12 10:38:30]   Downloading media for #896978...
[2026-09-12 10:38:39]   Success: Uploaded as Post #18306.
[2026-09-12 10:38:39] Processing Realbooru #897014...
[2026-09-12 10:38:40]   Downloading media for #897014...
[2026-09-12 10:38:45]   Success: Uploaded as Post #18307.
[2026-09-12 10:38:45] Processing Realbooru #897015...
[2026-09-12 10:38:46]   Downloading media for #897015...
[2026-09-12 10:38:47]   Success: Uploaded as Post #18308.
[2026-09-12 10:38:47] Processing Realbooru #897027...
[2026-09-12 10:38:48]   Downloading media for #897027...
[2026-09-12 10:38:53]   Success: Uploaded as Post #18309.
[2026-09-12 10:38:53] Processing Realbooru #897028...
[2026-09-12 10:38:53]   Downloading media for #897028...
[2026-09-12 10:38:56]   Success: Uploaded as Post #18310.
[2026-09-12 10:38:56] Processing Realbooru #897031...
[2026-09-12 10:38:57]   Downloading media for #897031...
[2026-09-12 10:39:01]   Success: Uploaded as Post #18311.
[2026-09-12 10:39:01] Processing Realbooru #897051...
[2026-09-12 10:39:02]   Downloading media for #897051...
[2026-09-12 10:39:07]   Success: Uploaded as Post #18312.
[2026-09-12 10:39:07] Processing Realbooru #897052...
[2026-09-12 10:39:07]   Downloading media for #897052...
[2026-09-12 10:39:10]   Success: Uploaded as Post #18313.
[2026-09-12 10:39:10] Processing Realbooru #897054...
[2026-09-12 10:39:11]   Downloading media for #897054...
[2026-09-12 10:39:15]   Success: Uploaded as Post #18314.
[2026-09-12 10:39:15] Processing Realbooru #897082...
[2026-09-12 10:39:15]   Downloading media for #897082...
[2026-09-12 10:39:20]   Success: Uploaded as Post #18315.
[2026-09-12 10:39:20] Processing Realbooru #897083...
[2026-09-12 10:39:21]   Downloading media for #897083...
[2026-09-12 10:39:26]   Success: Uploaded as Post #18316.
[2026-09-12 10:39:26] Processing Realbooru #897154...
[2026-09-12 10:39:26]   Downloading media for #897154...
[2026-09-12 10:39:30]   Success: Uploaded as Post #18317.
[2026-09-12 10:39:30] Processing Realbooru #897156...
[2026-09-12 10:39:30]   Downloading media for #897156...
[2026-09-12 10:39:41]   Success: Uploaded as Post #18318.
[2026-09-12 10:39:41] Processing Realbooru #897157...
[2026-09-12 10:39:41]   Downloading media for #897157...
[2026-09-12 10:39:53]   Success: Uploaded as Post #18319.
[2026-09-12 10:39:53] Processing Realbooru #897158...
[2026-09-12 10:39:54]   Downloading media for #897158...
[2026-09-12 10:39:59]   Success: Uploaded as Post #18320.
[2026-09-12 10:39:59] Processing Realbooru #897166...
[2026-09-12 10:40:00]   Downloading media for #897166...
[2026-09-12 10:40:03]   Success: Uploaded as Post #18321.
[2026-09-12 10:40:03] Fetching page list (pid=7518)...
[2026-09-12 10:40:04] Processing Realbooru #897262...
[2026-09-12 10:40:05]   Downloading media for #897262...
[2026-09-12 10:40:09]   Success: Uploaded as Post #18322.
[2026-09-12 10:40:09] Processing Realbooru #897283...
[2026-09-12 10:40:10]   Downloading media for #897283...
[2026-09-12 10:40:12]   Success: Uploaded as Post #18323.
[2026-09-12 10:40:12] Processing Realbooru #897285...
[2026-09-12 10:40:13]   Downloading media for #897285...
[2026-09-12 10:40:15]   Success: Uploaded as Post #18324.
[2026-09-12 10:40:15] Processing Realbooru #897286...
[2026-09-12 10:40:16]   Downloading media for #897286...
[2026-09-12 10:40:18]   Success: Uploaded as Post #18325.
[2026-09-12 10:40:18] Processing Realbooru #897287...
[2026-09-12 10:40:19]   Downloading media for #897287...
[2026-09-12 10:40:22]   Success: Uploaded as Post #18326.
[2026-09-12 10:40:22] Processing Realbooru #897288...
[2026-09-12 10:40:22]   Downloading media for #897288...
[2026-09-12 10:40:25]   Success: Uploaded as Post #18327.
[2026-09-12 10:40:25] Processing Realbooru #897289...
[2026-09-12 10:40:26]   Downloading media for #897289...
[2026-09-12 10:40:29]   Success: Uploaded as Post #18328.
[2026-09-12 10:40:29] Processing Realbooru #897341...
[2026-09-12 10:40:29]   Downloading media for #897341...
[2026-09-12 10:40:31]   Success: Uploaded as Post #18329.
[2026-09-12 10:40:31] Processing Realbooru #897342...
[2026-09-12 10:40:32]   Downloading media for #897342...
[2026-09-12 10:40:34]   Success: Uploaded as Post #18330.
[2026-09-12 10:40:34] Processing Realbooru #897496...
[2026-09-12 10:40:35]   Downloading media for #897496...
[2026-09-12 10:40:38]   Success: Uploaded as Post #18331.
[2026-09-12 10:40:38] Processing Realbooru #897556...
[2026-09-12 10:40:39]   Downloading media for #897556...
[2026-09-12 10:40:42]   Success: Uploaded as Post #18332.
[2026-09-12 10:40:42] Processing Realbooru #897620...
[2026-09-12 10:40:43]   Downloading media for #897620...
[2026-09-12 10:40:48]   Success: Uploaded as Post #18333.
[2026-09-12 10:40:48] Processing Realbooru #897681...
[2026-09-12 10:40:49]   Downloading media for #897681...
[2026-09-12 10:40:51]   Success: Uploaded as Post #18334.
[2026-09-12 10:40:51] Processing Realbooru #897682...
[2026-09-12 10:40:52]   Downloading media for #897682...
[2026-09-12 10:40:53]   Success: Uploaded as Post #18335.
[2026-09-12 10:40:53] Processing Realbooru #897683...
[2026-09-12 10:40:54]   Downloading media for #897683...
[2026-09-12 10:40:57]   Success: Uploaded as Post #18336.
[2026-09-12 10:40:57] Processing Realbooru #897690...
[2026-09-12 10:40:58]   Downloading media for #897690...
[2026-09-12 10:41:02]   Success: Uploaded as Post #18337.
[2026-09-12 10:41:02] Processing Realbooru #897753...
[2026-09-12 10:41:03]   Downloading media for #897753...
[2026-09-12 10:41:04]   Success: Uploaded as Post #18338.
[2026-09-12 10:41:04] Processing Realbooru #897754...
[2026-09-12 10:41:04]   Downloading media for #897754...
[2026-09-12 10:41:07]   Success: Uploaded as Post #18339.
[2026-09-12 10:41:07] Processing Realbooru #897755...
[2026-09-12 10:41:08]   Downloading media for #897755...
[2026-09-12 10:41:10]   Success: Uploaded as Post #18340.
[2026-09-12 10:41:10] Processing Realbooru #897756...
[2026-09-12 10:41:11]   Downloading media for #897756...
[2026-09-12 10:41:13]   Success: Uploaded as Post #18341.
[2026-09-12 10:41:13] Processing Realbooru #897757...
[2026-09-12 10:41:14]   Downloading media for #897757...
[2026-09-12 10:41:17]   Success: Uploaded as Post #18342.
[2026-09-12 10:41:17] Processing Realbooru #897758...
[2026-09-12 10:41:17]   Downloading media for #897758...
[2026-09-12 10:41:20]   Success: Uploaded as Post #18343.
[2026-09-12 10:41:20] Processing Realbooru #897939...
[2026-09-12 10:41:21]   Downloading media for #897939...
[2026-09-12 10:41:24]   Success: Uploaded as Post #18344.
[2026-09-12 10:41:24] Processing Realbooru #897940...
[2026-09-12 10:41:25]   Downloading media for #897940...
[2026-09-12 10:41:28]   Success: Uploaded as Post #18345.
[2026-09-12 10:41:28] Processing Realbooru #898077...
[2026-09-12 10:41:28]   Downloading media for #898077...
[2026-09-12 10:41:30]   Success: Uploaded as Post #18346.
[2026-09-12 10:41:30] Processing Realbooru #898085...
[2026-09-12 10:41:31]   Downloading media for #898085...
[2026-09-12 10:41:33]   Success: Uploaded as Post #18347.
[2026-09-12 10:41:33] Processing Realbooru #898086...
[2026-09-12 10:41:33]   Downloading media for #898086...
[2026-09-12 10:41:35]   Success: Uploaded as Post #18348.
[2026-09-12 10:41:35] Processing Realbooru #898087...
[2026-09-12 10:41:36]   Downloading media for #898087...
[2026-09-12 10:41:38]   Success: Uploaded as Post #18349.
[2026-09-12 10:41:38] Processing Realbooru #898088...
[2026-09-12 10:41:38]   Downloading media for #898088...
[2026-09-12 10:41:40]   Success: Uploaded as Post #18350.
[2026-09-12 10:41:40] Processing Realbooru #898144...
[2026-09-12 10:41:41]   Downloading media for #898144...
[2026-09-12 10:41:43]   Success: Uploaded as Post #18351.
[2026-09-12 10:41:43] Processing Realbooru #898147...
[2026-09-12 10:41:44]   Downloading media for #898147...
[2026-09-12 10:41:46]   Success: Uploaded as Post #18352.
[2026-09-12 10:41:46] Processing Realbooru #898357...
[2026-09-12 10:41:47]   Downloading media for #898357...
[2026-09-12 10:41:50]   Success: Uploaded as Post #18353.
[2026-09-12 10:41:50] Processing Realbooru #898358...
[2026-09-12 10:41:51]   Downloading media for #898358...
[2026-09-12 10:41:54]   Success: Uploaded as Post #18354.
[2026-09-12 10:41:54] Processing Realbooru #898387...
[2026-09-12 10:41:55]   Downloading media for #898387...
[2026-09-12 10:41:59]   Success: Uploaded as Post #18355.
[2026-09-12 10:41:59] Processing Realbooru #898390...
[2026-09-12 10:42:00]   Downloading media for #898390...
[2026-09-12 10:42:03]   Success: Uploaded as Post #18356.
[2026-09-12 10:42:03] Processing Realbooru #898391...
[2026-09-12 10:42:03]   Downloading media for #898391...
[2026-09-12 10:42:06]   Success: Uploaded as Post #18357.
[2026-09-12 10:42:06] Processing Realbooru #898392...
[2026-09-12 10:42:07]   Downloading media for #898392...
[2026-09-12 10:42:09]   Success: Uploaded as Post #18358.
[2026-09-12 10:42:09] Processing Realbooru #898393...
[2026-09-12 10:42:10]   Downloading media for #898393...
[2026-09-12 10:42:15]   Success: Uploaded as Post #18359.
[2026-09-12 10:42:15] Processing Realbooru #898436...
[2026-09-12 10:42:16]   Downloading media for #898436...
[2026-09-12 10:42:22]   Success: Uploaded as Post #18360.
[2026-09-12 10:42:22] Processing Realbooru #898456...
[2026-09-12 10:42:22]   Downloading media for #898456...
[2026-09-12 10:42:25]   Success: Uploaded as Post #18361.
[2026-09-12 10:42:25] Processing Realbooru #898477...
[2026-09-12 10:42:26]   Downloading media for #898477...
[2026-09-12 10:42:28]   Success: Uploaded as Post #18362.
[2026-09-12 10:42:28] Processing Realbooru #898480...
[2026-09-12 10:42:29]   Downloading media for #898480...
[2026-09-12 10:42:33]   Success: Uploaded as Post #18363.
[2026-09-12 10:42:33] Fetching page list (pid=7560)...
[2026-09-12 10:42:34] Processing Realbooru #898567...
[2026-09-12 10:42:35]   Downloading media for #898567...
[2026-09-12 10:42:38]   Success: Uploaded as Post #18364.
[2026-09-12 10:42:38] Processing Realbooru #898646...
[2026-09-12 10:42:38]   Downloading media for #898646...
[2026-09-12 10:42:44]   Success: Uploaded as Post #18365.
[2026-09-12 10:42:44] Processing Realbooru #898664...
[2026-09-12 10:42:45]   Downloading media for #898664...
[2026-09-12 10:42:48]   Success: Uploaded as Post #18366.
[2026-09-12 10:42:48] Processing Realbooru #898895...
[2026-09-12 10:42:49]   Downloading media for #898895...
[2026-09-12 10:42:54]   Success: Uploaded as Post #18367.
[2026-09-12 10:42:54] Processing Realbooru #898961...
[2026-09-12 10:42:54]   Downloading media for #898961...
[2026-09-12 10:42:57]   Success: Uploaded as Post #18368.
[2026-09-12 10:42:57] Processing Realbooru #898962...
[2026-09-12 10:42:58]   Downloading media for #898962...
[2026-09-12 10:43:01]   Success: Uploaded as Post #18369.
[2026-09-12 10:43:01] Processing Realbooru #898963...
[2026-09-12 10:43:02]   Downloading media for #898963...
[2026-09-12 10:43:05]   Success: Uploaded as Post #18370.
[2026-09-12 10:43:05] Processing Realbooru #899021...
[2026-09-12 10:43:06]   Downloading media for #899021...
[2026-09-12 10:43:08]   Success: Uploaded as Post #18371.
[2026-09-12 10:43:08] Processing Realbooru #899022...
[2026-09-12 10:43:09]   Downloading media for #899022...
[2026-09-12 10:43:11]   Success: Uploaded as Post #18372.
[2026-09-12 10:43:11] Processing Realbooru #899044...
[2026-09-12 10:43:12]   Downloading media for #899044...
[2026-09-12 10:43:14]   Success: Uploaded as Post #18373.
[2026-09-12 10:43:14] Processing Realbooru #899251...
[2026-09-12 10:43:15]   Downloading media for #899251...
[2026-09-12 10:43:18]   Success: Uploaded as Post #18374.
[2026-09-12 10:43:18] Processing Realbooru #899471...
[2026-09-12 10:43:19]   Downloading media for #899471...
[2026-09-12 10:43:21]   Success: Uploaded as Post #18375.
[2026-09-12 10:43:21] Processing Realbooru #899530...
[2026-09-12 10:43:22]   Downloading media for #899530...
[2026-09-12 10:43:27]   Success: Uploaded as Post #18376.
[2026-09-12 10:43:27] Processing Realbooru #899673...
[2026-09-12 10:43:28]   Downloading media for #899673...
[2026-09-12 10:43:35]   Success: Uploaded as Post #18377.
[2026-09-12 10:43:35] Processing Realbooru #899712...
[2026-09-12 10:43:36]   Downloading media for #899712...
[2026-09-12 10:43:39]   Success: Uploaded as Post #18378.
[2026-09-12 10:43:39] Processing Realbooru #899713...
[2026-09-12 10:43:40]   Downloading media for #899713...
[2026-09-12 10:43:44]   Success: Uploaded as Post #18379.
[2026-09-12 10:43:44] Processing Realbooru #899714...
[2026-09-12 10:43:45]   Downloading media for #899714...
[2026-09-12 10:44:32]   Success: Uploaded as Post #18380.
[2026-09-12 10:44:32] Processing Realbooru #899715...
[2026-09-12 10:44:32]   Downloading media for #899715...
[2026-09-12 10:45:10]   Success: Uploaded as Post #18381.
[2026-09-12 10:45:10] Processing Realbooru #899817...
[2026-09-12 10:45:11]   Downloading media for #899817...
[2026-09-12 10:45:18]   Success: Uploaded as Post #18382.
[2026-09-12 10:45:18] Processing Realbooru #899818...
[2026-09-12 10:45:19]   Downloading media for #899818...
[2026-09-12 10:45:21]   Success: Uploaded as Post #18383.
[2026-09-12 10:45:21] Processing Realbooru #899858...
[2026-09-12 10:45:22]   Downloading media for #899858...
[2026-09-12 10:45:26]   Success: Uploaded as Post #18384.
[2026-09-12 10:45:26] Processing Realbooru #899859...
[2026-09-12 10:45:26]   Downloading media for #899859...
[2026-09-12 10:45:30]   Success: Uploaded as Post #18385.
[2026-09-12 10:45:30] Processing Realbooru #899860...
[2026-09-12 10:45:30]   Downloading media for #899860...
[2026-09-12 10:45:35]   Success: Uploaded as Post #18386.
[2026-09-12 10:45:35] Processing Realbooru #899861...
[2026-09-12 10:45:36]   Downloading media for #899861...
[2026-09-12 10:45:40]   Success: Uploaded as Post #18387.
[2026-09-12 10:45:40] Processing Realbooru #899862...
[2026-09-12 10:45:41]   Downloading media for #899862...
[2026-09-12 10:45:45]   Success: Uploaded as Post #18388.
[2026-09-12 10:45:45] Processing Realbooru #899863...
[2026-09-12 10:45:46]   Downloading media for #899863...
[2026-09-12 10:45:50]   Success: Uploaded as Post #18389.
[2026-09-12 10:45:50] Processing Realbooru #899864...
[2026-09-12 10:45:51]   Downloading media for #899864...
[2026-09-12 10:45:56]   Success: Uploaded as Post #18390.
[2026-09-12 10:45:56] Processing Realbooru #899866...
[2026-09-12 10:45:57]   Downloading media for #899866...
[2026-09-12 10:46:00]   Success: Uploaded as Post #18391.
[2026-09-12 10:46:00] Processing Realbooru #899868...
[2026-09-12 10:46:03]   Downloading media for #899868...
[2026-09-12 10:46:08]   Success: Uploaded as Post #18392.
[2026-09-12 10:46:08] Processing Realbooru #899870...
[2026-09-12 10:46:08]   Downloading media for #899870...
[2026-09-12 10:46:14]   Success: Uploaded as Post #18393.
[2026-09-12 10:46:14] Processing Realbooru #899927...
[2026-09-12 10:46:15]   Downloading media for #899927...
[2026-09-12 10:46:19]   Success: Uploaded as Post #18394.
[2026-09-12 10:46:19] Processing Realbooru #899929...
[2026-09-12 10:46:20]   Downloading media for #899929...
[2026-09-12 10:46:29]   Success: Uploaded as Post #18395.
[2026-09-12 10:46:29] Processing Realbooru #900035...
[2026-09-12 10:46:29]   Downloading media for #900035...
[2026-09-12 10:46:35]   Success: Uploaded as Post #18396.
[2026-09-12 10:46:35] Processing Realbooru #900048...
[2026-09-12 10:46:36]   Downloading media for #900048...
[2026-09-12 10:46:43]   Success: Uploaded as Post #18397.
[2026-09-12 10:46:43] Processing Realbooru #900097...
[2026-09-12 10:46:43]   Downloading media for #900097...
[2026-09-12 10:46:50]   Success: Uploaded as Post #18398.
[2026-09-12 10:46:50] Processing Realbooru #900129...
[2026-09-12 10:46:50]   Downloading media for #900129...
[2026-09-12 10:46:53]   Success: Uploaded as Post #18399.
[2026-09-12 10:46:53] Processing Realbooru #900227...
[2026-09-12 10:46:53]   Downloading media for #900227...
[2026-09-12 10:46:55]   Success: Uploaded as Post #18400.
[2026-09-12 10:46:55] Processing Realbooru #900228...
[2026-09-12 10:46:56]   Downloading media for #900228...
[2026-09-12 10:46:58]   Success: Uploaded as Post #18401.
[2026-09-12 10:46:58] Processing Realbooru #900229...
[2026-09-12 10:46:59]   Downloading media for #900229...
[2026-09-12 10:47:01]   Success: Uploaded as Post #18402.
[2026-09-12 10:47:01] Processing Realbooru #900230...
[2026-09-12 10:47:02]   Downloading media for #900230...
[2026-09-12 10:47:04]   Success: Uploaded as Post #18403.
[2026-09-12 10:47:04] Processing Realbooru #900231...
[2026-09-12 10:47:05]   Downloading media for #900231...
[2026-09-12 10:47:06]   Success: Uploaded as Post #18404.
[2026-09-12 10:47:06] Processing Realbooru #900232...
[2026-09-12 10:47:07]   Downloading media for #900232...
[2026-09-12 10:47:09]   Success: Uploaded as Post #18405.
[2026-09-12 10:47:09] Fetching page list (pid=7602)...
[2026-09-12 10:47:10] Processing Realbooru #900332...
[2026-09-12 10:47:11]   Downloading media for #900332...
[2026-09-12 10:47:14]   Success: Uploaded as Post #18406.
[2026-09-12 10:47:14] Processing Realbooru #900333...
[2026-09-12 10:47:14]   Downloading media for #900333...
[2026-09-12 10:47:17]   Success: Uploaded as Post #18407.
[2026-09-12 10:47:17] Processing Realbooru #900334...
[2026-09-12 10:47:18]   Downloading media for #900334...
[2026-09-12 10:47:23]   Success: Uploaded as Post #18408.
[2026-09-12 10:47:23] Processing Realbooru #900337...
[2026-09-12 10:47:23]   Downloading media for #900337...
[2026-09-12 10:47:25]   Success: Uploaded as Post #18409.
[2026-09-12 10:47:25] Processing Realbooru #900338...
[2026-09-12 10:47:26]   Downloading media for #900338...
[2026-09-12 10:47:29]   Success: Uploaded as Post #18410.
[2026-09-12 10:47:29] Processing Realbooru #900339...
[2026-09-12 10:47:29]   Downloading media for #900339...
[2026-09-12 10:47:33]   Success: Uploaded as Post #18411.
[2026-09-12 10:47:33] Processing Realbooru #900601...
[2026-09-12 10:47:33]   Downloading media for #900601...
[2026-09-12 10:47:36]   Success: Uploaded as Post #18412.
[2026-09-12 10:47:36] Processing Realbooru #900629...
[2026-09-12 10:47:37]   Downloading media for #900629...
[2026-09-12 10:47:40]   Success: Uploaded as Post #18413.
[2026-09-12 10:47:40] Processing Realbooru #900630...
[2026-09-12 10:47:41]   Downloading media for #900630...
[2026-09-12 10:47:50]   Success: Uploaded as Post #18414.
[2026-09-12 10:47:50] Processing Realbooru #900663...
[2026-09-12 10:47:51]   Downloading media for #900663...
[2026-09-12 10:47:56]   Success: Uploaded as Post #18415.
[2026-09-12 10:47:56] Processing Realbooru #900664...
[2026-09-12 10:47:57]   Downloading media for #900664...
[2026-09-12 10:48:02]   Success: Uploaded as Post #18416.
[2026-09-12 10:48:02] Processing Realbooru #900775...
[2026-09-12 10:48:02]   Downloading media for #900775...
[2026-09-12 10:48:06]   Success: Uploaded as Post #18417.
[2026-09-12 10:48:06] Processing Realbooru #900793...
[2026-09-12 10:48:07]   Downloading media for #900793...
[2026-09-12 10:48:12]   Success: Uploaded as Post #18418.
[2026-09-12 10:48:12] Processing Realbooru #900796...
[2026-09-12 10:48:13]   Downloading media for #900796...
[2026-09-12 10:48:17]   Success: Uploaded as Post #18419.
[2026-09-12 10:48:17] Processing Realbooru #900797...
[2026-09-12 10:48:18]   Downloading media for #900797...
[2026-09-12 10:48:22]   Success: Uploaded as Post #18420.
[2026-09-12 10:48:22] Processing Realbooru #900798...
[2026-09-12 10:48:22]   Downloading media for #900798...
[2026-09-12 10:48:26]   Success: Uploaded as Post #18421.
[2026-09-12 10:48:26] Processing Realbooru #900799...
[2026-09-12 10:48:26]   Downloading media for #900799...
[2026-09-12 10:48:30]   Success: Uploaded as Post #18422.
[2026-09-12 10:48:30] Processing Realbooru #900800...
[2026-09-12 10:48:30]   Downloading media for #900800...
[2026-09-12 10:48:35]   Success: Uploaded as Post #18423.
[2026-09-12 10:48:35] Processing Realbooru #900801...
[2026-09-12 10:48:36]   Downloading media for #900801...
[2026-09-12 10:48:40]   Success: Uploaded as Post #18424.
[2026-09-12 10:48:40] Processing Realbooru #900844...
[2026-09-12 10:48:41]   Downloading media for #900844...
[2026-09-12 10:48:44]   Success: Uploaded as Post #18425.
[2026-09-12 10:48:44] Processing Realbooru #900908...
[2026-09-12 10:48:45]   Downloading media for #900908...
[2026-09-12 10:48:46]   Success: Uploaded as Post #18426.
[2026-09-12 10:48:46] Processing Realbooru #900914...
[2026-09-12 10:48:47]   Downloading media for #900914...
[2026-09-12 10:48:52]   Success: Uploaded as Post #18427.
[2026-09-12 10:48:52] Processing Realbooru #900960...
[2026-09-12 10:48:52]   Downloading media for #900960...
[2026-09-12 10:49:00]   Success: Uploaded as Post #18428.
[2026-09-12 10:49:00] Processing Realbooru #901046...
[2026-09-12 10:49:01]   Downloading media for #901046...
[2026-09-12 10:49:05]   Success: Uploaded as Post #18429.
[2026-09-12 10:49:05] Processing Realbooru #901089...
[2026-09-12 10:49:06]   Downloading media for #901089...
[2026-09-12 10:49:28]   Error: Failed to download https://realbooru.com/images/f4/98/f498b29f3919d2305b25fe05953f1cc3.mp4
[2026-09-12 10:49:28] Processing Realbooru #901106...
[2026-09-12 10:49:29]   Downloading media for #901106...
[2026-09-12 10:49:33]   Success: Uploaded as Post #18430.
[2026-09-12 10:49:33] Processing Realbooru #901107...
[2026-09-12 10:49:34]   Downloading media for #901107...
[2026-09-12 10:49:38]   Success: Uploaded as Post #18431.
[2026-09-12 10:49:38] Processing Realbooru #901108...
[2026-09-12 10:49:39]   Downloading media for #901108...
[2026-09-12 10:49:43]   Success: Uploaded as Post #18432.
[2026-09-12 10:49:43] Processing Realbooru #901140...
[2026-09-12 10:49:44]   Downloading media for #901140...
[2026-09-12 10:49:48]   Success: Uploaded as Post #18433.
[2026-09-12 10:49:48] Processing Realbooru #901141...
[2026-09-12 10:49:49]   Downloading media for #901141...
[2026-09-12 10:49:52]   Success: Uploaded as Post #18434.
[2026-09-12 10:49:52] Processing Realbooru #901142...
[2026-09-12 10:49:52]   Downloading media for #901142...
[2026-09-12 10:49:57]   Success: Uploaded as Post #18435.
[2026-09-12 10:49:57] Processing Realbooru #901186...
[2026-09-12 10:49:57]   Downloading media for #901186...
[2026-09-12 10:50:02]   Success: Uploaded as Post #18436.
[2026-09-12 10:50:02] Processing Realbooru #901187...
[2026-09-12 10:50:02]   Downloading media for #901187...
[2026-09-12 10:50:09]   Success: Uploaded as Post #18437.
[2026-09-12 10:50:09] Processing Realbooru #901189...
[2026-09-12 10:50:10]   Downloading media for #901189...
[2026-09-12 10:50:13]   Success: Uploaded as Post #18438.
[2026-09-12 10:50:13] Processing Realbooru #901221...
[2026-09-12 10:50:14]   Downloading media for #901221...
[2026-09-12 10:50:22]   Success: Uploaded as Post #18439.
[2026-09-12 10:50:22] Processing Realbooru #901224...
[2026-09-12 10:50:23]   Downloading media for #901224...
[2026-09-12 10:50:27]   Success: Uploaded as Post #18440.
[2026-09-12 10:50:27] Processing Realbooru #901341...
[2026-09-12 10:50:27]   Downloading media for #901341...
[2026-09-12 10:50:32]   Success: Uploaded as Post #18441.
[2026-09-12 10:50:32] Processing Realbooru #901385...
[2026-09-12 10:50:33]   Downloading media for #901385...
[2026-09-12 10:50:38]   Success: Uploaded as Post #18442.
[2026-09-12 10:50:38] Processing Realbooru #901396...
[2026-09-12 10:50:38]   Downloading media for #901396...
[2026-09-12 10:50:43]   Success: Uploaded as Post #18443.
[2026-09-12 10:50:43] Processing Realbooru #901437...
[2026-09-12 10:50:44]   Downloading media for #901437...
[2026-09-12 10:50:46]   Success: Uploaded as Post #18444.
[2026-09-12 10:50:46] Processing Realbooru #901444...
[2026-09-12 10:50:47]   Downloading media for #901444...
[2026-09-12 10:50:49]   Success: Uploaded as Post #18445.
[2026-09-12 10:50:50] Processing Realbooru #901496...
[2026-09-12 10:50:50]   Downloading media for #901496...
[2026-09-12 10:50:55]   Success: Uploaded as Post #18446.
[2026-09-12 10:50:55] Fetching page list (pid=7644)...
[2026-09-12 10:50:56] Processing Realbooru #901524...
[2026-09-12 10:50:57]   Downloading media for #901524...
[2026-09-12 10:51:13]   Error: Failed to download https://realbooru.com/images/6a/3a/6a3acc09df36e93cb54db2013b37494b.gif
[2026-09-12 10:51:13] Processing Realbooru #901530...
[2026-09-12 10:51:14]   Downloading media for #901530...
[2026-09-12 10:51:25]   Success: Uploaded as Post #18447.
[2026-09-12 10:51:25] Processing Realbooru #901531...
[2026-09-12 10:51:26]   Downloading media for #901531...
[2026-09-12 10:51:32]   Success: Uploaded as Post #18448.
[2026-09-12 10:51:32] Processing Realbooru #901572...
[2026-09-12 10:51:33]   Downloading media for #901572...
[2026-09-12 10:51:35]   Success: Uploaded as Post #18449.
[2026-09-12 10:51:35] Processing Realbooru #901573...
[2026-09-12 10:51:36]   Downloading media for #901573...
[2026-09-12 10:51:41]   Success: Uploaded as Post #18450.
[2026-09-12 10:51:41] Processing Realbooru #901624...
[2026-09-12 10:51:41]   Downloading media for #901624...
[2026-09-12 10:51:44]   Success: Uploaded as Post #18451.
[2026-09-12 10:51:44] Processing Realbooru #901642...
[2026-09-12 10:51:45]   Downloading media for #901642...
[2026-09-12 10:51:50]   Success: Uploaded as Post #18452.
[2026-09-12 10:51:50] Processing Realbooru #901709...
[2026-09-12 10:51:51]   Downloading media for #901709...
[2026-09-12 10:51:54]   Success: Uploaded as Post #18453.
[2026-09-12 10:51:54] Processing Realbooru #901755...
[2026-09-12 10:51:54]   Downloading media for #901755...
[2026-09-12 10:52:08]   Success: Uploaded as Post #18454.
[2026-09-12 10:52:08] Processing Realbooru #901787...
