[2026-09-11 14:02:24] Starting PHP scraper for tag: femboy
[2026-09-11 14:02:24] Fetching page list (pid=0)...
[2026-09-11 14:02:26] Processing Realbooru #1006949...
[2026-09-11 14:02:26]   Skipped: Post #1006949 already in DB (Post #10856).
[2026-09-11 14:02:26] Processing Realbooru #1006910...
[2026-09-11 14:02:26]   Skipped: Post #1006910 already in DB (Post #10784).
[2026-09-11 14:02:26] Processing Realbooru #1006908...
[2026-09-11 14:02:26]   Skipped: Post #1006908 already in DB (Post #10783).
[2026-09-11 14:02:26] Processing Realbooru #1006907...
[2026-09-11 14:02:26]   Skipped: Post #1006907 already in DB (Post #10782).
[2026-09-11 14:02:26] Processing Realbooru #1006903...
[2026-09-11 14:02:26]   Skipped: Post #1006903 already in DB (Post #10781).
[2026-09-11 14:02:26] Processing Realbooru #1006850...
[2026-09-11 14:02:26]   Skipped: Post #1006850 already in DB (Post #10858).
[2026-09-11 14:02:26] Processing Realbooru #1006758...
[2026-09-11 14:02:26]   Skipped: Post #1006758 already in DB (Post #8795).
[2026-09-11 14:02:26] Processing Realbooru #1006756...
[2026-09-11 14:02:26]   Skipped: Post #1006756 already in DB (Post #8796).
[2026-09-11 14:02:26] Processing Realbooru #1006715...
[2026-09-11 14:02:26]   Skipped: Post #1006715 already in DB (Post #8797).
[2026-09-11 14:02:26] Processing Realbooru #1006674...
[2026-09-11 14:02:26]   Skipped: Post #1006674 already in DB (Post #8798).
[2026-09-11 14:02:26] Processing Realbooru #1006641...
[2026-09-11 14:02:26]   Skipped: Post #1006641 already in DB (Post #8799).
[2026-09-11 14:02:26] Processing Realbooru #1006596...
[2026-09-11 14:02:26]   Skipped: Post #1006596 already in DB (Post #8800).
[2026-09-11 14:02:26] Processing Realbooru #1006573...
[2026-09-11 14:02:26]   Skipped: Post #1006573 already in DB (Post #8801).
[2026-09-11 14:02:26] Processing Realbooru #1006542...
[2026-09-11 14:02:26]   Skipped: Post #1006542 already in DB (Post #8802).
[2026-09-11 14:02:26] Processing Realbooru #1006535...
[2026-09-11 14:02:26]   Skipped: Post #1006535 already in DB (Post #8803).
[2026-09-11 14:02:26] Processing Realbooru #1006490...
[2026-09-11 14:02:26]   Skipped: Post #1006490 already in DB (Post #8804).
[2026-09-11 14:02:26] Processing Realbooru #1006486...
[2026-09-11 14:02:26]   Skipped: Post #1006486 already in DB (Post #8805).
[2026-09-11 14:02:26] Processing Realbooru #1006484...
[2026-09-11 14:05:59]   Error: S3 Upload failed (HTTP 0): 
[2026-09-11 14:05:59] Processing Realbooru #1006483...
[2026-09-11 14:05:59]   Skipped: Post #1006483 already in DB (Post #8806).
[2026-09-11 14:05:59] Processing Realbooru #1006477...
[2026-09-11 14:05:59]   Skipped: Post #1006477 already in DB (Post #8807).
[2026-09-11 14:05:59] Processing Realbooru #1006390...
[2026-09-11 14:05:59]   Skipped: Post #1006390 already in DB (Post #8808).
[2026-09-11 14:05:59] Processing Realbooru #1006379...
[2026-09-11 14:05:59]   Skipped: Post #1006379 already in DB (Post #8809).
[2026-09-11 14:05:59] Processing Realbooru #1005959...
[2026-09-11 14:05:59]   Skipped: Post #1005959 already in DB (Post #8810).
[2026-09-11 14:05:59] Processing Realbooru #1005957...
[2026-09-11 14:05:59]   Skipped: Post #1005957 already in DB (Post #8811).
[2026-09-11 14:05:59] Processing Realbooru #1005956...
[2026-09-11 14:05:59]   Skipped: Post #1005956 already in DB (Post #8812).
[2026-09-11 14:05:59] Processing Realbooru #1005955...
[2026-09-11 14:05:59]   Skipped: Post #1005955 already in DB (Post #8813).
[2026-09-11 14:05:59] Processing Realbooru #1005879...
[2026-09-11 14:05:59]   Skipped: Post #1005879 already in DB (Post #8814).
[2026-09-11 14:05:59] Processing Realbooru #1005856...
[2026-09-11 14:05:59]   Skipped: Post #1005856 already in DB (Post #8815).
[2026-09-11 14:05:59] Processing Realbooru #1005847...
[2026-09-11 14:05:59]   Skipped: Post #1005847 already in DB (Post #8816).
[2026-09-11 14:05:59] Processing Realbooru #1005846...
[2026-09-11 14:05:59]   Skipped: Post #1005846 already in DB (Post #8817).
[2026-09-11 14:05:59] Processing Realbooru #1005844...
[2026-09-11 14:05:59]   Skipped: Post #1005844 already in DB (Post #8818).
[2026-09-11 14:05:59] Processing Realbooru #1005775...
[2026-09-11 14:05:59]   Skipped: Post #1005775 already in DB (Post #8819).
[2026-09-11 14:05:59] Processing Realbooru #1005754...
[2026-09-11 14:05:59]   Skipped: Post #1005754 already in DB (Post #8820).
[2026-09-11 14:05:59] Processing Realbooru #1005737...
[2026-09-11 14:05:59]   Skipped: Post #1005737 already in DB (Post #8821).
[2026-09-11 14:05:59] Processing Realbooru #1005657...
[2026-09-11 14:05:59]   Skipped: Post #1005657 already in DB (Post #8822).
[2026-09-11 14:05:59] Fetching page list (pid=42)...
[2026-09-11 14:06:32] Failed to fetch list page or reached end.
[2026-09-11 14:06:32] Done! Downloaded: 0, Skipped: 34, Errors: 1.
