[2026-09-12 14:42:54] Starting PHP scraper for tag: femboy
[2026-09-12 14:42:54] Continuing at pid=9324.
[2026-09-12 14:42:54] Loaded 11389 existing Realbooru post IDs.
[2026-09-12 14:42:54] Fetching page list (pid=9324)...
[2026-09-12 14:42:55] Processing Realbooru #932354...
[2026-09-12 14:42:55]   Skipped: Post #932354 already in DB (Post #20123).
[2026-09-12 14:42:55] Processing Realbooru #932364...
[2026-09-12 14:42:56]   Downloading media for #932364...
[2026-09-12 14:45:30]   Success: Uploaded as Post #20226.
[2026-09-12 14:45:30] Processing Realbooru #932399...
[2026-09-12 14:45:30]   Downloading media for #932399...
[2026-09-12 14:45:33]   Success: Uploaded as Post #20228.
[2026-09-12 14:45:33] Processing Realbooru #932497...
[2026-09-12 14:45:34]   Downloading media for #932497...
[2026-09-12 14:45:38]   Success: Uploaded as Post #20231.
[2026-09-12 14:45:38] Processing Realbooru #932498...
[2026-09-12 14:45:39]   Downloading media for #932498...
[2026-09-12 14:45:42]   Success: Uploaded as Post #20233.
[2026-09-12 14:45:42] Processing Realbooru #932499...
[2026-09-12 14:45:43]   Downloading media for #932499...
[2026-09-12 14:45:48]   Success: Uploaded as Post #20236.
[2026-09-12 14:45:48] Processing Realbooru #932500...
[2026-09-12 14:45:49]   Downloading media for #932500...
[2026-09-12 14:47:00]   Success: Uploaded as Post #20258.
[2026-09-12 14:47:00] Processing Realbooru #932539...
[2026-09-12 14:47:01]   Downloading media for #932539...
[2026-09-12 14:47:32]   Success: Uploaded as Post #20269.
[2026-09-12 14:47:32] Processing Realbooru #932540...
[2026-09-12 14:47:32]   Downloading media for #932540...
[2026-09-12 14:47:37]   Success: Uploaded as Post #20272.
[2026-09-12 14:47:37] Processing Realbooru #932541...
[2026-09-12 14:47:38]   Downloading media for #932541...
[2026-09-12 14:47:42]   Success: Uploaded as Post #20274.
[2026-09-12 14:47:42] Processing Realbooru #932543...
[2026-09-12 14:47:42]   Downloading media for #932543...
[2026-09-12 14:47:46]   Success: Uploaded as Post #20276.
[2026-09-12 14:47:46] Processing Realbooru #932544...
[2026-09-12 14:47:47]   Downloading media for #932544...
[2026-09-12 14:47:50]   Success: Uploaded as Post #20279.
[2026-09-12 14:47:50] Processing Realbooru #932546...
[2026-09-12 14:47:51]   Downloading media for #932546...
[2026-09-12 14:47:54]   Success: Uploaded as Post #20281.
[2026-09-12 14:47:54] Processing Realbooru #932549...
[2026-09-12 14:47:55]   Downloading media for #932549...
[2026-09-12 14:47:58]   Success: Uploaded as Post #20283.
[2026-09-12 14:47:58] Processing Realbooru #932552...
[2026-09-12 14:47:59]   Downloading media for #932552...
[2026-09-12 14:48:08]   Success: Uploaded as Post #20288.
[2026-09-12 14:48:08] Processing Realbooru #932558...
[2026-09-12 14:48:09]   Downloading media for #932558...
[2026-09-12 14:48:13]   Success: Uploaded as Post #20290.
[2026-09-12 14:48:13] Processing Realbooru #932559...
[2026-09-12 14:48:14]   Downloading media for #932559...
[2026-09-12 14:48:18]   Success: Uploaded as Post #20293.
[2026-09-12 14:48:18] Processing Realbooru #932560...
[2026-09-12 14:48:19]   Downloading media for #932560...
[2026-09-12 14:49:01]   Success: Uploaded as Post #20306.
[2026-09-12 14:49:01] Processing Realbooru #932564...
[2026-09-12 14:49:02]   Downloading media for #932564...
[2026-09-12 14:49:07]   Success: Uploaded as Post #20309.
[2026-09-12 14:49:07] Processing Realbooru #932574...
[2026-09-12 14:49:07]   Downloading media for #932574...
[2026-09-12 14:49:14]   Success: Uploaded as Post #20312.
[2026-09-12 14:49:14] Processing Realbooru #932584...
[2026-09-12 14:49:14]   Downloading media for #932584...
[2026-09-12 14:49:21]   Success: Uploaded as Post #20316.
[2026-09-12 14:49:21] Processing Realbooru #932659...
[2026-09-12 14:49:22]   Downloading media for #932659...
[2026-09-12 14:49:25]   Success: Uploaded as Post #20318.
[2026-09-12 14:49:25] Processing Realbooru #932660...
[2026-09-12 14:49:25]   Downloading media for #932660...
[2026-09-12 14:49:28]   Success: Uploaded as Post #20320.
[2026-09-12 14:49:28] Processing Realbooru #932804...
[2026-09-12 14:49:29]   Downloading media for #932804...
[2026-09-12 14:49:32]   Success: Uploaded as Post #20323.
[2026-09-12 14:49:32] Processing Realbooru #932823...
[2026-09-12 14:49:33]   Downloading media for #932823...
[2026-09-12 14:49:40]   Success: Uploaded as Post #20326.
[2026-09-12 14:49:40] Processing Realbooru #932824...
[2026-09-12 14:49:41]   Downloading media for #932824...
[2026-09-12 14:49:49]   Success: Uploaded as Post #20330.
[2026-09-12 14:49:49] Processing Realbooru #932826...
[2026-09-12 14:49:49]   Downloading media for #932826...
[2026-09-12 14:49:51]   Success: Uploaded as Post #20332.
[2026-09-12 14:49:51] Processing Realbooru #932827...
[2026-09-12 14:49:52]   Downloading media for #932827...
[2026-09-12 14:49:58]   Success: Uploaded as Post #20335.
[2026-09-12 14:49:58] Processing Realbooru #932828...
[2026-09-12 14:49:59]   Downloading media for #932828...
[2026-09-12 14:50:03]   Success: Uploaded as Post #20338.
[2026-09-12 14:50:03] Processing Realbooru #933007...
[2026-09-12 14:50:04]   Downloading media for #933007...
[2026-09-12 14:50:10]   Success: Uploaded as Post #20341.
[2026-09-12 14:50:10] Processing Realbooru #933009...
[2026-09-12 14:50:11]   Downloading media for #933009...
[2026-09-12 14:50:29]   Success: Uploaded as Post #20346.
[2026-09-12 14:50:29] Processing Realbooru #933239...
[2026-09-12 14:50:29]   Downloading media for #933239...
[2026-09-12 14:50:34]   Success: Uploaded as Post #20348.
[2026-09-12 14:50:34] Processing Realbooru #933331...
[2026-09-12 14:50:35]   Downloading media for #933331...
[2026-09-12 14:50:39]   Success: Uploaded as Post #20350.
[2026-09-12 14:50:39] Processing Realbooru #933336...
[2026-09-12 14:50:39]   Downloading media for #933336...
[2026-09-12 14:50:44]   Success: Uploaded as Post #20351.
[2026-09-12 14:50:44] Processing Realbooru #933343...
[2026-09-12 14:50:44]   Downloading media for #933343...
[2026-09-12 14:50:58]   Success: Uploaded as Post #20354.
[2026-09-12 14:50:58] Processing Realbooru #933344...
[2026-09-12 14:50:59]   Downloading media for #933344...
[2026-09-12 14:51:04]   Success: Uploaded as Post #20356.
[2026-09-12 14:51:04] Processing Realbooru #933345...
[2026-09-12 14:51:05]   Downloading media for #933345...
[2026-09-12 14:51:10]   Success: Uploaded as Post #20357.
[2026-09-12 14:51:10] Processing Realbooru #933346...
[2026-09-12 14:51:11]   Downloading media for #933346...
[2026-09-12 14:51:15]   Success: Uploaded as Post #20359.
[2026-09-12 14:51:15] Processing Realbooru #933347...
[2026-09-12 14:51:16]   Downloading media for #933347...
[2026-09-12 14:51:20]   Success: Uploaded as Post #20360.
[2026-09-12 14:51:20] Processing Realbooru #933348...
[2026-09-12 14:51:21]   Downloading media for #933348...
[2026-09-12 14:51:27]   Success: Uploaded as Post #20361.
[2026-09-12 14:51:27] Processing Realbooru #933349...
[2026-09-12 14:51:27]   Downloading media for #933349...
[2026-09-12 14:51:31]   Success: Uploaded as Post #20362.
[2026-09-12 14:51:31] Processing Realbooru #933350...
[2026-09-12 14:51:32]   Downloading media for #933350...
[2026-09-12 14:51:37]   Success: Uploaded as Post #20363.
[2026-09-12 14:51:37] Fetching page list (pid=9366)...
[2026-09-12 14:51:38] Processing Realbooru #933351...
[2026-09-12 14:51:39]   Downloading media for #933351...
[2026-09-12 14:51:41]   Success: Uploaded as Post #20364.
[2026-09-12 14:51:41] Processing Realbooru #933423...
[2026-09-12 14:51:42]   Downloading media for #933423...
[2026-09-12 14:51:46]   Success: Uploaded as Post #20365.
[2026-09-12 14:51:46] Processing Realbooru #933437...
[2026-09-12 14:51:47]   Downloading media for #933437...
[2026-09-12 14:51:49]   Success: Uploaded as Post #20366.
[2026-09-12 14:51:49] Processing Realbooru #933438...
[2026-09-12 14:51:50]   Downloading media for #933438...
[2026-09-12 14:51:52]   Success: Uploaded as Post #20367.
[2026-09-12 14:51:52] Processing Realbooru #933440...
[2026-09-12 14:51:53]   Downloading media for #933440...
[2026-09-12 14:51:57]   Success: Uploaded as Post #20368.
[2026-09-12 14:51:57] Processing Realbooru #933442...
[2026-09-12 14:51:58]   Downloading media for #933442...
[2026-09-12 14:52:07]   Success: Uploaded as Post #20369.
[2026-09-12 14:52:07] Processing Realbooru #933483...
[2026-09-12 14:52:07]   Downloading media for #933483...
[2026-09-12 14:52:15]   Success: Uploaded as Post #20370.
[2026-09-12 14:52:15] Processing Realbooru #933584...
[2026-09-12 14:52:16]   Downloading media for #933584...
[2026-09-12 14:52:24]   Success: Uploaded as Post #20371.
[2026-09-12 14:52:24] Processing Realbooru #933746...
[2026-09-12 14:52:25]   Downloading media for #933746...
[2026-09-12 14:52:28]   Success: Uploaded as Post #20372.
[2026-09-12 14:52:28] Processing Realbooru #933762...
[2026-09-12 14:52:28]   Downloading media for #933762...
[2026-09-12 14:52:31]   Success: Uploaded as Post #20373.
[2026-09-12 14:52:31] Processing Realbooru #933763...
[2026-09-12 14:52:31]   Downloading media for #933763...
[2026-09-12 14:52:34]   Success: Uploaded as Post #20374.
[2026-09-12 14:52:34] Processing Realbooru #933764...
[2026-09-12 14:52:34]   Downloading media for #933764...
[2026-09-12 14:52:36]   Success: Uploaded as Post #20375.
[2026-09-12 14:52:36] Processing Realbooru #933765...
[2026-09-12 14:52:37]   Downloading media for #933765...
[2026-09-12 14:52:39]   Success: Uploaded as Post #20376.
[2026-09-12 14:52:39] Processing Realbooru #933766...
[2026-09-12 14:52:40]   Downloading media for #933766...
[2026-09-12 14:52:42]   Success: Uploaded as Post #20377.
[2026-09-12 14:52:42] Processing Realbooru #933767...
[2026-09-12 14:52:43]   Downloading media for #933767...
[2026-09-12 14:52:56]   Success: Uploaded as Post #20378.
[2026-09-12 14:52:56] Processing Realbooru #933773...
[2026-09-12 14:52:57]   Downloading media for #933773...
[2026-09-12 14:52:58]   Success: Uploaded as Post #20379.
[2026-09-12 14:52:58] Processing Realbooru #933856...
[2026-09-12 14:52:59]   Downloading media for #933856...
[2026-09-12 14:53:07]   Success: Uploaded as Post #20380.
[2026-09-12 14:53:07] Processing Realbooru #933859...
[2026-09-12 14:53:08]   Downloading media for #933859...
[2026-09-12 14:53:11]   Success: Uploaded as Post #20381.
[2026-09-12 14:53:11] Processing Realbooru #934021...
[2026-09-12 14:53:12]   Downloading media for #934021...
[2026-09-12 14:53:44]   Success: Uploaded as Post #20382.
[2026-09-12 14:53:44] Processing Realbooru #934024...
[2026-09-12 14:53:44]   Downloading media for #934024...
[2026-09-12 14:53:46]   Success: Uploaded as Post #20383.
[2026-09-12 14:53:46] Processing Realbooru #934025...
[2026-09-12 14:53:47]   Downloading media for #934025...
[2026-09-12 14:53:48]   Success: Uploaded as Post #20384.
[2026-09-12 14:53:48] Processing Realbooru #934028...
[2026-09-12 14:53:49]   Downloading media for #934028...
[2026-09-12 14:53:55]   Success: Uploaded as Post #20385.
[2026-09-12 14:53:55] Processing Realbooru #934034...
[2026-09-12 14:53:56]   Downloading media for #934034...
[2026-09-12 14:54:00]   Success: Uploaded as Post #20387.
[2026-09-12 14:54:00] Processing Realbooru #934035...
[2026-09-12 14:54:01]   Downloading media for #934035...
[2026-09-12 14:54:04]   Success: Uploaded as Post #20388.
[2026-09-12 14:54:04] Processing Realbooru #934099...
[2026-09-12 14:54:05]   Downloading media for #934099...
[2026-09-12 14:54:08]   Success: Uploaded as Post #20389.
[2026-09-12 14:54:08] Processing Realbooru #934138...
[2026-09-12 14:54:09]   Downloading media for #934138...
[2026-09-12 14:54:13]   Success: Uploaded as Post #20390.
[2026-09-12 14:54:13] Processing Realbooru #934140...
[2026-09-12 14:54:14]   Downloading media for #934140...
[2026-09-12 14:54:17]   Success: Uploaded as Post #20391.
[2026-09-12 14:54:17] Processing Realbooru #934250...
[2026-09-12 14:54:17]   Downloading media for #934250...
[2026-09-12 14:55:39]   Success: Uploaded as Post #20392.
[2026-09-12 14:55:39] Processing Realbooru #934253...
[2026-09-12 14:55:39]   Downloading media for #934253...
[2026-09-12 14:55:43]   Success: Uploaded as Post #20393.
[2026-09-12 14:55:43] Processing Realbooru #934255...
[2026-09-12 14:55:43]   Downloading media for #934255...
[2026-09-12 14:55:46]   Success: Uploaded as Post #20394.
[2026-09-12 14:55:46] Processing Realbooru #934280...
[2026-09-12 14:55:47]   Downloading media for #934280...
[2026-09-12 14:55:51]   Success: Uploaded as Post #20395.
[2026-09-12 14:55:51] Processing Realbooru #934281...
[2026-09-12 14:55:52]   Downloading media for #934281...
[2026-09-12 14:55:55]   Success: Uploaded as Post #20396.
[2026-09-12 14:55:55] Processing Realbooru #934287...
[2026-09-12 14:55:55]   Downloading media for #934287...
[2026-09-12 14:56:02]   Success: Uploaded as Post #20397.
[2026-09-12 14:56:02] Processing Realbooru #934315...
[2026-09-12 14:56:03]   Downloading media for #934315...
[2026-09-12 14:56:06]   Success: Uploaded as Post #20398.
[2026-09-12 14:56:06] Processing Realbooru #934815...
[2026-09-12 14:56:07]   Downloading media for #934815...
[2026-09-12 14:56:14]   Success: Uploaded as Post #20399.
[2026-09-12 14:56:14] Processing Realbooru #934816...
[2026-09-12 14:56:14]   Downloading media for #934816...
[2026-09-12 14:56:20]   Success: Uploaded as Post #20402.
[2026-09-12 14:56:20] Processing Realbooru #934900...
[2026-09-12 14:56:20]   Downloading media for #934900...
[2026-09-12 14:56:23]   Success: Uploaded as Post #20403.
[2026-09-12 14:56:23] Processing Realbooru #935033...
[2026-09-12 14:56:24]   Downloading media for #935033...
[2026-09-12 14:56:35]   Success: Uploaded as Post #20407.
[2026-09-12 14:56:35] Processing Realbooru #935037...
[2026-09-12 14:56:36]   Downloading media for #935037...
[2026-09-12 14:56:42]   Success: Uploaded as Post #20408.
[2026-09-12 14:56:42] Processing Realbooru #935039...
[2026-09-12 14:56:43]   Downloading media for #935039...
[2026-09-12 14:56:47]   Success: Uploaded as Post #20410.
[2026-09-12 14:56:47] Processing Realbooru #935040...
[2026-09-12 14:56:48]   Downloading media for #935040...
[2026-09-12 14:56:54]   Success: Uploaded as Post #20411.
[2026-09-12 14:56:54] Processing Realbooru #935087...
[2026-09-12 14:56:54]   Downloading media for #935087...
[2026-09-12 14:56:58]   Success: Uploaded as Post #20412.
[2026-09-12 14:56:58] Fetching page list (pid=9408)...
[2026-09-12 14:56:59] Processing Realbooru #935096...
[2026-09-12 14:57:00]   Downloading media for #935096...
[2026-09-12 14:57:04]   Success: Uploaded as Post #20413.
[2026-09-12 14:57:04] Processing Realbooru #935097...
[2026-09-12 14:57:05]   Downloading media for #935097...
[2026-09-12 14:57:08]   Success: Uploaded as Post #20414.
[2026-09-12 14:57:08] Processing Realbooru #935098...
[2026-09-12 14:57:09]   Downloading media for #935098...
[2026-09-12 14:57:13]   Success: Uploaded as Post #20415.
[2026-09-12 14:57:13] Processing Realbooru #935151...
[2026-09-12 14:57:14]   Downloading media for #935151...
[2026-09-12 14:57:22]   Success: Uploaded as Post #20416.
[2026-09-12 14:57:22] Processing Realbooru #935152...
[2026-09-12 14:57:23]   Downloading media for #935152...
[2026-09-12 14:57:33]   Success: Uploaded as Post #20417.
[2026-09-12 14:57:33] Processing Realbooru #935153...
[2026-09-12 14:57:34]   Downloading media for #935153...
[2026-09-12 14:57:37]   Success: Uploaded as Post #20418.
[2026-09-12 14:57:37] Processing Realbooru #935154...
[2026-09-12 14:57:37]   Downloading media for #935154...
[2026-09-12 14:57:41]   Success: Uploaded as Post #20419.
[2026-09-12 14:57:41] Processing Realbooru #935155...
[2026-09-12 14:57:41]   Downloading media for #935155...
[2026-09-12 14:58:02]   Success: Uploaded as Post #20420.
[2026-09-12 14:58:02] Processing Realbooru #935156...
[2026-09-12 14:58:03]   Downloading media for #935156...
[2026-09-12 14:58:55]   Success: Uploaded as Post #20421.
[2026-09-12 14:58:55] Processing Realbooru #935170...
[2026-09-12 14:58:56]   Downloading media for #935170...
[2026-09-12 14:58:58]   Success: Uploaded as Post #20422.
[2026-09-12 14:58:58] Processing Realbooru #935301...
[2026-09-12 14:58:59]   Downloading media for #935301...
[2026-09-12 14:59:01]   Success: Uploaded as Post #20423.
[2026-09-12 14:59:01] Processing Realbooru #935339...
[2026-09-12 14:59:02]   Downloading media for #935339...
[2026-09-12 14:59:03]   Success: Uploaded as Post #20424.
[2026-09-12 14:59:03] Processing Realbooru #935342...
[2026-09-12 14:59:04]   Downloading media for #935342...
[2026-09-12 15:01:11]   Success: Uploaded as Post #20427.
[2026-09-12 15:01:11] Processing Realbooru #935345...
[2026-09-12 15:01:12]   Downloading media for #935345...
[2026-09-12 15:01:14]   Success: Uploaded as Post #20428.
[2026-09-12 15:01:14] Processing Realbooru #935346...
[2026-09-12 15:01:15]   Downloading media for #935346...
[2026-09-12 15:01:16]   Success: Uploaded as Post #20429.
[2026-09-12 15:01:16] Processing Realbooru #935347...
[2026-09-12 15:01:17]   Downloading media for #935347...
[2026-09-12 15:01:20]   Success: Uploaded as Post #20430.
[2026-09-12 15:01:20] Processing Realbooru #935348...
[2026-09-12 15:01:21]   Downloading media for #935348...
[2026-09-12 15:01:23]   Success: Uploaded as Post #20431.
[2026-09-12 15:01:23] Processing Realbooru #935350...
[2026-09-12 15:01:24]   Downloading media for #935350...
[2026-09-12 15:01:33]   Success: Uploaded as Post #20432.
[2026-09-12 15:01:33] Processing Realbooru #935379...
[2026-09-12 15:01:34]   Downloading media for #935379...
[2026-09-12 15:01:37]   Success: Uploaded as Post #20433.
[2026-09-12 15:01:37] Processing Realbooru #935380...
[2026-09-12 15:01:38]   Downloading media for #935380...
[2026-09-12 15:01:39]   Success: Uploaded as Post #20434.
[2026-09-12 15:01:39] Processing Realbooru #935381...
[2026-09-12 15:01:40]   Downloading media for #935381...
[2026-09-12 15:01:45]   Success: Uploaded as Post #20435.
[2026-09-12 15:01:45] Processing Realbooru #935382...
[2026-09-12 15:01:46]   Downloading media for #935382...
[2026-09-12 15:01:52]   Success: Uploaded as Post #20436.
[2026-09-12 15:01:52] Processing Realbooru #935385...
[2026-09-12 15:01:52]   Downloading media for #935385...
[2026-09-12 15:01:56]   Success: Uploaded as Post #20437.
[2026-09-12 15:01:56] Processing Realbooru #935389...
[2026-09-12 15:01:57]   Downloading media for #935389...
[2026-09-12 15:02:04]   Success: Uploaded as Post #20438.
[2026-09-12 15:02:04] Processing Realbooru #935390...
[2026-09-12 15:02:04]   Downloading media for #935390...
[2026-09-12 15:02:08]   Success: Uploaded as Post #20439.
[2026-09-12 15:02:08] Processing Realbooru #935391...
[2026-09-12 15:02:09]   Downloading media for #935391...
[2026-09-12 15:02:11]   Success: Uploaded as Post #20440.
[2026-09-12 15:02:11] Processing Realbooru #935566...
[2026-09-12 15:02:12]   Downloading media for #935566...
[2026-09-12 15:02:16]   Success: Uploaded as Post #20441.
[2026-09-12 15:02:16] Processing Realbooru #935581...
[2026-09-12 15:02:17]   Downloading media for #935581...
[2026-09-12 15:02:21]   Success: Uploaded as Post #20442.
[2026-09-12 15:02:21] Processing Realbooru #935584...
[2026-09-12 15:02:22]   Downloading media for #935584...
[2026-09-12 15:02:26]   Success: Uploaded as Post #20443.
[2026-09-12 15:02:26] Processing Realbooru #935586...
[2026-09-12 15:02:27]   Downloading media for #935586...
[2026-09-12 15:02:29]   Success: Uploaded as Post #20444.
[2026-09-12 15:02:29] Processing Realbooru #935643...
[2026-09-12 15:02:29]   Downloading media for #935643...
[2026-09-12 15:02:32]   Success: Uploaded as Post #20445.
[2026-09-12 15:02:32] Processing Realbooru #935644...
[2026-09-12 15:02:33]   Downloading media for #935644...
[2026-09-12 15:02:39]   Success: Uploaded as Post #20446.
[2026-09-12 15:02:39] Processing Realbooru #935645...
[2026-09-12 15:02:40]   Downloading media for #935645...
[2026-09-12 15:02:43]   Success: Uploaded as Post #20447.
[2026-09-12 15:02:43] Processing Realbooru #935646...
[2026-09-12 15:02:44]   Downloading media for #935646...
[2026-09-12 15:02:46]   Success: Uploaded as Post #20448.
[2026-09-12 15:02:46] Processing Realbooru #935647...
[2026-09-12 15:02:47]   Downloading media for #935647...
[2026-09-12 15:02:49]   Success: Uploaded as Post #20449.
[2026-09-12 15:02:49] Processing Realbooru #935648...
[2026-09-12 15:02:50]   Downloading media for #935648...
[2026-09-12 15:02:52]   Success: Uploaded as Post #20450.
[2026-09-12 15:02:52] Processing Realbooru #935673...
[2026-09-12 15:02:53]   Downloading media for #935673...
[2026-09-12 15:02:56]   Success: Uploaded as Post #20451.
[2026-09-12 15:02:56] Processing Realbooru #935706...
[2026-09-12 15:02:57]   Downloading media for #935706...
[2026-09-12 15:02:59]   Success: Uploaded as Post #20452.
[2026-09-12 15:02:59] Processing Realbooru #935707...
[2026-09-12 15:03:00]   Downloading media for #935707...
[2026-09-12 15:03:03]   Success: Uploaded as Post #20453.
[2026-09-12 15:03:03] Processing Realbooru #935708...
[2026-09-12 15:03:03]   Downloading media for #935708...
[2026-09-12 15:03:06]   Success: Uploaded as Post #20454.
[2026-09-12 15:03:06] Processing Realbooru #935723...
[2026-09-12 15:03:06]   Downloading media for #935723...
[2026-09-12 15:03:10]   Success: Uploaded as Post #20455.
[2026-09-12 15:03:10] Processing Realbooru #935740...
[2026-09-12 15:03:10]   Downloading media for #935740...
[2026-09-12 15:05:42]   Success: Uploaded as Post #20457.
[2026-09-12 15:05:42] Fetching page list (pid=9450)...
[2026-09-12 15:05:43] Processing Realbooru #935749...
[2026-09-12 15:05:44]   Downloading media for #935749...
[2026-09-12 15:11:38]   Success: Uploaded as Post #20475.
[2026-09-12 15:11:38] Processing Realbooru #935751...
[2026-09-12 15:11:39]   Downloading media for #935751...
[2026-09-12 15:17:30]   Success: Uploaded as Post #20517.
[2026-09-12 15:17:30] Processing Realbooru #935761...
[2026-09-12 15:17:31]   Downloading media for #935761...
[2026-09-12 15:23:37]   Success: Uploaded as Post #20553.
[2026-09-12 15:23:37] Processing Realbooru #935762...
[2026-09-12 15:23:38]   Downloading media for #935762...
[2026-09-12 15:25:02]   Success: Uploaded as Post #20555.
[2026-09-12 15:25:02] Processing Realbooru #935764...
[2026-09-12 15:25:03]   Downloading media for #935764...
[2026-09-12 15:25:23]   Success: Uploaded as Post #20557.
[2026-09-12 15:25:23] Processing Realbooru #935777...
[2026-09-12 15:25:24]   Downloading media for #935777...
[2026-09-12 15:25:27]   Success: Uploaded as Post #20558.
[2026-09-12 15:25:27] Processing Realbooru #935780...
[2026-09-12 15:25:27]   Downloading media for #935780...
[2026-09-12 15:26:24]   Success: Uploaded as Post #20563.
[2026-09-12 15:26:24] Processing Realbooru #935784...
[2026-09-12 15:26:24]   Downloading media for #935784...
[2026-09-12 15:26:29]   Success: Uploaded as Post #20564.
[2026-09-12 15:26:29] Processing Realbooru #935785...
[2026-09-12 15:26:29]   Downloading media for #935785...
[2026-09-12 15:26:32]   Success: Uploaded as Post #20565.
[2026-09-12 15:26:32] Processing Realbooru #935786...
[2026-09-12 15:26:32]   Downloading media for #935786...
[2026-09-12 15:26:37]   Success: Uploaded as Post #20566.
[2026-09-12 15:26:37] Processing Realbooru #935787...
[2026-09-12 15:26:37]   Downloading media for #935787...
[2026-09-12 15:30:17]   Success: Uploaded as Post #20575.
[2026-09-12 15:30:17] Processing Realbooru #935788...
[2026-09-12 15:30:18]   Downloading media for #935788...
[2026-09-12 15:31:42]   Success: Uploaded as Post #20588.
[2026-09-12 15:31:42] Processing Realbooru #935794...
[2026-09-12 15:31:43]   Downloading media for #935794...
[2026-09-12 15:31:47]   Success: Uploaded as Post #20589.
[2026-09-12 15:31:47] Processing Realbooru #935810...
[2026-09-12 15:31:47]   Downloading media for #935810...
[2026-09-12 15:31:51]   Success: Uploaded as Post #20590.
[2026-09-12 15:31:51] Processing Realbooru #935895...
[2026-09-12 15:31:51]   Downloading media for #935895...
[2026-09-12 15:36:31]   Success: Uploaded as Post #20626.
[2026-09-12 15:36:31] Processing Realbooru #935922...
[2026-09-12 15:36:32]   Downloading media for #935922...
[2026-09-12 15:36:35]   Success: Uploaded as Post #20627.
[2026-09-12 15:36:35] Processing Realbooru #935925...
[2026-09-12 15:36:36]   Downloading media for #935925...
[2026-09-12 15:36:41]   Success: Uploaded as Post #20628.
[2026-09-12 15:36:41] Processing Realbooru #935928...
[2026-09-12 15:36:41]   Downloading media for #935928...
[2026-09-12 15:36:45]   Success: Uploaded as Post #20631.
[2026-09-12 15:36:45] Processing Realbooru #935929...
[2026-09-12 15:36:46]   Downloading media for #935929...
[2026-09-12 15:36:51]   Success: Uploaded as Post #20634.
[2026-09-12 15:36:51] Processing Realbooru #935943...
[2026-09-12 15:36:52]   Downloading media for #935943...
[2026-09-12 15:36:54]   Success: Uploaded as Post #20635.
[2026-09-12 15:36:54] Processing Realbooru #935944...
[2026-09-12 15:36:54]   Downloading media for #935944...
[2026-09-12 15:36:57]   Success: Uploaded as Post #20637.
[2026-09-12 15:36:57] Processing Realbooru #935945...
[2026-09-12 15:36:57]   Downloading media for #935945...
[2026-09-12 15:37:00]   Success: Uploaded as Post #20639.
[2026-09-12 15:37:00] Processing Realbooru #935946...
[2026-09-12 15:37:00]   Downloading media for #935946...
[2026-09-12 15:37:02]   Success: Uploaded as Post #20641.
[2026-09-12 15:37:02] Processing Realbooru #935947...
[2026-09-12 15:37:03]   Downloading media for #935947...
[2026-09-12 15:37:05]   Success: Uploaded as Post #20643.
[2026-09-12 15:37:05] Processing Realbooru #935948...
[2026-09-12 15:37:06]   Downloading media for #935948...
[2026-09-12 15:37:08]   Success: Uploaded as Post #20645.
[2026-09-12 15:37:08] Processing Realbooru #935949...
[2026-09-12 15:37:08]   Downloading media for #935949...
[2026-09-12 15:37:10]   Success: Uploaded as Post #20646.
[2026-09-12 15:37:10] Processing Realbooru #935950...
[2026-09-12 15:37:11]   Downloading media for #935950...
[2026-09-12 15:37:13]   Success: Uploaded as Post #20648.
[2026-09-12 15:37:13] Processing Realbooru #935951...
[2026-09-12 15:37:14]   Downloading media for #935951...
[2026-09-12 15:37:16]   Success: Uploaded as Post #20650.
[2026-09-12 15:37:16] Processing Realbooru #935952...
[2026-09-12 15:37:18]   Downloading media for #935952...
[2026-09-12 15:37:20]   Success: Uploaded as Post #20652.
[2026-09-12 15:37:20] Processing Realbooru #935953...
[2026-09-12 15:37:21]   Downloading media for #935953...
[2026-09-12 15:37:24]   Success: Uploaded as Post #20654.
[2026-09-12 15:37:24] Processing Realbooru #935954...
[2026-09-12 15:37:25]   Downloading media for #935954...
[2026-09-12 15:37:27]   Success: Uploaded as Post #20655.
[2026-09-12 15:37:27] Processing Realbooru #935968...
[2026-09-12 15:37:28]   Downloading media for #935968...
[2026-09-12 15:38:54]   Success: Uploaded as Post #20678.
[2026-09-12 15:38:54] Processing Realbooru #935972...
[2026-09-12 15:38:55]   Downloading media for #935972...
[2026-09-12 15:38:59]   Success: Uploaded as Post #20681.
[2026-09-12 15:38:59] Processing Realbooru #935995...
[2026-09-12 15:39:01]   Downloading media for #935995...
[2026-09-12 15:39:04]   Success: Uploaded as Post #20683.
[2026-09-12 15:39:04] Processing Realbooru #936039...
[2026-09-12 15:39:05]   Downloading media for #936039...
[2026-09-12 15:39:10]   Success: Uploaded as Post #20685.
[2026-09-12 15:39:10] Processing Realbooru #936043...
[2026-09-12 15:39:11]   Downloading media for #936043...
[2026-09-12 15:39:15]   Success: Uploaded as Post #20687.
[2026-09-12 15:39:15] Processing Realbooru #936045...
[2026-09-12 15:39:16]   Downloading media for #936045...
[2026-09-12 15:39:21]   Success: Uploaded as Post #20689.
[2026-09-12 15:39:21] Processing Realbooru #936049...
[2026-09-12 15:39:21]   Downloading media for #936049...
[2026-09-12 15:39:23]   Success: Uploaded as Post #20690.
[2026-09-12 15:39:23] Processing Realbooru #936050...
[2026-09-12 15:39:24]   Downloading media for #936050...
[2026-09-12 15:39:27]   Success: Uploaded as Post #20691.
[2026-09-12 15:39:27] Processing Realbooru #936056...
[2026-09-12 15:39:27]   Downloading media for #936056...
[2026-09-12 15:39:31]   Success: Uploaded as Post #20692.
[2026-09-12 15:39:31] Processing Realbooru #936058...
[2026-09-12 15:39:32]   Downloading media for #936058...
[2026-09-12 15:39:36]   Success: Uploaded as Post #20695.
[2026-09-12 15:39:36] Processing Realbooru #936060...
[2026-09-12 15:39:36]   Downloading media for #936060...
[2026-09-12 15:39:39]   Success: Uploaded as Post #20696.
[2026-09-12 15:39:39] Fetching page list (pid=9492)...
[2026-09-12 15:39:40] Processing Realbooru #936062...
[2026-09-12 15:39:41]   Downloading media for #936062...
[2026-09-12 15:39:45]   Success: Uploaded as Post #20698.
[2026-09-12 15:39:45] Processing Realbooru #936064...
[2026-09-12 15:39:45]   Downloading media for #936064...
[2026-09-12 15:39:49]   Success: Uploaded as Post #20700.
[2026-09-12 15:39:49] Processing Realbooru #936066...
[2026-09-12 15:39:50]   Downloading media for #936066...
[2026-09-12 15:39:54]   Success: Uploaded as Post #20703.
[2026-09-12 15:39:54] Processing Realbooru #936068...
[2026-09-12 15:39:55]   Downloading media for #936068...
[2026-09-12 15:39:57]   Success: Uploaded as Post #20704.
[2026-09-12 15:39:57] Processing Realbooru #936069...
[2026-09-12 15:39:58]   Downloading media for #936069...
[2026-09-12 15:40:00]   Success: Uploaded as Post #20706.
[2026-09-12 15:40:00] Processing Realbooru #936070...
[2026-09-12 15:40:01]   Downloading media for #936070...
[2026-09-12 15:40:05]   Success: Uploaded as Post #20708.
[2026-09-12 15:40:05] Processing Realbooru #936074...
[2026-09-12 15:40:05]   Downloading media for #936074...
[2026-09-12 15:40:09]   Success: Uploaded as Post #20710.
[2026-09-12 15:40:09] Processing Realbooru #936077...
[2026-09-12 15:40:10]   Downloading media for #936077...
[2026-09-12 15:40:15]   Success: Uploaded as Post #20713.
[2026-09-12 15:40:15] Processing Realbooru #936086...
[2026-09-12 15:40:15]   Downloading media for #936086...
[2026-09-12 15:40:21]   Success: Uploaded as Post #20714.
[2026-09-12 15:40:21] Processing Realbooru #936169...
[2026-09-12 15:40:22]   Downloading media for #936169...
[2026-09-12 15:40:24]   Success: Uploaded as Post #20715.
[2026-09-12 15:40:24] Processing Realbooru #936170...
[2026-09-12 15:40:25]   Downloading media for #936170...
[2026-09-12 15:40:27]   Success: Uploaded as Post #20717.
[2026-09-12 15:40:27] Processing Realbooru #936172...
[2026-09-12 15:40:27]   Downloading media for #936172...
[2026-09-12 15:40:29]   Success: Uploaded as Post #20718.
[2026-09-12 15:40:29] Processing Realbooru #936173...
[2026-09-12 15:40:30]   Downloading media for #936173...
[2026-09-12 15:40:32]   Success: Uploaded as Post #20720.
[2026-09-12 15:40:32] Processing Realbooru #936206...
[2026-09-12 15:40:32]   Downloading media for #936206...
[2026-09-12 15:40:40]   Success: Uploaded as Post #20724.
[2026-09-12 15:40:40] Processing Realbooru #936216...
[2026-09-12 15:40:41]   Downloading media for #936216...
[2026-09-12 15:40:44]   Success: Uploaded as Post #20726.
[2026-09-12 15:40:44] Processing Realbooru #936217...
[2026-09-12 15:40:45]   Downloading media for #936217...
[2026-09-12 15:40:47]   Success: Uploaded as Post #20728.
[2026-09-12 15:40:47] Processing Realbooru #936219...
[2026-09-12 15:40:48]   Downloading media for #936219...
[2026-09-12 15:40:52]   Success: Uploaded as Post #20731.
[2026-09-12 15:40:52] Processing Realbooru #936220...
[2026-09-12 15:40:53]   Downloading media for #936220...
[2026-09-12 15:40:56]   Success: Uploaded as Post #20733.
[2026-09-12 15:40:56] Processing Realbooru #936221...
[2026-09-12 15:40:57]   Downloading media for #936221...
[2026-09-12 15:41:00]   Success: Uploaded as Post #20735.
[2026-09-12 15:41:00] Processing Realbooru #936222...
[2026-09-12 15:41:00]   Downloading media for #936222...
[2026-09-12 15:41:04]   Success: Uploaded as Post #20736.
[2026-09-12 15:41:04] Processing Realbooru #936224...
[2026-09-12 15:41:04]   Downloading media for #936224...
[2026-09-12 15:41:07]   Success: Uploaded as Post #20737.
[2026-09-12 15:41:07] Processing Realbooru #936225...
[2026-09-12 15:41:08]   Downloading media for #936225...
[2026-09-12 15:41:11]   Success: Uploaded as Post #20738.
[2026-09-12 15:41:11] Processing Realbooru #936226...
[2026-09-12 15:41:12]   Downloading media for #936226...
[2026-09-12 15:41:15]   Success: Uploaded as Post #20740.
[2026-09-12 15:41:15] Processing Realbooru #936227...
[2026-09-12 15:41:15]   Downloading media for #936227...
[2026-09-12 15:41:19]   Success: Uploaded as Post #20742.
[2026-09-12 15:41:19] Processing Realbooru #936230...
[2026-09-12 15:41:19]   Downloading media for #936230...
[2026-09-12 15:41:23]   Success: Uploaded as Post #20744.
[2026-09-12 15:41:23] Processing Realbooru #936231...
[2026-09-12 15:41:23]   Downloading media for #936231...
[2026-09-12 15:41:26]   Success: Uploaded as Post #20746.
[2026-09-12 15:41:26] Processing Realbooru #936232...
[2026-09-12 15:41:27]   Downloading media for #936232...
[2026-09-12 15:41:30]   Success: Uploaded as Post #20748.
[2026-09-12 15:41:30] Processing Realbooru #936233...
[2026-09-12 15:41:31]   Downloading media for #936233...
[2026-09-12 15:41:34]   Success: Uploaded as Post #20750.
[2026-09-12 15:41:34] Processing Realbooru #936234...
[2026-09-12 15:41:35]   Downloading media for #936234...
[2026-09-12 15:41:41]   Success: Uploaded as Post #20753.
[2026-09-12 15:41:41] Processing Realbooru #936235...
[2026-09-12 15:41:42]   Downloading media for #936235...
[2026-09-12 15:41:46]   Success: Uploaded as Post #20755.
[2026-09-12 15:41:46] Processing Realbooru #936236...
[2026-09-12 15:41:46]   Downloading media for #936236...
[2026-09-12 15:41:49]   Success: Uploaded as Post #20757.
[2026-09-12 15:41:49] Processing Realbooru #936237...
[2026-09-12 15:41:50]   Downloading media for #936237...
[2026-09-12 15:41:55]   Success: Uploaded as Post #20758.
[2026-09-12 15:41:55] Processing Realbooru #936238...
[2026-09-12 15:41:55]   Downloading media for #936238...
[2026-09-12 15:41:59]   Success: Uploaded as Post #20759.
[2026-09-12 15:41:59] Processing Realbooru #936239...
[2026-09-12 15:42:00]   Downloading media for #936239...
[2026-09-12 15:42:04]   Success: Uploaded as Post #20760.
[2026-09-12 15:42:04] Processing Realbooru #936240...
[2026-09-12 15:42:04]   Downloading media for #936240...
[2026-09-12 15:42:12]   Success: Uploaded as Post #20762.
[2026-09-12 15:42:12] Processing Realbooru #936241...
[2026-09-12 15:42:13]   Downloading media for #936241...
[2026-09-12 15:42:18]   Success: Uploaded as Post #20764.
[2026-09-12 15:42:18] Processing Realbooru #936295...
[2026-09-12 15:42:19]   Downloading media for #936295...
[2026-09-12 15:42:21]   Success: Uploaded as Post #20766.
[2026-09-12 15:42:21] Processing Realbooru #936296...
[2026-09-12 15:42:22]   Downloading media for #936296...
[2026-09-12 15:42:24]   Success: Uploaded as Post #20768.
[2026-09-12 15:42:24] Processing Realbooru #936297...
[2026-09-12 15:42:24]   Downloading media for #936297...
[2026-09-12 15:42:41]   Success: Uploaded as Post #20771.
[2026-09-12 15:42:41] Processing Realbooru #936334...
[2026-09-12 15:42:42]   Downloading media for #936334...
[2026-09-12 15:43:14]   Success: Uploaded as Post #20776.
[2026-09-12 15:43:14] Processing Realbooru #936336...
[2026-09-12 15:43:15]   Downloading media for #936336...
[2026-09-12 15:43:19]   Success: Uploaded as Post #20778.
[2026-09-12 15:43:19] Processing Realbooru #936337...
[2026-09-12 15:43:20]   Downloading media for #936337...
[2026-09-12 15:43:37]   Success: Uploaded as Post #20783.
[2026-09-12 15:43:37] Fetching page list (pid=9534)...
[2026-09-12 15:43:38] Processing Realbooru #936440...
[2026-09-12 15:43:39]   Downloading media for #936440...
[2026-09-12 15:43:48]   Success: Uploaded as Post #20785.
[2026-09-12 15:43:48] Processing Realbooru #936568...
[2026-09-12 15:43:48]   Downloading media for #936568...
[2026-09-12 15:43:56]   Success: Uploaded as Post #20787.
[2026-09-12 15:43:56] Processing Realbooru #936569...
[2026-09-12 15:43:56]   Downloading media for #936569...
[2026-09-12 15:43:58]   Success: Uploaded as Post #20788.
[2026-09-12 15:43:58] Processing Realbooru #936570...
[2026-09-12 15:43:59]   Downloading media for #936570...
[2026-09-12 15:44:01]   Success: Uploaded as Post #20790.
[2026-09-12 15:44:01] Processing Realbooru #936571...
[2026-09-12 15:44:02]   Downloading media for #936571...
[2026-09-12 15:44:03]   Success: Uploaded as Post #20791.
[2026-09-12 15:44:03] Processing Realbooru #936573...
[2026-09-12 15:44:04]   Downloading media for #936573...
[2026-09-12 15:44:06]   Success: Uploaded as Post #20793.
[2026-09-12 15:44:06] Processing Realbooru #936575...
[2026-09-12 15:44:07]   Downloading media for #936575...
[2026-09-12 15:44:09]   Success: Uploaded as Post #20794.
[2026-09-12 15:44:09] Processing Realbooru #936607...
[2026-09-12 15:44:10]   Downloading media for #936607...
[2026-09-12 15:44:13]   Success: Uploaded as Post #20796.
[2026-09-12 15:44:13] Processing Realbooru #936609...
[2026-09-12 15:44:14]   Downloading media for #936609...
[2026-09-12 15:44:17]   Success: Uploaded as Post #20797.
[2026-09-12 15:44:17] Processing Realbooru #936611...
[2026-09-12 15:44:18]   Downloading media for #936611...
[2026-09-12 15:44:22]   Success: Uploaded as Post #20798.
[2026-09-12 15:44:22] Processing Realbooru #936613...
[2026-09-12 15:44:23]   Downloading media for #936613...
[2026-09-12 15:44:27]   Success: Uploaded as Post #20800.
[2026-09-12 15:44:27] Processing Realbooru #936614...
[2026-09-12 15:44:28]   Downloading media for #936614...
[2026-09-12 15:44:31]   Success: Uploaded as Post #20803.
[2026-09-12 15:44:31] Processing Realbooru #936615...
[2026-09-12 15:44:32]   Downloading media for #936615...
[2026-09-12 15:44:38]   Success: Uploaded as Post #20806.
[2026-09-12 15:44:38] Processing Realbooru #936617...
[2026-09-12 15:44:38]   Downloading media for #936617...
[2026-09-12 15:44:41]   Success: Uploaded as Post #20808.
[2026-09-12 15:44:41] Processing Realbooru #936618...
[2026-09-12 15:44:42]   Downloading media for #936618...
[2026-09-12 15:44:44]   Success: Uploaded as Post #20810.
[2026-09-12 15:44:44] Processing Realbooru #936619...
[2026-09-12 15:44:45]   Downloading media for #936619...
[2026-09-12 15:44:48]   Success: Uploaded as Post #20811.
[2026-09-12 15:44:48] Processing Realbooru #936620...
[2026-09-12 15:44:48]   Downloading media for #936620...
[2026-09-12 15:45:00]   Success: Uploaded as Post #20813.
[2026-09-12 15:45:00] Processing Realbooru #936654...
[2026-09-12 15:45:00]   Downloading media for #936654...
[2026-09-12 15:45:04]   Success: Uploaded as Post #20814.
[2026-09-12 15:45:04] Processing Realbooru #936655...
[2026-09-12 15:45:04]   Downloading media for #936655...
[2026-09-12 15:45:07]   Success: Uploaded as Post #20815.
[2026-09-12 15:45:07] Processing Realbooru #936657...
[2026-09-12 15:45:08]   Downloading media for #936657...
[2026-09-12 15:45:14]   Success: Uploaded as Post #20816.
[2026-09-12 15:45:14] Processing Realbooru #936755...
[2026-09-12 15:45:14]   Downloading media for #936755...
[2026-09-12 15:45:18]   Success: Uploaded as Post #20818.
[2026-09-12 15:45:18] Processing Realbooru #936756...
[2026-09-12 15:45:19]   Downloading media for #936756...
[2026-09-12 15:45:24]   Success: Uploaded as Post #20819.
[2026-09-12 15:45:24] Processing Realbooru #936757...
[2026-09-12 15:45:25]   Downloading media for #936757...
[2026-09-12 15:45:29]   Success: Uploaded as Post #20821.
[2026-09-12 15:45:29] Processing Realbooru #936758...
[2026-09-12 15:45:29]   Downloading media for #936758...
[2026-09-12 15:45:33]   Success: Uploaded as Post #20822.
[2026-09-12 15:45:33] Processing Realbooru #936759...
[2026-09-12 15:45:33]   Downloading media for #936759...
[2026-09-12 15:45:37]   Success: Uploaded as Post #20823.
[2026-09-12 15:45:37] Processing Realbooru #936760...
[2026-09-12 15:45:38]   Downloading media for #936760...
[2026-09-12 15:45:42]   Success: Uploaded as Post #20824.
[2026-09-12 15:45:42] Processing Realbooru #936762...
[2026-09-12 15:45:43]   Downloading media for #936762...
[2026-09-12 15:45:46]   Success: Uploaded as Post #20825.
[2026-09-12 15:45:46] Processing Realbooru #936763...
[2026-09-12 15:45:47]   Downloading media for #936763...
[2026-09-12 15:45:52]   Success: Uploaded as Post #20826.
[2026-09-12 15:45:52] Processing Realbooru #936765...
[2026-09-12 15:45:53]   Downloading media for #936765...
[2026-09-12 15:46:07]   Success: Uploaded as Post #20828.
[2026-09-12 15:46:07] Processing Realbooru #936766...
[2026-09-12 15:46:08]   Downloading media for #936766...
[2026-09-12 15:46:11]   Success: Uploaded as Post #20829.
[2026-09-12 15:46:11] Processing Realbooru #936767...
[2026-09-12 15:46:12]   Downloading media for #936767...
[2026-09-12 15:46:17]   Success: Uploaded as Post #20831.
[2026-09-12 15:46:17] Processing Realbooru #936768...
[2026-09-12 15:46:18]   Downloading media for #936768...
[2026-09-12 15:46:34]   Success: Uploaded as Post #20835.
[2026-09-12 15:46:34] Processing Realbooru #936769...
[2026-09-12 15:46:34]   Downloading media for #936769...
[2026-09-12 15:46:38]   Success: Uploaded as Post #20837.
[2026-09-12 15:46:38] Processing Realbooru #936793...
[2026-09-12 15:46:39]   Downloading media for #936793...
[2026-09-12 15:49:37]   Success: Uploaded as Post #20864.
[2026-09-12 15:49:37] Processing Realbooru #936802...
[2026-09-12 15:49:38]   Downloading media for #936802...
[2026-09-12 15:50:17]   Success: Uploaded as Post #20872.
[2026-09-12 15:50:17] Processing Realbooru #936862...
[2026-09-12 15:50:18]   Downloading media for #936862...
[2026-09-12 15:50:20]   Success: Uploaded as Post #20873.
[2026-09-12 15:50:20] Processing Realbooru #936867...
[2026-09-12 15:50:21]   Downloading media for #936867...
[2026-09-12 15:51:51]   Success: Uploaded as Post #20886.
[2026-09-12 15:51:51] Processing Realbooru #936975...
[2026-09-12 15:51:53]   Downloading media for #936975...
[2026-09-12 15:52:00]   Success: Uploaded as Post #20890.
[2026-09-12 15:52:00] Processing Realbooru #937041...
[2026-09-12 15:52:01]   Downloading media for #937041...
[2026-09-12 15:52:03]   Success: Uploaded as Post #20891.
[2026-09-12 15:52:03] Processing Realbooru #937042...
[2026-09-12 15:52:03]   Downloading media for #937042...
[2026-09-12 15:52:05]   Success: Uploaded as Post #20892.
[2026-09-12 15:52:05] Processing Realbooru #937052...
[2026-09-12 15:52:06]   Downloading media for #937052...
[2026-09-12 15:52:09]   Success: Uploaded as Post #20894.
[2026-09-12 15:52:09] Processing Realbooru #937053...
[2026-09-12 15:52:10]   Downloading media for #937053...
[2026-09-12 15:52:16]   Success: Uploaded as Post #20895.
[2026-09-12 15:52:16] Fetching page list (pid=9576)...
[2026-09-12 15:52:17] Processing Realbooru #937054...
[2026-09-12 15:52:18]   Downloading media for #937054...
[2026-09-12 15:52:22]   Success: Uploaded as Post #20898.
[2026-09-12 15:52:22] Processing Realbooru #937055...
[2026-09-12 15:52:23]   Downloading media for #937055...
[2026-09-12 15:52:28]   Success: Uploaded as Post #20899.
[2026-09-12 15:52:28] Processing Realbooru #937058...
[2026-09-12 15:52:28]   Downloading media for #937058...
[2026-09-12 15:52:32]   Success: Uploaded as Post #20901.
[2026-09-12 15:52:32] Processing Realbooru #937084...
[2026-09-12 15:52:33]   Downloading media for #937084...
[2026-09-12 15:52:41]   Success: Uploaded as Post #20902.
[2026-09-12 15:52:41] Processing Realbooru #937085...
[2026-09-12 15:52:42]   Downloading media for #937085...
[2026-09-12 15:52:51]   Success: Uploaded as Post #20904.
[2026-09-12 15:52:51] Processing Realbooru #937206...
[2026-09-12 15:52:52]   Downloading media for #937206...
[2026-09-12 15:52:56]   Success: Uploaded as Post #20905.
[2026-09-12 15:52:56] Processing Realbooru #937208...
[2026-09-12 15:52:57]   Downloading media for #937208...
[2026-09-12 15:52:59]   Success: Uploaded as Post #20907.
[2026-09-12 15:52:59] Processing Realbooru #937209...
[2026-09-12 15:53:00]   Downloading media for #937209...
[2026-09-12 15:53:03]   Success: Uploaded as Post #20908.
[2026-09-12 15:53:03] Processing Realbooru #937210...
[2026-09-12 15:53:03]   Downloading media for #937210...
[2026-09-12 15:53:08]   Success: Uploaded as Post #20909.
[2026-09-12 15:53:08] Processing Realbooru #937212...
[2026-09-12 15:53:08]   Downloading media for #937212...
[2026-09-12 15:53:12]   Success: Uploaded as Post #20910.
[2026-09-12 15:53:12] Processing Realbooru #937213...
[2026-09-12 15:53:13]   Downloading media for #937213...
[2026-09-12 15:53:17]   Success: Uploaded as Post #20911.
[2026-09-12 15:53:17] Processing Realbooru #937214...
[2026-09-12 15:53:17]   Downloading media for #937214...
[2026-09-12 15:53:22]   Success: Uploaded as Post #20912.
[2026-09-12 15:53:22] Processing Realbooru #937221...
[2026-09-12 15:53:23]   Downloading media for #937221...
[2026-09-12 15:53:27]   Success: Uploaded as Post #20913.
[2026-09-12 15:53:27] Processing Realbooru #937222...
[2026-09-12 15:53:28]   Downloading media for #937222...
[2026-09-12 15:53:31]   Success: Uploaded as Post #20914.
[2026-09-12 15:53:31] Processing Realbooru #937223...
[2026-09-12 15:53:31]   Downloading media for #937223...
[2026-09-12 15:53:35]   Success: Uploaded as Post #20915.
[2026-09-12 15:53:35] Processing Realbooru #937224...
[2026-09-12 15:53:36]   Downloading media for #937224...
[2026-09-12 15:53:39]   Success: Uploaded as Post #20916.
[2026-09-12 15:53:39] Processing Realbooru #937225...
[2026-09-12 15:53:40]   Downloading media for #937225...
[2026-09-12 15:53:44]   Success: Uploaded as Post #20917.
[2026-09-12 15:53:44] Processing Realbooru #937226...
[2026-09-12 15:53:45]   Downloading media for #937226...
[2026-09-12 15:53:49]   Success: Uploaded as Post #20918.
[2026-09-12 15:53:49] Processing Realbooru #937227...
[2026-09-12 15:53:50]   Downloading media for #937227...
[2026-09-12 15:53:54]   Success: Uploaded as Post #20919.
[2026-09-12 15:53:54] Processing Realbooru #937228...
[2026-09-12 15:53:55]   Downloading media for #937228...
[2026-09-12 15:54:01]   Success: Uploaded as Post #20920.
[2026-09-12 15:54:01] Processing Realbooru #937229...
[2026-09-12 15:54:02]   Downloading media for #937229...
[2026-09-12 15:54:06]   Success: Uploaded as Post #20921.
[2026-09-12 15:54:06] Processing Realbooru #937230...
[2026-09-12 15:54:07]   Downloading media for #937230...
[2026-09-12 15:54:11]   Success: Uploaded as Post #20922.
[2026-09-12 15:54:11] Processing Realbooru #937231...
[2026-09-12 15:54:11]   Downloading media for #937231...
[2026-09-12 15:54:16]   Success: Uploaded as Post #20923.
[2026-09-12 15:54:16] Processing Realbooru #937232...
[2026-09-12 15:54:16]   Downloading media for #937232...
[2026-09-12 15:54:20]   Success: Uploaded as Post #20924.
[2026-09-12 15:54:20] Processing Realbooru #937233...
[2026-09-12 15:54:20]   Downloading media for #937233...
[2026-09-12 15:54:23]   Success: Uploaded as Post #20925.
[2026-09-12 15:54:23] Processing Realbooru #937234...
[2026-09-12 15:54:24]   Downloading media for #937234...
[2026-09-12 15:54:28]   Success: Uploaded as Post #20926.
[2026-09-12 15:54:28] Processing Realbooru #937235...
[2026-09-12 15:54:28]   Downloading media for #937235...
[2026-09-12 15:54:31]   Success: Uploaded as Post #20928.
[2026-09-12 15:54:31] Processing Realbooru #937236...
[2026-09-12 15:54:32]   Downloading media for #937236...
[2026-09-12 15:54:36]   Success: Uploaded as Post #20929.
[2026-09-12 15:54:36] Processing Realbooru #937237...
[2026-09-12 15:54:37]   Downloading media for #937237...
[2026-09-12 15:54:40]   Success: Uploaded as Post #20930.
[2026-09-12 15:54:40] Processing Realbooru #937238...
[2026-09-12 15:54:40]   Downloading media for #937238...
[2026-09-12 15:54:49]   Success: Uploaded as Post #20931.
[2026-09-12 15:54:49] Processing Realbooru #937239...
[2026-09-12 15:54:50]   Downloading media for #937239...
[2026-09-12 15:54:54]   Success: Uploaded as Post #20932.
[2026-09-12 15:54:54] Processing Realbooru #937240...
[2026-09-12 15:54:55]   Downloading media for #937240...
[2026-09-12 15:54:59]   Success: Uploaded as Post #20933.
[2026-09-12 15:54:59] Processing Realbooru #937241...
[2026-09-12 15:54:59]   Downloading media for #937241...
[2026-09-12 15:55:02]   Success: Uploaded as Post #20934.
[2026-09-12 15:55:02] Processing Realbooru #937242...
[2026-09-12 15:55:03]   Downloading media for #937242...
[2026-09-12 15:55:06]   Success: Uploaded as Post #20935.
[2026-09-12 15:55:06] Processing Realbooru #937243...
[2026-09-12 15:55:07]   Downloading media for #937243...
[2026-09-12 15:55:10]   Success: Uploaded as Post #20936.
[2026-09-12 15:55:10] Processing Realbooru #937323...
[2026-09-12 15:55:11]   Downloading media for #937323...
[2026-09-12 15:55:15]   Success: Uploaded as Post #20937.
[2026-09-12 15:55:15] Processing Realbooru #937387...
[2026-09-12 15:55:16]   Downloading media for #937387...
[2026-09-12 15:55:19]   Success: Uploaded as Post #20938.
[2026-09-12 15:55:19] Processing Realbooru #937388...
[2026-09-12 15:55:20]   Downloading media for #937388...
[2026-09-12 15:55:24]   Success: Uploaded as Post #20939.
[2026-09-12 15:55:24] Processing Realbooru #937558...
[2026-09-12 15:55:25]   Downloading media for #937558...
[2026-09-12 15:55:28]   Success: Uploaded as Post #20940.
[2026-09-12 15:55:28] Processing Realbooru #937559...
[2026-09-12 15:55:29]   Downloading media for #937559...
[2026-09-12 15:55:34]   Success: Uploaded as Post #20941.
[2026-09-12 15:55:34] Processing Realbooru #937560...
[2026-09-12 15:55:35]   Downloading media for #937560...
[2026-09-12 15:55:38]   Success: Uploaded as Post #20942.
[2026-09-12 15:55:38] Processing Realbooru #937583...
[2026-09-12 15:55:39]   Downloading media for #937583...
[2026-09-12 15:55:42]   Success: Uploaded as Post #20943.
[2026-09-12 15:55:42] Fetching page list (pid=9618)...
[2026-09-12 15:55:43] Processing Realbooru #937584...
[2026-09-12 15:55:44]   Downloading media for #937584...
[2026-09-12 15:55:47]   Success: Uploaded as Post #20944.
[2026-09-12 15:55:47] Processing Realbooru #937585...
[2026-09-12 15:55:48]   Downloading media for #937585...
[2026-09-12 15:55:51]   Success: Uploaded as Post #20945.
[2026-09-12 15:55:51] Processing Realbooru #937586...
[2026-09-12 15:55:51]   Downloading media for #937586...
[2026-09-12 15:55:56]   Success: Uploaded as Post #20946.
[2026-09-12 15:55:56] Processing Realbooru #937587...
[2026-09-12 15:55:57]   Downloading media for #937587...
[2026-09-12 15:56:00]   Success: Uploaded as Post #20947.
[2026-09-12 15:56:00] Processing Realbooru #937688...
[2026-09-12 15:56:01]   Downloading media for #937688...
[2026-09-12 15:56:20]   Success: Uploaded as Post #20948.
[2026-09-12 15:56:20] Processing Realbooru #937689...
[2026-09-12 15:56:20]   Downloading media for #937689...
[2026-09-12 15:56:40]   Success: Uploaded as Post #20951.
[2026-09-12 15:56:40] Processing Realbooru #937784...
[2026-09-12 15:56:41]   Downloading media for #937784...
[2026-09-12 15:56:45]   Success: Uploaded as Post #20954.
[2026-09-12 15:56:45] Processing Realbooru #937785...
[2026-09-12 15:56:46]   Downloading media for #937785...
[2026-09-12 15:56:49]   Success: Uploaded as Post #20956.
[2026-09-12 15:56:49] Processing Realbooru #937786...
[2026-09-12 15:56:49]   Downloading media for #937786...
[2026-09-12 15:56:55]   Success: Uploaded as Post #20958.
[2026-09-12 15:56:55] Processing Realbooru #937801...
[2026-09-12 15:56:56]   Downloading media for #937801...
[2026-09-12 15:56:59]   Success: Uploaded as Post #20959.
[2026-09-12 15:56:59] Processing Realbooru #937802...
[2026-09-12 15:57:00]   Downloading media for #937802...
[2026-09-12 15:57:03]   Success: Uploaded as Post #20960.
[2026-09-12 15:57:03] Processing Realbooru #937837...
[2026-09-12 15:57:04]   Downloading media for #937837...
[2026-09-12 15:57:07]   Success: Uploaded as Post #20961.
[2026-09-12 15:57:07] Processing Realbooru #937841...
[2026-09-12 15:57:08]   Downloading media for #937841...
[2026-09-12 15:57:11]   Success: Uploaded as Post #20962.
[2026-09-12 15:57:11] Processing Realbooru #937842...
[2026-09-12 15:57:12]   Downloading media for #937842...
[2026-09-12 15:57:17]   Success: Uploaded as Post #20963.
[2026-09-12 15:57:17] Processing Realbooru #937843...
[2026-09-12 15:57:18]   Downloading media for #937843...
[2026-09-12 15:57:21]   Success: Uploaded as Post #20964.
[2026-09-12 15:57:21] Processing Realbooru #937862...
[2026-09-12 15:57:22]   Downloading media for #937862...
[2026-09-12 15:57:29]   Success: Uploaded as Post #20965.
[2026-09-12 15:57:29] Processing Realbooru #937864...
[2026-09-12 15:57:29]   Downloading media for #937864...
[2026-09-12 15:57:33]   Success: Uploaded as Post #20966.
[2026-09-12 15:57:33] Processing Realbooru #937866...
[2026-09-12 15:57:34]   Downloading media for #937866...
[2026-09-12 15:57:38]   Success: Uploaded as Post #20967.
[2026-09-12 15:57:38] Processing Realbooru #937868...
[2026-09-12 15:57:38]   Downloading media for #937868...
[2026-09-12 15:58:39]   Success: Uploaded as Post #20970.
[2026-09-12 15:58:39] Processing Realbooru #937869...
[2026-09-12 15:58:40]   Downloading media for #937869...
[2026-09-12 15:59:33]   Success: Uploaded as Post #20971.
[2026-09-12 15:59:33] Processing Realbooru #937933...
[2026-09-12 15:59:34]   Downloading media for #937933...
[2026-09-12 15:59:37]   Success: Uploaded as Post #20972.
[2026-09-12 15:59:37] Processing Realbooru #937938...
[2026-09-12 15:59:38]   Downloading media for #937938...
[2026-09-12 15:59:42]   Success: Uploaded as Post #20973.
[2026-09-12 15:59:42] Processing Realbooru #937941...
[2026-09-12 15:59:43]   Downloading media for #937941...
[2026-09-12 15:59:47]   Success: Uploaded as Post #20974.
[2026-09-12 15:59:47] Processing Realbooru #937956...
[2026-09-12 15:59:47]   Downloading media for #937956...
[2026-09-12 15:59:52]   Success: Uploaded as Post #20975.
[2026-09-12 15:59:52] Processing Realbooru #937957...
[2026-09-12 15:59:52]   Downloading media for #937957...
[2026-09-12 15:59:56]   Success: Uploaded as Post #20977.
[2026-09-12 15:59:56] Processing Realbooru #937958...
[2026-09-12 15:59:57]   Downloading media for #937958...
[2026-09-12 16:00:00]   Success: Uploaded as Post #20979.
[2026-09-12 16:00:00] Processing Realbooru #937962...
[2026-09-12 16:00:00]   Downloading media for #937962...
[2026-09-12 16:00:04]   Success: Uploaded as Post #20981.
[2026-09-12 16:00:04] Processing Realbooru #937968...
[2026-09-12 16:00:05]   Downloading media for #937968...
[2026-09-12 16:00:12]   Success: Uploaded as Post #20983.
[2026-09-12 16:00:12] Processing Realbooru #938015...
[2026-09-12 16:00:13]   Downloading media for #938015...
[2026-09-12 16:01:17]   Success: Uploaded as Post #20984.
[2026-09-12 16:01:17] Processing Realbooru #938016...
[2026-09-12 16:01:18]   Downloading media for #938016...
[2026-09-12 16:01:36]   Success: Uploaded as Post #20986.
[2026-09-12 16:01:36] Processing Realbooru #938017...
[2026-09-12 16:01:36]   Downloading media for #938017...
[2026-09-12 16:02:17]   Success: Uploaded as Post #20987.
[2026-09-12 16:02:17] Processing Realbooru #938018...
[2026-09-12 16:02:18]   Downloading media for #938018...
[2026-09-12 16:02:56]   Success: Uploaded as Post #20989.
[2026-09-12 16:02:56] Processing Realbooru #938019...
[2026-09-12 16:02:56]   Downloading media for #938019...
[2026-09-12 16:03:08]   Success: Uploaded as Post #20991.
[2026-09-12 16:03:08] Processing Realbooru #938020...
[2026-09-12 16:03:09]   Downloading media for #938020...
[2026-09-12 16:03:15]   Success: Uploaded as Post #20992.
[2026-09-12 16:03:15] Processing Realbooru #938110...
[2026-09-12 16:03:15]   Downloading media for #938110...
[2026-09-12 16:03:19]   Success: Uploaded as Post #20993.
[2026-09-12 16:03:19] Processing Realbooru #938159...
[2026-09-12 16:03:20]   Downloading media for #938159...
[2026-09-12 16:03:22]   Success: Uploaded as Post #20994.
[2026-09-12 16:03:22] Processing Realbooru #938160...
[2026-09-12 16:03:23]   Downloading media for #938160...
[2026-09-12 16:03:26]   Success: Uploaded as Post #20995.
[2026-09-12 16:03:26] Processing Realbooru #938161...
[2026-09-12 16:03:27]   Downloading media for #938161...
[2026-09-12 16:03:30]   Success: Uploaded as Post #20996.
[2026-09-12 16:03:30] Processing Realbooru #938162...
[2026-09-12 16:03:31]   Downloading media for #938162...
[2026-09-12 16:03:34]   Success: Uploaded as Post #20997.
[2026-09-12 16:03:34] Processing Realbooru #938163...
[2026-09-12 16:03:35]   Downloading media for #938163...
[2026-09-12 16:03:38]   Success: Uploaded as Post #20998.
[2026-09-12 16:03:38] Processing Realbooru #938164...
[2026-09-12 16:03:39]   Downloading media for #938164...
[2026-09-12 16:03:41]   Success: Uploaded as Post #20999.
[2026-09-12 16:03:41] Processing Realbooru #938165...
[2026-09-12 16:03:42]   Downloading media for #938165...
[2026-09-12 16:03:45]   Success: Uploaded as Post #21000.
[2026-09-12 16:03:45] Fetching page list (pid=9660)...
[2026-09-12 16:03:46] Processing Realbooru #938166...
[2026-09-12 16:03:46]   Downloading media for #938166...
[2026-09-12 16:05:35]   Success: Uploaded as Post #21004.
[2026-09-12 16:05:35] Processing Realbooru #938167...
[2026-09-12 16:05:35]   Downloading media for #938167...
[2026-09-12 16:05:40]   Success: Uploaded as Post #21005.
[2026-09-12 16:05:40] Processing Realbooru #938168...
[2026-09-12 16:05:40]   Downloading media for #938168...
[2026-09-12 16:05:43]   Success: Uploaded as Post #21006.
[2026-09-12 16:05:43] Processing Realbooru #938169...
[2026-09-12 16:05:44]   Downloading media for #938169...
[2026-09-12 16:05:46]   Success: Uploaded as Post #21007.
[2026-09-12 16:05:46] Processing Realbooru #938170...
[2026-09-12 16:05:47]   Downloading media for #938170...
[2026-09-12 16:05:50]   Success: Uploaded as Post #21008.
[2026-09-12 16:05:50] Processing Realbooru #938171...
[2026-09-12 16:05:51]   Downloading media for #938171...
[2026-09-12 16:05:54]   Success: Uploaded as Post #21009.
[2026-09-12 16:05:54] Processing Realbooru #938172...
[2026-09-12 16:05:54]   Downloading media for #938172...
[2026-09-12 16:05:58]   Success: Uploaded as Post #21010.
[2026-09-12 16:05:58] Processing Realbooru #938173...
[2026-09-12 16:05:58]   Downloading media for #938173...
[2026-09-12 16:06:01]   Success: Uploaded as Post #21011.
[2026-09-12 16:06:01] Processing Realbooru #938174...
[2026-09-12 16:06:01]   Downloading media for #938174...
[2026-09-12 16:06:04]   Success: Uploaded as Post #21012.
[2026-09-12 16:06:04] Processing Realbooru #938175...
[2026-09-12 16:06:05]   Downloading media for #938175...
[2026-09-12 16:09:49]   Success: Uploaded as Post #21015.
[2026-09-12 16:09:49] Processing Realbooru #938176...
[2026-09-12 16:09:50]   Downloading media for #938176...
